[0.007s][info][gc,heap] Heap region size: 2M
[0.010s][info][gc     ] Using G1
[0.010s][info][gc,heap,coops] Heap address: 0x00000004f1c00000, size: 12516 MB, Compressed Oops mode: Zero based, Oop shift amount: 3
[0.446s][info][gc,start     ] GC(0) Pause Young (Normal) (G1 Evacuation Pause)
[0.447s][info][gc,task      ] GC(0) Using 8 workers of 8 for evacuation
[0.455s][info][gc,phases    ] GC(0)   Pre Evacuate Collection Set: 0.0ms
[0.456s][info][gc,phases    ] GC(0)   Evacuate Collection Set: 7.3ms
[0.456s][info][gc,phases    ] GC(0)   Post Evacuate Collection Set: 0.9ms
[0.456s][info][gc,phases    ] GC(0)   Other: 1.5ms
[0.456s][info][gc,heap      ] GC(0) Eden regions: 12->0(82)
[0.457s][info][gc,heap      ] GC(0) Survivor regions: 0->2(2)
[0.457s][info][gc,heap      ] GC(0) Old regions: 0->2
[0.457s][info][gc,heap      ] GC(0) Humongous regions: 0->0
[0.457s][info][gc,metaspace ] GC(0) Metaspace: 20279K->20279K(1069056K)
[0.457s][info][gc           ] GC(0) Pause Young (Normal) (G1 Evacuation Pause) 24M->6M(280M) 11.734ms
[0.457s][info][gc,cpu       ] GC(0) User=0.06s Sys=0.00s Real=0.02s
[0.466s][info][gc,start     ] GC(1) Pause Young (Concurrent Start) (Metadata GC Threshold)
[0.466s][info][gc,task      ] GC(1) Using 8 workers of 8 for evacuation
[0.468s][info][gc,phases    ] GC(1)   Pre Evacuate Collection Set: 0.0ms
[0.469s][info][gc,phases    ] GC(1)   Evacuate Collection Set: 1.7ms
[0.469s][info][gc,phases    ] GC(1)   Post Evacuate Collection Set: 0.4ms
[0.469s][info][gc,phases    ] GC(1)   Other: 0.6ms
[0.469s][info][gc,heap      ] GC(1) Eden regions: 2->0(19)
[0.469s][info][gc,heap      ] GC(1) Survivor regions: 2->2(11)
[0.470s][info][gc,heap      ] GC(1) Old regions: 2->2
[0.470s][info][gc,heap      ] GC(1) Humongous regions: 0->0
[0.470s][info][gc,metaspace ] GC(1) Metaspace: 20683K->20683K(1069056K)
[0.470s][info][gc           ] GC(1) Pause Young (Concurrent Start) (Metadata GC Threshold) 10M->6M(280M) 4.386ms
[0.470s][info][gc,cpu       ] GC(1) User=0.01s Sys=0.00s Real=0.01s
[0.470s][info][gc           ] GC(2) Concurrent Cycle
[0.471s][info][gc,marking   ] GC(2) Concurrent Clear Claimed Marks
[0.471s][info][gc,marking   ] GC(2) Concurrent Clear Claimed Marks 0.418ms
[0.472s][info][gc,marking   ] GC(2) Concurrent Scan Root Regions
[0.473s][info][gc,marking   ] GC(2) Concurrent Scan Root Regions 1.501ms
[0.474s][info][gc,marking   ] GC(2) Concurrent Mark (0.474s)
[0.474s][info][gc,marking   ] GC(2) Concurrent Mark From Roots
[0.474s][info][gc,task      ] GC(2) Using 2 workers of 2 for marking
[0.475s][info][gc,marking   ] GC(2) Concurrent Mark From Roots 1.716ms
[0.476s][info][gc,marking   ] GC(2) Concurrent Preclean
[0.476s][info][gc,marking   ] GC(2) Concurrent Preclean 0.204ms
[0.477s][info][gc,marking   ] GC(2) Concurrent Mark (0.474s, 0.477s) 3.223ms
[0.478s][info][gc,start     ] GC(2) Pause Remark
[0.480s][info][gc,stringtable] GC(2) Cleaned string and symbol table, strings: 7312 processed, 0 removed, symbols: 73709 processed, 34 removed
[0.481s][info][gc            ] GC(2) Pause Remark 8M->8M(280M) 2.789ms
[0.481s][info][gc,cpu        ] GC(2) User=0.01s Sys=0.00s Real=0.00s
[0.481s][info][gc,marking    ] GC(2) Concurrent Rebuild Remembered Sets
[0.483s][info][gc,marking    ] GC(2) Concurrent Rebuild Remembered Sets 1.769ms
[0.486s][info][gc,start      ] GC(2) Pause Cleanup
[0.486s][info][gc            ] GC(2) Pause Cleanup 8M->8M(280M) 0.373ms
[0.486s][info][gc,cpu        ] GC(2) User=0.00s Sys=0.00s Real=0.00s
[0.486s][info][gc,marking    ] GC(2) Concurrent Cleanup for Next Mark
[0.490s][info][gc,marking    ] GC(2) Concurrent Cleanup for Next Mark 3.488ms
[0.490s][info][gc            ] GC(2) Concurrent Cycle 19.902ms
[0.829s][info][gc,start      ] GC(3) Pause Young (Concurrent Start) (G1 Evacuation Pause)
[0.829s][info][gc,task       ] GC(3) Using 8 workers of 8 for evacuation
[0.849s][info][gc,phases     ] GC(3)   Pre Evacuate Collection Set: 0.1ms
[0.849s][info][gc,phases     ] GC(3)   Evacuate Collection Set: 18.1ms
[0.849s][info][gc,phases     ] GC(3)   Post Evacuate Collection Set: 1.1ms
[0.849s][info][gc,phases     ] GC(3)   Other: 0.8ms
[0.850s][info][gc,heap       ] GC(3) Eden regions: 16->0(22)
[0.850s][info][gc,heap       ] GC(3) Survivor regions: 2->3(3)
[0.850s][info][gc,heap       ] GC(3) Old regions: 2->5
[0.850s][info][gc,heap       ] GC(3) Humongous regions: 0->0
[0.850s][info][gc,metaspace  ] GC(3) Metaspace: 31134K->31134K(1077248K)
[0.850s][info][gc            ] GC(3) Pause Young (Concurrent Start) (G1 Evacuation Pause) 38M->15M(280M) 21.176ms
[0.850s][info][gc,cpu        ] GC(3) User=0.10s Sys=0.00s Real=0.02s
[0.851s][info][gc            ] GC(4) Concurrent Cycle
[0.851s][info][gc,marking    ] GC(4) Concurrent Clear Claimed Marks
[0.851s][info][gc,marking    ] GC(4) Concurrent Clear Claimed Marks 0.219ms
[0.851s][info][gc,marking    ] GC(4) Concurrent Scan Root Regions
[0.853s][info][gc,marking    ] GC(4) Concurrent Scan Root Regions 2.195ms
[0.854s][info][gc,marking    ] GC(4) Concurrent Mark (0.854s)
[0.854s][info][gc,marking    ] GC(4) Concurrent Mark From Roots
[0.855s][info][gc,task       ] GC(4) Using 2 workers of 2 for marking
[0.865s][info][gc,marking    ] GC(4) Concurrent Mark From Roots 10.197ms
[0.865s][info][gc,marking    ] GC(4) Concurrent Preclean
[0.865s][info][gc,marking    ] GC(4) Concurrent Preclean 0.269ms
[0.866s][info][gc,marking    ] GC(4) Concurrent Mark (0.854s, 0.866s) 11.887ms
[0.867s][info][gc,start      ] GC(4) Pause Remark
[0.874s][info][gc,stringtable] GC(4) Cleaned string and symbol table, strings: 12624 processed, 0 removed, symbols: 105128 processed, 58 removed
[0.874s][info][gc            ] GC(4) Pause Remark 18M->18M(280M) 7.334ms
[0.874s][info][gc,cpu        ] GC(4) User=0.03s Sys=0.00s Real=0.00s
[0.875s][info][gc,marking    ] GC(4) Concurrent Rebuild Remembered Sets
[0.882s][info][gc,marking    ] GC(4) Concurrent Rebuild Remembered Sets 7.482ms
[0.885s][info][gc,start      ] GC(4) Pause Cleanup
[0.885s][info][gc            ] GC(4) Pause Cleanup 18M->18M(280M) 0.406ms
[0.885s][info][gc,cpu        ] GC(4) User=0.00s Sys=0.00s Real=0.00s
[0.886s][info][gc,marking    ] GC(4) Concurrent Cleanup for Next Mark
[0.892s][info][gc,marking    ] GC(4) Concurrent Cleanup for Next Mark 6.683ms
[0.892s][info][gc            ] GC(4) Concurrent Cycle 41.848ms
[1.121s][info][gc,start      ] GC(5) Pause Young (Normal) (G1 Evacuation Pause)
[1.121s][info][gc,task       ] GC(5) Using 8 workers of 8 for evacuation
[1.132s][info][gc,phases     ] GC(5)   Pre Evacuate Collection Set: 0.0ms
[1.132s][info][gc,phases     ] GC(5)   Evacuate Collection Set: 8.3ms
[1.132s][info][gc,phases     ] GC(5)   Post Evacuate Collection Set: 2.1ms
[1.132s][info][gc,phases     ] GC(5)   Other: 0.7ms
[1.133s][info][gc,heap       ] GC(5) Eden regions: 15->0(28)
[1.133s][info][gc,heap       ] GC(5) Survivor regions: 3->3(3)
[1.133s][info][gc,heap       ] GC(5) Old regions: 5->9
[1.133s][info][gc,heap       ] GC(5) Humongous regions: 0->0
[1.133s][info][gc,metaspace  ] GC(5) Metaspace: 43775K->43775K(1089536K)
[1.133s][info][gc            ] GC(5) Pause Young (Normal) (G1 Evacuation Pause) 45M->22M(280M) 12.702ms
[1.134s][info][gc,cpu        ] GC(5) User=0.07s Sys=0.00s Real=0.01s
[1.457s][info][gc,start      ] GC(6) Pause Young (Concurrent Start) (Metadata GC Threshold)
[1.458s][info][gc,task       ] GC(6) Using 8 workers of 8 for evacuation
[1.468s][info][gc,phases     ] GC(6)   Pre Evacuate Collection Set: 0.2ms
[1.468s][info][gc,phases     ] GC(6)   Evacuate Collection Set: 7.4ms
[1.469s][info][gc,phases     ] GC(6)   Post Evacuate Collection Set: 2.5ms
[1.469s][info][gc,phases     ] GC(6)   Other: 0.6ms
[1.469s][info][gc,heap       ] GC(6) Eden regions: 21->0(37)
[1.469s][info][gc,heap       ] GC(6) Survivor regions: 3->3(4)
[1.469s][info][gc,heap       ] GC(6) Old regions: 9->11
[1.469s][info][gc,heap       ] GC(6) Humongous regions: 0->0
[1.470s][info][gc,metaspace  ] GC(6) Metaspace: 53782K->53782K(1099776K)
[1.470s][info][gc            ] GC(6) Pause Young (Concurrent Start) (Metadata GC Threshold) 64M->26M(420M) 12.359ms
[1.470s][info][gc,cpu        ] GC(6) User=0.05s Sys=0.01s Real=0.01s
[1.470s][info][gc            ] GC(7) Concurrent Cycle
[1.471s][info][gc,marking    ] GC(7) Concurrent Clear Claimed Marks
[1.472s][info][gc,marking    ] GC(7) Concurrent Clear Claimed Marks 0.930ms
[1.473s][info][gc,marking    ] GC(7) Concurrent Scan Root Regions
[1.475s][info][gc,marking    ] GC(7) Concurrent Scan Root Regions 2.377ms
[1.476s][info][gc,marking    ] GC(7) Concurrent Mark (1.476s)
[1.476s][info][gc,marking    ] GC(7) Concurrent Mark From Roots
[1.476s][info][gc,task       ] GC(7) Using 2 workers of 2 for marking
[1.497s][info][gc,marking    ] GC(7) Concurrent Mark From Roots 20.945ms
[1.497s][info][gc,marking    ] GC(7) Concurrent Preclean
[1.497s][info][gc,marking    ] GC(7) Concurrent Preclean 0.242ms
[1.497s][info][gc,marking    ] GC(7) Concurrent Mark (1.476s, 1.497s) 21.911ms
[1.498s][info][gc,start      ] GC(7) Pause Remark
[1.503s][info][gc,stringtable] GC(7) Cleaned string and symbol table, strings: 21047 processed, 284 removed, symbols: 165807 processed, 74 removed
[1.504s][info][gc            ] GC(7) Pause Remark 29M->29M(420M) 6.057ms
[1.504s][info][gc,cpu        ] GC(7) User=0.02s Sys=0.00s Real=0.00s
[1.505s][info][gc,marking    ] GC(7) Concurrent Rebuild Remembered Sets
[1.517s][info][gc,marking    ] GC(7) Concurrent Rebuild Remembered Sets 12.323ms
[1.518s][info][gc,start      ] GC(7) Pause Cleanup
[1.518s][info][gc            ] GC(7) Pause Cleanup 30M->30M(420M) 0.459ms
[1.518s][info][gc,cpu        ] GC(7) User=0.00s Sys=0.00s Real=0.00s
[1.519s][info][gc,marking    ] GC(7) Concurrent Cleanup for Next Mark
[1.519s][info][gc,marking    ] GC(7) Concurrent Cleanup for Next Mark 0.928ms
[1.520s][info][gc            ] GC(7) Concurrent Cycle 49.678ms
[2.722s][info][gc,start      ] GC(8) Pause Young (Concurrent Start) (G1 Evacuation Pause)
[2.722s][info][gc,task       ] GC(8) Using 8 workers of 8 for evacuation
[2.747s][info][gc,phases     ] GC(8)   Pre Evacuate Collection Set: 0.3ms
[2.747s][info][gc,phases     ] GC(8)   Evacuate Collection Set: 21.0ms
[2.747s][info][gc,phases     ] GC(8)   Post Evacuate Collection Set: 2.9ms
[2.748s][info][gc,phases     ] GC(8)   Other: 0.6ms
[2.748s][info][gc,heap       ] GC(8) Eden regions: 37->0(57)
[2.748s][info][gc,heap       ] GC(8) Survivor regions: 3->5(5)
[2.748s][info][gc,heap       ] GC(8) Old regions: 11->15
[2.748s][info][gc,heap       ] GC(8) Humongous regions: 6->6
[2.748s][info][gc,metaspace  ] GC(8) Metaspace: 80404K->80404K(1122304K)
[2.749s][info][gc            ] GC(8) Pause Young (Concurrent Start) (G1 Evacuation Pause) 112M->50M(420M) 26.627ms
[2.749s][info][gc,cpu        ] GC(8) User=0.15s Sys=0.02s Real=0.03s
[2.749s][info][gc            ] GC(9) Concurrent Cycle
[2.749s][info][gc,marking    ] GC(9) Concurrent Clear Claimed Marks
[2.750s][info][gc,marking    ] GC(9) Concurrent Clear Claimed Marks 0.363ms
[2.750s][info][gc,marking    ] GC(9) Concurrent Scan Root Regions
[2.755s][info][gc,marking    ] GC(9) Concurrent Scan Root Regions 5.202ms
[2.755s][info][gc,marking    ] GC(9) Concurrent Mark (2.755s)
[2.756s][info][gc,marking    ] GC(9) Concurrent Mark From Roots
[2.756s][info][gc,task       ] GC(9) Using 2 workers of 2 for marking
[2.779s][info][gc,marking    ] GC(9) Concurrent Mark From Roots 23.396ms
[2.779s][info][gc,marking    ] GC(9) Concurrent Preclean
[2.780s][info][gc,marking    ] GC(9) Concurrent Preclean 0.331ms
[2.780s][info][gc,marking    ] GC(9) Concurrent Mark (2.755s, 2.780s) 24.363ms
[2.780s][info][gc,start      ] GC(9) Pause Remark
[2.801s][info][gc,stringtable] GC(9) Cleaned string and symbol table, strings: 28502 processed, 9 removed, symbols: 233413 processed, 107 removed
[2.802s][info][gc            ] GC(9) Pause Remark 55M->55M(420M) 21.460ms
[2.802s][info][gc,cpu        ] GC(9) User=0.13s Sys=0.00s Real=0.02s
[2.803s][info][gc,marking    ] GC(9) Concurrent Rebuild Remembered Sets
[2.816s][info][gc,marking    ] GC(9) Concurrent Rebuild Remembered Sets 13.460ms
[2.817s][info][gc,start      ] GC(9) Pause Cleanup
[2.817s][info][gc            ] GC(9) Pause Cleanup 57M->57M(420M) 0.432ms
[2.817s][info][gc,cpu        ] GC(9) User=0.00s Sys=0.00s Real=0.00s
[2.818s][info][gc,marking    ] GC(9) Concurrent Cleanup for Next Mark
[2.819s][info][gc,marking    ] GC(9) Concurrent Cleanup for Next Mark 1.296ms
[2.819s][info][gc            ] GC(9) Concurrent Cycle 70.127ms
[47.509s][info][gc,start      ] GC(10) Pause Young (Normal) (G1 Evacuation Pause)
[47.510s][info][gc,task       ] GC(10) Using 8 workers of 8 for evacuation
[47.540s][info][gc,phases     ] GC(10)   Pre Evacuate Collection Set: 0.0ms
[47.540s][info][gc,phases     ] GC(10)   Evacuate Collection Set: 25.8ms
[47.540s][info][gc,phases     ] GC(10)   Post Evacuate Collection Set: 3.6ms
[47.541s][info][gc,phases     ] GC(10)   Other: 1.3ms
[47.541s][info][gc,heap       ] GC(10) Eden regions: 56->0(72)
[47.541s][info][gc,heap       ] GC(10) Survivor regions: 5->8(8)
[47.542s][info][gc,heap       ] GC(10) Old regions: 15->18
[47.542s][info][gc,heap       ] GC(10) Humongous regions: 10->6
[47.542s][info][gc,metaspace  ] GC(10) Metaspace: 86147K->86147K(1128448K)
[47.542s][info][gc            ] GC(10) Pause Young (Normal) (G1 Evacuation Pause) 170M->62M(420M) 33.353ms
[47.543s][info][gc,cpu        ] GC(10) User=0.14s Sys=0.08s Real=0.03s
[146.120s][info][gc,start      ] GC(11) Pause Young (Normal) (G1 Evacuation Pause)
[146.120s][info][gc,task       ] GC(11) Using 8 workers of 8 for evacuation
[146.137s][info][gc,phases     ] GC(11)   Pre Evacuate Collection Set: 0.0ms
[146.138s][info][gc,phases     ] GC(11)   Evacuate Collection Set: 14.5ms
[146.139s][info][gc,phases     ] GC(11)   Post Evacuate Collection Set: 1.9ms
[146.139s][info][gc,phases     ] GC(11)   Other: 0.7ms
[146.139s][info][gc,heap       ] GC(11) Eden regions: 67->0(84)
[146.140s][info][gc,heap       ] GC(11) Survivor regions: 8->2(10)
[146.140s][info][gc,heap       ] GC(11) Old regions: 18->26
[146.140s][info][gc,heap       ] GC(11) Humongous regions: 14->6
[146.140s][info][gc,metaspace  ] GC(11) Metaspace: 86443K->86443K(1128448K)
[146.141s][info][gc            ] GC(11) Pause Young (Normal) (G1 Evacuation Pause) 212M->65M(420M) 20.735ms
[146.141s][info][gc,cpu        ] GC(11) User=0.07s Sys=0.04s Real=0.02s
[244.295s][info][gc,start      ] GC(12) Pause Young (Normal) (G1 Evacuation Pause)
[244.295s][info][gc,task       ] GC(12) Using 8 workers of 8 for evacuation
[244.299s][info][gc,phases     ] GC(12)   Pre Evacuate Collection Set: 0.0ms
[244.300s][info][gc,phases     ] GC(12)   Evacuate Collection Set: 1.4ms
[244.300s][info][gc,phases     ] GC(12)   Post Evacuate Collection Set: 2.2ms
[244.301s][info][gc,phases     ] GC(12)   Other: 1.2ms
[244.301s][info][gc,heap       ] GC(12) Eden regions: 84->0(124)
[244.301s][info][gc,heap       ] GC(12) Survivor regions: 2->2(11)
[244.302s][info][gc,heap       ] GC(12) Old regions: 26->26
[244.302s][info][gc,heap       ] GC(12) Humongous regions: 40->6
[244.303s][info][gc,metaspace  ] GC(12) Metaspace: 86601K->86601K(1128448K)
[244.303s][info][gc            ] GC(12) Pause Young (Normal) (G1 Evacuation Pause) 301M->64M(420M) 8.970ms
[244.304s][info][gc,cpu        ] GC(12) User=0.01s Sys=0.00s Real=0.01s
[342.409s][info][gc,start      ] GC(13) Pause Young (Normal) (G1 Evacuation Pause)
[342.409s][info][gc,task       ] GC(13) Using 8 workers of 8 for evacuation
[342.426s][info][gc,phases     ] GC(13)   Pre Evacuate Collection Set: 0.0ms
[342.426s][info][gc,phases     ] GC(13)   Evacuate Collection Set: 12.0ms
[342.426s][info][gc,phases     ] GC(13)   Post Evacuate Collection Set: 4.2ms
[342.426s][info][gc,phases     ] GC(13)   Other: 0.5ms
[342.427s][info][gc,heap       ] GC(13) Eden regions: 124->0(123)
[342.427s][info][gc,heap       ] GC(13) Survivor regions: 2->3(16)
[342.427s][info][gc,heap       ] GC(13) Old regions: 26->26
[342.427s][info][gc,heap       ] GC(13) Humongous regions: 33->6
[342.427s][info][gc,metaspace  ] GC(13) Metaspace: 93050K->93050K(1134592K)
[342.427s][info][gc            ] GC(13) Pause Young (Normal) (G1 Evacuation Pause) 366M->67M(420M) 18.349ms
[342.428s][info][gc,cpu        ] GC(13) User=0.08s Sys=0.02s Real=0.02s
[473.772s][info][gc,start      ] GC(14) Pause Young (Normal) (G1 Evacuation Pause)
[473.773s][info][gc,task       ] GC(14) Using 8 workers of 8 for evacuation
[473.792s][info][gc,phases     ] GC(14)   Pre Evacuate Collection Set: 0.0ms
[473.792s][info][gc,phases     ] GC(14)   Evacuate Collection Set: 13.8ms
[473.792s][info][gc,phases     ] GC(14)   Post Evacuate Collection Set: 5.0ms
[473.793s][info][gc,phases     ] GC(14)   Other: 0.8ms
[473.793s][info][gc,heap       ] GC(14) Eden regions: 123->0(118)
[473.793s][info][gc,heap       ] GC(14) Survivor regions: 3->8(16)
[473.793s][info][gc,heap       ] GC(14) Old regions: 26->26
[473.793s][info][gc,heap       ] GC(14) Humongous regions: 16->9
[473.793s][info][gc,metaspace  ] GC(14) Metaspace: 101549K->101549K(1140736K)
[473.793s][info][gc            ] GC(14) Pause Young (Normal) (G1 Evacuation Pause) 333M->83M(420M) 21.223ms
[473.794s][info][gc,cpu        ] GC(14) User=0.13s Sys=0.00s Real=0.02s
[477.449s][info][gc,start      ] GC(15) Pause Young (Normal) (G1 Evacuation Pause)
[477.449s][info][gc,task       ] GC(15) Using 8 workers of 8 for evacuation
[477.470s][info][gc,phases     ] GC(15)   Pre Evacuate Collection Set: 0.0ms
[477.470s][info][gc,phases     ] GC(15)   Evacuate Collection Set: 16.1ms
[477.470s][info][gc,phases     ] GC(15)   Post Evacuate Collection Set: 4.1ms
[477.470s][info][gc,phases     ] GC(15)   Other: 0.9ms
[477.470s][info][gc,heap       ] GC(15) Eden regions: 118->0(116)
[477.471s][info][gc,heap       ] GC(15) Survivor regions: 8->10(16)
[477.471s][info][gc,heap       ] GC(15) Old regions: 26->26
[477.471s][info][gc,heap       ] GC(15) Humongous regions: 16->6
[477.471s][info][gc,metaspace  ] GC(15) Metaspace: 102242K->102242K(1142784K)
[477.471s][info][gc            ] GC(15) Pause Young (Normal) (G1 Evacuation Pause) 333M->81M(420M) 22.854ms
[477.472s][info][gc,cpu        ] GC(15) User=0.13s Sys=0.00s Real=0.02s
[480.244s][info][gc,start      ] GC(16) Pause Young (Normal) (G1 Evacuation Pause)
[480.244s][info][gc,task       ] GC(16) Using 8 workers of 8 for evacuation
[480.262s][info][gc,phases     ] GC(16)   Pre Evacuate Collection Set: 0.0ms
[480.262s][info][gc,phases     ] GC(16)   Evacuate Collection Set: 13.6ms
[480.262s][info][gc,phases     ] GC(16)   Post Evacuate Collection Set: 3.7ms
[480.263s][info][gc,phases     ] GC(16)   Other: 0.8ms
[480.263s][info][gc,heap       ] GC(16) Eden regions: 116->0(117)
[480.263s][info][gc,heap       ] GC(16) Survivor regions: 10->9(16)
[480.263s][info][gc,heap       ] GC(16) Old regions: 26->28
[480.263s][info][gc,heap       ] GC(16) Humongous regions: 20->6
[480.263s][info][gc,metaspace  ] GC(16) Metaspace: 102286K->102286K(1142784K)
[480.264s][info][gc            ] GC(16) Pause Young (Normal) (G1 Evacuation Pause) 341M->84M(420M) 19.803ms
[480.264s][info][gc,cpu        ] GC(16) User=0.12s Sys=0.00s Real=0.02s
[486.415s][info][gc,start      ] GC(17) Pause Young (Normal) (G1 Evacuation Pause)
[486.415s][info][gc,task       ] GC(17) Using 8 workers of 8 for evacuation
[486.432s][info][gc,phases     ] GC(17)   Pre Evacuate Collection Set: 0.0ms
[486.433s][info][gc,phases     ] GC(17)   Evacuate Collection Set: 13.5ms
[486.433s][info][gc,phases     ] GC(17)   Post Evacuate Collection Set: 3.2ms
[486.433s][info][gc,phases     ] GC(17)   Other: 0.7ms
[486.433s][info][gc,heap       ] GC(17) Eden regions: 117->0(116)
[486.433s][info][gc,heap       ] GC(17) Survivor regions: 9->10(16)
[486.433s][info][gc,heap       ] GC(17) Old regions: 28->28
[486.434s][info][gc,heap       ] GC(17) Humongous regions: 6->6
[486.434s][info][gc,metaspace  ] GC(17) Metaspace: 102316K->102316K(1142784K)
[486.434s][info][gc            ] GC(17) Pause Young (Normal) (G1 Evacuation Pause) 318M->86M(420M) 18.872ms
[486.434s][info][gc,cpu        ] GC(17) User=0.11s Sys=0.00s Real=0.02s
[489.750s][info][gc,start      ] GC(18) Pause Young (Normal) (G1 Evacuation Pause)
[489.750s][info][gc,task       ] GC(18) Using 8 workers of 8 for evacuation
[489.768s][info][gc,phases     ] GC(18)   Pre Evacuate Collection Set: 0.1ms
[489.768s][info][gc,phases     ] GC(18)   Evacuate Collection Set: 15.9ms
[489.768s][info][gc,phases     ] GC(18)   Post Evacuate Collection Set: 1.7ms
[489.769s][info][gc,phases     ] GC(18)   Other: 0.8ms
[489.769s][info][gc,heap       ] GC(18) Eden regions: 116->0(118)
[489.769s][info][gc,heap       ] GC(18) Survivor regions: 10->8(16)
[489.769s][info][gc,heap       ] GC(18) Old regions: 28->31
[489.769s][info][gc,heap       ] GC(18) Humongous regions: 22->6
[489.769s][info][gc,metaspace  ] GC(18) Metaspace: 102406K->102406K(1142784K)
[489.769s][info][gc            ] GC(18) Pause Young (Normal) (G1 Evacuation Pause) 350M->87M(420M) 19.812ms
[489.770s][info][gc,cpu        ] GC(18) User=0.11s Sys=0.02s Real=0.02s
[493.362s][info][gc,start      ] GC(19) Pause Young (Normal) (G1 Evacuation Pause)
[493.363s][info][gc,task       ] GC(19) Using 8 workers of 8 for evacuation
[493.375s][info][gc,phases     ] GC(19)   Pre Evacuate Collection Set: 0.1ms
[493.375s][info][gc,phases     ] GC(19)   Evacuate Collection Set: 10.4ms
[493.376s][info][gc,phases     ] GC(19)   Post Evacuate Collection Set: 1.6ms
[493.376s][info][gc,phases     ] GC(19)   Other: 0.8ms
[493.376s][info][gc,heap       ] GC(19) Eden regions: 118->0(117)
[493.376s][info][gc,heap       ] GC(19) Survivor regions: 8->9(16)
[493.376s][info][gc,heap       ] GC(19) Old regions: 31->31
[493.377s][info][gc,heap       ] GC(19) Humongous regions: 15->6
[493.377s][info][gc,metaspace  ] GC(19) Metaspace: 102412K->102412K(1142784K)
[493.377s][info][gc            ] GC(19) Pause Young (Normal) (G1 Evacuation Pause) 341M->89M(420M) 14.698ms
[493.377s][info][gc,cpu        ] GC(19) User=0.09s Sys=0.00s Real=0.02s
[496.251s][info][gc,start      ] GC(20) Pause Young (Normal) (G1 Evacuation Pause)
[496.251s][info][gc,task       ] GC(20) Using 8 workers of 8 for evacuation
[496.262s][info][gc,phases     ] GC(20)   Pre Evacuate Collection Set: 0.0ms
[496.263s][info][gc,phases     ] GC(20)   Evacuate Collection Set: 8.9ms
[496.263s][info][gc,phases     ] GC(20)   Post Evacuate Collection Set: 1.7ms
[496.263s][info][gc,phases     ] GC(20)   Other: 0.7ms
[496.263s][info][gc,heap       ] GC(20) Eden regions: 117->0(116)
[496.263s][info][gc,heap       ] GC(20) Survivor regions: 9->10(16)
[496.263s][info][gc,heap       ] GC(20) Old regions: 31->31
[496.264s][info][gc,heap       ] GC(20) Humongous regions: 6->6
[496.264s][info][gc,metaspace  ] GC(20) Metaspace: 102450K->102450K(1142784K)
[496.264s][info][gc            ] GC(20) Pause Young (Normal) (G1 Evacuation Pause) 323M->91M(420M) 12.842ms
[496.264s][info][gc,cpu        ] GC(20) User=0.05s Sys=0.00s Real=0.01s
[503.265s][info][gc,start      ] GC(21) Pause Young (Normal) (G1 Evacuation Pause)
[503.265s][info][gc,task       ] GC(21) Using 8 workers of 8 for evacuation
[503.275s][info][gc,phases     ] GC(21)   Pre Evacuate Collection Set: 0.0ms
[503.275s][info][gc,phases     ] GC(21)   Evacuate Collection Set: 7.2ms
[503.275s][info][gc,phases     ] GC(21)   Post Evacuate Collection Set: 2.2ms
[503.275s][info][gc,phases     ] GC(21)   Other: 0.5ms
[503.275s][info][gc,heap       ] GC(21) Eden regions: 116->0(116)
[503.275s][info][gc,heap       ] GC(21) Survivor regions: 10->10(16)
[503.276s][info][gc,heap       ] GC(21) Old regions: 31->32
[503.276s][info][gc,heap       ] GC(21) Humongous regions: 8->6
[503.276s][info][gc,metaspace  ] GC(21) Metaspace: 102591K->102591K(1142784K)
[503.276s][info][gc            ] GC(21) Pause Young (Normal) (G1 Evacuation Pause) 327M->94M(420M) 11.302ms
[503.276s][info][gc,cpu        ] GC(21) User=0.06s Sys=0.00s Real=0.01s
[505.726s][info][gc,start      ] GC(22) Pause Young (Normal) (G1 Evacuation Pause)
[505.726s][info][gc,task       ] GC(22) Using 8 workers of 8 for evacuation
[505.738s][info][gc,phases     ] GC(22)   Pre Evacuate Collection Set: 0.0ms
[505.739s][info][gc,phases     ] GC(22)   Evacuate Collection Set: 10.2ms
[505.739s][info][gc,phases     ] GC(22)   Post Evacuate Collection Set: 1.7ms
[505.739s][info][gc,phases     ] GC(22)   Other: 0.4ms
[505.739s][info][gc,heap       ] GC(22) Eden regions: 116->0(117)
[505.739s][info][gc,heap       ] GC(22) Survivor regions: 10->9(16)
[505.739s][info][gc,heap       ] GC(22) Old regions: 32->33
[505.740s][info][gc,heap       ] GC(22) Humongous regions: 18->6
[505.740s][info][gc,metaspace  ] GC(22) Metaspace: 102592K->102592K(1142784K)
[505.740s][info][gc            ] GC(22) Pause Young (Normal) (G1 Evacuation Pause) 350M->95M(420M) 13.928ms
[505.740s][info][gc,cpu        ] GC(22) User=0.07s Sys=0.00s Real=0.02s
[508.123s][info][gc,start      ] GC(23) Pause Young (Normal) (G1 Evacuation Pause)
[508.123s][info][gc,task       ] GC(23) Using 8 workers of 8 for evacuation
[508.131s][info][gc,phases     ] GC(23)   Pre Evacuate Collection Set: 0.0ms
[508.131s][info][gc,phases     ] GC(23)   Evacuate Collection Set: 6.0ms
[508.131s][info][gc,phases     ] GC(23)   Post Evacuate Collection Set: 1.5ms
[508.131s][info][gc,phases     ] GC(23)   Other: 0.5ms
[508.132s][info][gc,heap       ] GC(23) Eden regions: 117->0(116)
[508.132s][info][gc,heap       ] GC(23) Survivor regions: 9->10(16)
[508.132s][info][gc,heap       ] GC(23) Old regions: 33->34
[508.132s][info][gc,heap       ] GC(23) Humongous regions: 6->6
[508.132s][info][gc,metaspace  ] GC(23) Metaspace: 102592K->102592K(1142784K)
[508.132s][info][gc            ] GC(23) Pause Young (Normal) (G1 Evacuation Pause) 329M->96M(420M) 9.312ms
[508.132s][info][gc,cpu        ] GC(23) User=0.05s Sys=0.00s Real=0.01s
[514.266s][info][gc,start      ] GC(24) Pause Young (Normal) (G1 Evacuation Pause)
[514.266s][info][gc,task       ] GC(24) Using 8 workers of 8 for evacuation
[514.274s][info][gc,phases     ] GC(24)   Pre Evacuate Collection Set: 0.0ms
[514.274s][info][gc,phases     ] GC(24)   Evacuate Collection Set: 5.4ms
[514.274s][info][gc,phases     ] GC(24)   Post Evacuate Collection Set: 2.4ms
[514.275s][info][gc,phases     ] GC(24)   Other: 0.6ms
[514.275s][info][gc,heap       ] GC(24) Eden regions: 116->0(116)
[514.275s][info][gc,heap       ] GC(24) Survivor regions: 10->10(16)
[514.275s][info][gc,heap       ] GC(24) Old regions: 34->34
[514.275s][info][gc,heap       ] GC(24) Humongous regions: 7->6
[514.275s][info][gc,metaspace  ] GC(24) Metaspace: 102610K->102610K(1142784K)
[514.275s][info][gc            ] GC(24) Pause Young (Normal) (G1 Evacuation Pause) 330M->99M(420M) 9.775ms
[514.276s][info][gc,cpu        ] GC(24) User=0.05s Sys=0.00s Real=0.01s
[516.610s][info][gc,start      ] GC(25) Pause Young (Normal) (G1 Evacuation Pause)
[516.610s][info][gc,task       ] GC(25) Using 8 workers of 8 for evacuation
[516.620s][info][gc,phases     ] GC(25)   Pre Evacuate Collection Set: 0.0ms
[516.620s][info][gc,phases     ] GC(25)   Evacuate Collection Set: 7.7ms
[516.620s][info][gc,phases     ] GC(25)   Post Evacuate Collection Set: 1.6ms
[516.620s][info][gc,phases     ] GC(25)   Other: 0.7ms
[516.621s][info][gc,heap       ] GC(25) Eden regions: 116->0(116)
[516.621s][info][gc,heap       ] GC(25) Survivor regions: 10->10(16)
[516.621s][info][gc,heap       ] GC(25) Old regions: 34->36
[516.621s][info][gc,heap       ] GC(25) Humongous regions: 9->6
[516.621s][info][gc,metaspace  ] GC(25) Metaspace: 102615K->102615K(1142784K)
[516.621s][info][gc            ] GC(25) Pause Young (Normal) (G1 Evacuation Pause) 337M->101M(420M) 11.778ms
[516.622s][info][gc,cpu        ] GC(25) User=0.05s Sys=0.00s Real=0.01s
[517.114s][info][gc,start      ] GC(26) Pause Young (Normal) (G1 Evacuation Pause)
[517.114s][info][gc,task       ] GC(26) Using 8 workers of 8 for evacuation
[517.126s][info][gc,phases     ] GC(26)   Pre Evacuate Collection Set: 0.0ms
[517.126s][info][gc,phases     ] GC(26)   Evacuate Collection Set: 10.3ms
[517.127s][info][gc,phases     ] GC(26)   Post Evacuate Collection Set: 1.3ms
[517.127s][info][gc,phases     ] GC(26)   Other: 0.6ms
[517.127s][info][gc,heap       ] GC(26) Eden regions: 116->0(117)
[517.127s][info][gc,heap       ] GC(26) Survivor regions: 10->9(16)
[517.127s][info][gc,heap       ] GC(26) Old regions: 36->39
[517.127s][info][gc,heap       ] GC(26) Humongous regions: 6->6
[517.127s][info][gc,metaspace  ] GC(26) Metaspace: 102615K->102615K(1142784K)
[517.127s][info][gc            ] GC(26) Pause Young (Normal) (G1 Evacuation Pause) 333M->105M(420M) 13.449ms
[517.128s][info][gc,cpu        ] GC(26) User=0.08s Sys=0.01s Real=0.02s
[517.705s][info][gc,start      ] GC(27) Pause Young (Normal) (G1 Evacuation Pause)
[517.706s][info][gc,task       ] GC(27) Using 8 workers of 8 for evacuation
[517.725s][info][gc,phases     ] GC(27)   Pre Evacuate Collection Set: 0.0ms
[517.725s][info][gc,phases     ] GC(27)   Evacuate Collection Set: 17.3ms
[517.725s][info][gc,phases     ] GC(27)   Post Evacuate Collection Set: 1.5ms
[517.726s][info][gc,phases     ] GC(27)   Other: 1.0ms
[517.726s][info][gc,heap       ] GC(27) Eden regions: 114->0(118)
[517.726s][info][gc,heap       ] GC(27) Survivor regions: 9->11(16)
[517.726s][info][gc,heap       ] GC(27) Old regions: 39->39
[517.726s][info][gc,heap       ] GC(27) Humongous regions: 48->16
[517.726s][info][gc,metaspace  ] GC(27) Metaspace: 102616K->102616K(1142784K)
[517.726s][info][gc            ] GC(27) Pause Young (Normal) (G1 Evacuation Pause) 417M->130M(442M) 21.120ms
[517.727s][info][gc,cpu        ] GC(27) User=0.04s Sys=0.07s Real=0.03s
[518.511s][info][gc,start      ] GC(28) Pause Young (Normal) (G1 Evacuation Pause)
[518.511s][info][gc,task       ] GC(28) Using 8 workers of 8 for evacuation
[518.521s][info][gc,phases     ] GC(28)   Pre Evacuate Collection Set: 0.0ms
[518.521s][info][gc,phases     ] GC(28)   Evacuate Collection Set: 7.7ms
[518.521s][info][gc,phases     ] GC(28)   Post Evacuate Collection Set: 1.9ms
[518.522s][info][gc,phases     ] GC(28)   Other: 0.6ms
[518.522s][info][gc,heap       ] GC(28) Eden regions: 118->0(122)
[518.522s][info][gc,heap       ] GC(28) Survivor regions: 11->10(17)
[518.522s][info][gc,heap       ] GC(28) Old regions: 39->40
[518.522s][info][gc,heap       ] GC(28) Humongous regions: 40->7
[518.522s][info][gc,metaspace  ] GC(28) Metaspace: 102616K->102616K(1142784K)
[518.523s][info][gc            ] GC(28) Pause Young (Normal) (G1 Evacuation Pause) 414M->113M(442M) 11.882ms
[518.523s][info][gc,cpu        ] GC(28) User=0.06s Sys=0.00s Real=0.01s
[519.149s][info][gc,start      ] GC(29) Pause Young (Normal) (G1 Evacuation Pause)
[519.149s][info][gc,task       ] GC(29) Using 8 workers of 8 for evacuation
[519.157s][info][gc,phases     ] GC(29)   Pre Evacuate Collection Set: 0.0ms
[519.158s][info][gc,phases     ] GC(29)   Evacuate Collection Set: 6.3ms
[519.158s][info][gc,phases     ] GC(29)   Post Evacuate Collection Set: 1.7ms
[519.158s][info][gc,phases     ] GC(29)   Other: 0.6ms
[519.158s][info][gc,heap       ] GC(29) Eden regions: 122->0(123)
[519.158s][info][gc,heap       ] GC(29) Survivor regions: 10->9(17)
[519.158s][info][gc,heap       ] GC(29) Old regions: 40->42
[519.159s][info][gc,heap       ] GC(29) Humongous regions: 7->6
[519.159s][info][gc,metaspace  ] GC(29) Metaspace: 102616K->102616K(1142784K)
[519.159s][info][gc            ] GC(29) Pause Young (Normal) (G1 Evacuation Pause) 357M->111M(442M) 10.172ms
[519.159s][info][gc,cpu        ] GC(29) User=0.05s Sys=0.01s Real=0.01s
[519.950s][info][gc,start      ] GC(30) Pause Young (Normal) (G1 Evacuation Pause)
[519.950s][info][gc,task       ] GC(30) Using 8 workers of 8 for evacuation
[519.962s][info][gc,phases     ] GC(30)   Pre Evacuate Collection Set: 0.0ms
[519.963s][info][gc,phases     ] GC(30)   Evacuate Collection Set: 10.6ms
[519.963s][info][gc,phases     ] GC(30)   Post Evacuate Collection Set: 1.6ms
[519.963s][info][gc,phases     ] GC(30)   Other: 0.6ms
[519.963s][info][gc,heap       ] GC(30) Eden regions: 123->0(121)
[519.963s][info][gc,heap       ] GC(30) Survivor regions: 9->11(17)
[519.964s][info][gc,heap       ] GC(30) Old regions: 42->42
[519.964s][info][gc,heap       ] GC(30) Humongous regions: 6->6
[519.964s][info][gc,metaspace  ] GC(30) Metaspace: 102616K->102616K(1142784K)
[519.964s][info][gc            ] GC(30) Pause Young (Normal) (G1 Evacuation Pause) 357M->115M(442M) 14.578ms
[519.964s][info][gc,cpu        ] GC(30) User=0.08s Sys=0.00s Real=0.01s
[520.713s][info][gc,start      ] GC(31) Pause Young (Normal) (G1 Evacuation Pause)
[520.713s][info][gc,task       ] GC(31) Using 8 workers of 8 for evacuation
[520.722s][info][gc,phases     ] GC(31)   Pre Evacuate Collection Set: 0.0ms
[520.722s][info][gc,phases     ] GC(31)   Evacuate Collection Set: 6.4ms
[520.722s][info][gc,phases     ] GC(31)   Post Evacuate Collection Set: 2.2ms
[520.722s][info][gc,phases     ] GC(31)   Other: 0.6ms
[520.723s][info][gc,heap       ] GC(31) Eden regions: 121->0(121)
[520.723s][info][gc,heap       ] GC(31) Survivor regions: 11->11(17)
[520.723s][info][gc,heap       ] GC(31) Old regions: 42->44
[520.723s][info][gc,heap       ] GC(31) Humongous regions: 6->6
[520.723s][info][gc,metaspace  ] GC(31) Metaspace: 102616K->102616K(1142784K)
[520.723s][info][gc            ] GC(31) Pause Young (Normal) (G1 Evacuation Pause) 357M->119M(442M) 10.565ms
[520.723s][info][gc,cpu        ] GC(31) User=0.05s Sys=0.00s Real=0.01s
[521.768s][info][gc,start      ] GC(32) Pause Young (Normal) (G1 Evacuation Pause)
[521.768s][info][gc,task       ] GC(32) Using 8 workers of 8 for evacuation
[521.778s][info][gc,phases     ] GC(32)   Pre Evacuate Collection Set: 0.0ms
[521.778s][info][gc,phases     ] GC(32)   Evacuate Collection Set: 8.2ms
[521.778s][info][gc,phases     ] GC(32)   Post Evacuate Collection Set: 1.4ms
[521.778s][info][gc,phases     ] GC(32)   Other: 0.6ms
[521.778s][info][gc,heap       ] GC(32) Eden regions: 121->0(122)
[521.779s][info][gc,heap       ] GC(32) Survivor regions: 11->10(17)
[521.779s][info][gc,heap       ] GC(32) Old regions: 44->46
[521.779s][info][gc,heap       ] GC(32) Humongous regions: 6->6
[521.779s][info][gc,metaspace  ] GC(32) Metaspace: 102618K->102618K(1142784K)
[521.779s][info][gc            ] GC(32) Pause Young (Normal) (G1 Evacuation Pause) 361M->123M(442M) 11.602ms
[521.779s][info][gc,cpu        ] GC(32) User=0.05s Sys=0.02s Real=0.01s
[525.478s][info][gc,start      ] GC(33) Pause Young (Normal) (G1 Evacuation Pause)
[525.478s][info][gc,task       ] GC(33) Using 8 workers of 8 for evacuation
[525.489s][info][gc,phases     ] GC(33)   Pre Evacuate Collection Set: 0.0ms
[525.490s][info][gc,phases     ] GC(33)   Evacuate Collection Set: 9.5ms
[525.490s][info][gc,phases     ] GC(33)   Post Evacuate Collection Set: 1.3ms
[525.490s][info][gc,phases     ] GC(33)   Other: 0.6ms
[525.490s][info][gc,heap       ] GC(33) Eden regions: 122->0(120)
[525.490s][info][gc,heap       ] GC(33) Survivor regions: 10->12(17)
[525.491s][info][gc,heap       ] GC(33) Old regions: 46->47
[525.491s][info][gc,heap       ] GC(33) Humongous regions: 7->6
[525.491s][info][gc,metaspace  ] GC(33) Metaspace: 102619K->102619K(1142784K)
[525.491s][info][gc            ] GC(33) Pause Young (Normal) (G1 Evacuation Pause) 369M->128M(442M) 13.188ms
[525.491s][info][gc,cpu        ] GC(33) User=0.07s Sys=0.00s Real=0.01s
[525.973s][info][gc,start      ] GC(34) Pause Young (Normal) (G1 Evacuation Pause)
[525.973s][info][gc,task       ] GC(34) Using 8 workers of 8 for evacuation
[525.982s][info][gc,phases     ] GC(34)   Pre Evacuate Collection Set: 0.0ms
[525.982s][info][gc,phases     ] GC(34)   Evacuate Collection Set: 6.8ms
[525.982s][info][gc,phases     ] GC(34)   Post Evacuate Collection Set: 1.3ms
[525.982s][info][gc,phases     ] GC(34)   Other: 0.6ms
[525.982s][info][gc,heap       ] GC(34) Eden regions: 120->0(119)
[525.982s][info][gc,heap       ] GC(34) Survivor regions: 12->11(17)
[525.983s][info][gc,heap       ] GC(34) Old regions: 47->50
[525.983s][info][gc,heap       ] GC(34) Humongous regions: 10->6
[525.983s][info][gc,metaspace  ] GC(34) Metaspace: 102619K->102619K(1142784K)
[525.983s][info][gc            ] GC(34) Pause Young (Normal) (G1 Evacuation Pause) 376M->131M(442M) 10.000ms
[525.983s][info][gc,cpu        ] GC(34) User=0.05s Sys=0.00s Real=0.01s
[526.481s][info][gc,start      ] GC(35) Pause Young (Normal) (G1 Evacuation Pause)
[526.481s][info][gc,task       ] GC(35) Using 8 workers of 8 for evacuation
[526.493s][info][gc,phases     ] GC(35)   Pre Evacuate Collection Set: 0.0ms
[526.493s][info][gc,phases     ] GC(35)   Evacuate Collection Set: 9.3ms
[526.493s][info][gc,phases     ] GC(35)   Post Evacuate Collection Set: 1.6ms
[526.493s][info][gc,phases     ] GC(35)   Other: 0.8ms
[526.493s][info][gc,heap       ] GC(35) Eden regions: 119->0(118)
[526.494s][info][gc,heap       ] GC(35) Survivor regions: 11->10(17)
[526.494s][info][gc,heap       ] GC(35) Old regions: 50->53
[526.494s][info][gc,heap       ] GC(35) Humongous regions: 16->6
[526.495s][info][gc,metaspace  ] GC(35) Metaspace: 102619K->102619K(1142784K)
[526.495s][info][gc            ] GC(35) Pause Young (Normal) (G1 Evacuation Pause) 389M->136M(442M) 13.864ms
[526.495s][info][gc,cpu        ] GC(35) User=0.08s Sys=0.00s Real=0.01s
[528.108s][info][gc,start      ] GC(36) Pause Young (Normal) (G1 Evacuation Pause)
[528.108s][info][gc,task       ] GC(36) Using 8 workers of 8 for evacuation
[528.116s][info][gc,phases     ] GC(36)   Pre Evacuate Collection Set: 0.0ms
[528.116s][info][gc,phases     ] GC(36)   Evacuate Collection Set: 5.9ms
[528.116s][info][gc,phases     ] GC(36)   Post Evacuate Collection Set: 1.5ms
[528.116s][info][gc,phases     ] GC(36)   Other: 0.5ms
[528.116s][info][gc,heap       ] GC(36) Eden regions: 118->0(116)
[528.117s][info][gc,heap       ] GC(36) Survivor regions: 10->10(16)
[528.117s][info][gc,heap       ] GC(36) Old regions: 53->55
[528.117s][info][gc,heap       ] GC(36) Humongous regions: 7->6
[528.117s][info][gc,metaspace  ] GC(36) Metaspace: 102623K->102623K(1142784K)
[528.117s][info][gc            ] GC(36) Pause Young (Normal) (G1 Evacuation Pause) 374M->140M(442M) 9.582ms
[528.117s][info][gc,cpu        ] GC(36) User=0.04s Sys=0.00s Real=0.01s
[530.866s][info][gc,start      ] GC(37) Pause Young (Normal) (G1 Evacuation Pause)
[530.866s][info][gc,task       ] GC(37) Using 8 workers of 8 for evacuation
[530.877s][info][gc,phases     ] GC(37)   Pre Evacuate Collection Set: 0.0ms
[530.877s][info][gc,phases     ] GC(37)   Evacuate Collection Set: 5.8ms
[530.878s][info][gc,phases     ] GC(37)   Post Evacuate Collection Set: 3.7ms
[530.878s][info][gc,phases     ] GC(37)   Other: 1.6ms
[530.878s][info][gc,heap       ] GC(37) Eden regions: 116->0(115)
[530.879s][info][gc,heap       ] GC(37) Survivor regions: 10->9(16)
[530.879s][info][gc,heap       ] GC(37) Old regions: 55->57
[530.879s][info][gc,heap       ] GC(37) Humongous regions: 6->6
[530.879s][info][gc,metaspace  ] GC(37) Metaspace: 102631K->102631K(1142784K)
[530.880s][info][gc            ] GC(37) Pause Young (Normal) (G1 Evacuation Pause) 372M->143M(442M) 13.908ms
[530.880s][info][gc,cpu        ] GC(37) User=0.05s Sys=0.00s Real=0.02s
[533.446s][info][gc,start      ] GC(38) Pause Young (Normal) (G1 Evacuation Pause)
[533.447s][info][gc,task       ] GC(38) Using 8 workers of 8 for evacuation
[533.458s][info][gc,phases     ] GC(38)   Pre Evacuate Collection Set: 0.0ms
[533.458s][info][gc,phases     ] GC(38)   Evacuate Collection Set: 9.0ms
[533.458s][info][gc,phases     ] GC(38)   Post Evacuate Collection Set: 1.9ms
[533.458s][info][gc,phases     ] GC(38)   Other: 0.6ms
[533.459s][info][gc,heap       ] GC(38) Eden regions: 115->0(111)
[533.459s][info][gc,heap       ] GC(38) Survivor regions: 9->12(16)
[533.459s][info][gc,heap       ] GC(38) Old regions: 57->57
[533.459s][info][gc,heap       ] GC(38) Humongous regions: 6->6
[533.459s][info][gc,metaspace  ] GC(38) Metaspace: 102631K->102631K(1142784K)
[533.459s][info][gc            ] GC(38) Pause Young (Normal) (G1 Evacuation Pause) 373M->148M(442M) 13.099ms
[533.460s][info][gc,cpu        ] GC(38) User=0.06s Sys=0.01s Real=0.02s
[534.129s][info][gc,start      ] GC(39) Pause Young (Normal) (G1 Evacuation Pause)
[534.130s][info][gc,task       ] GC(39) Using 8 workers of 8 for evacuation
[534.138s][info][gc,phases     ] GC(39)   Pre Evacuate Collection Set: 0.0ms
[534.139s][info][gc,phases     ] GC(39)   Evacuate Collection Set: 6.7ms
[534.139s][info][gc,phases     ] GC(39)   Post Evacuate Collection Set: 1.8ms
[534.139s][info][gc,phases     ] GC(39)   Other: 0.5ms
[534.139s][info][gc,heap       ] GC(39) Eden regions: 111->0(113)
[534.140s][info][gc,heap       ] GC(39) Survivor regions: 12->7(16)
[534.140s][info][gc,heap       ] GC(39) Old regions: 57->61
[534.140s][info][gc,heap       ] GC(39) Humongous regions: 19->6
[534.140s][info][gc,metaspace  ] GC(39) Metaspace: 102631K->102631K(1142784K)
[534.140s][info][gc            ] GC(39) Pause Young (Normal) (G1 Evacuation Pause) 396M->146M(442M) 10.878ms
[534.141s][info][gc,cpu        ] GC(39) User=0.03s Sys=0.02s Real=0.01s
[536.977s][info][gc,start      ] GC(40) Pause Young (Normal) (G1 Evacuation Pause)
[536.978s][info][gc,task       ] GC(40) Using 8 workers of 8 for evacuation
[536.985s][info][gc,phases     ] GC(40)   Pre Evacuate Collection Set: 0.0ms
[536.986s][info][gc,phases     ] GC(40)   Evacuate Collection Set: 6.0ms
[536.986s][info][gc,phases     ] GC(40)   Post Evacuate Collection Set: 1.6ms
[536.986s][info][gc,phases     ] GC(40)   Other: 0.6ms
[536.986s][info][gc,heap       ] GC(40) Eden regions: 113->0(111)
[536.986s][info][gc,heap       ] GC(40) Survivor regions: 7->9(15)
[536.986s][info][gc,heap       ] GC(40) Old regions: 61->61
[536.987s][info][gc,heap       ] GC(40) Humongous regions: 6->6
[536.987s][info][gc,metaspace  ] GC(40) Metaspace: 102632K->102632K(1142784K)
[536.987s][info][gc            ] GC(40) Pause Young (Normal) (G1 Evacuation Pause) 372M->151M(442M) 9.686ms
[536.987s][info][gc,cpu        ] GC(40) User=0.04s Sys=0.00s Real=0.01s
[538.835s][info][gc,start      ] GC(41) Pause Young (Normal) (G1 Evacuation Pause)
[538.835s][info][gc,task       ] GC(41) Using 8 workers of 8 for evacuation
[538.848s][info][gc,phases     ] GC(41)   Pre Evacuate Collection Set: 0.0ms
[538.849s][info][gc,phases     ] GC(41)   Evacuate Collection Set: 11.6ms
[538.849s][info][gc,phases     ] GC(41)   Post Evacuate Collection Set: 1.5ms
[538.850s][info][gc,phases     ] GC(41)   Other: 0.8ms
[538.850s][info][gc,heap       ] GC(41) Eden regions: 111->0(108)
[538.850s][info][gc,heap       ] GC(41) Survivor regions: 9->9(15)
[538.850s][info][gc,heap       ] GC(41) Old regions: 61->63
[538.850s][info][gc,heap       ] GC(41) Humongous regions: 16->6
[538.850s][info][gc,metaspace  ] GC(41) Metaspace: 102633K->102633K(1142784K)
[538.851s][info][gc            ] GC(41) Pause Young (Normal) (G1 Evacuation Pause) 393M->154M(442M) 15.898ms
[538.851s][info][gc,cpu        ] GC(41) User=0.09s Sys=0.00s Real=0.02s
[540.477s][info][gc,start      ] GC(42) Pause Young (Normal) (G1 Evacuation Pause)
[540.477s][info][gc,task       ] GC(42) Using 8 workers of 8 for evacuation
[540.485s][info][gc,phases     ] GC(42)   Pre Evacuate Collection Set: 0.0ms
[540.486s][info][gc,phases     ] GC(42)   Evacuate Collection Set: 5.8ms
[540.486s][info][gc,phases     ] GC(42)   Post Evacuate Collection Set: 1.9ms
[540.486s][info][gc,phases     ] GC(42)   Other: 0.5ms
[540.486s][info][gc,heap       ] GC(42) Eden regions: 108->0(110)
[540.487s][info][gc,heap       ] GC(42) Survivor regions: 9->7(15)
[540.487s][info][gc,heap       ] GC(42) Old regions: 63->64
[540.487s][info][gc,heap       ] GC(42) Humongous regions: 9->6
[540.487s][info][gc,metaspace  ] GC(42) Metaspace: 102634K->102634K(1142784K)
[540.488s][info][gc            ] GC(42) Pause Young (Normal) (G1 Evacuation Pause) 376M->151M(442M) 10.419ms
[540.488s][info][gc,cpu        ] GC(42) User=0.03s Sys=0.00s Real=0.01s
[545.014s][info][gc,start      ] GC(43) Pause Young (Normal) (G1 Evacuation Pause)
[545.014s][info][gc,task       ] GC(43) Using 8 workers of 8 for evacuation
[545.024s][info][gc,phases     ] GC(43)   Pre Evacuate Collection Set: 0.0ms
[545.024s][info][gc,phases     ] GC(43)   Evacuate Collection Set: 7.3ms
[545.024s][info][gc,phases     ] GC(43)   Post Evacuate Collection Set: 1.6ms
[545.024s][info][gc,phases     ] GC(43)   Other: 0.9ms
[545.024s][info][gc,heap       ] GC(43) Eden regions: 110->0(109)
[545.024s][info][gc,heap       ] GC(43) Survivor regions: 7->8(15)
[545.025s][info][gc,heap       ] GC(43) Old regions: 64->64
[545.025s][info][gc,heap       ] GC(43) Humongous regions: 6->6
[545.025s][info][gc,metaspace  ] GC(43) Metaspace: 102649K->102649K(1142784K)
[545.025s][info][gc            ] GC(43) Pause Young (Normal) (G1 Evacuation Pause) 371M->154M(442M) 11.042ms
[545.025s][info][gc,cpu        ] GC(43) User=0.03s Sys=0.01s Real=0.01s
[548.776s][info][gc,start      ] GC(44) Pause Young (Normal) (G1 Evacuation Pause)
[548.776s][info][gc,task       ] GC(44) Using 8 workers of 8 for evacuation
[548.783s][info][gc,phases     ] GC(44)   Pre Evacuate Collection Set: 0.0ms
[548.784s][info][gc,phases     ] GC(44)   Evacuate Collection Set: 5.3ms
[548.784s][info][gc,phases     ] GC(44)   Post Evacuate Collection Set: 1.6ms
[548.784s][info][gc,phases     ] GC(44)   Other: 0.5ms
[548.784s][info][gc,heap       ] GC(44) Eden regions: 109->0(108)
[548.784s][info][gc,heap       ] GC(44) Survivor regions: 8->9(15)
[548.784s][info][gc,heap       ] GC(44) Old regions: 64->64
[548.784s][info][gc,heap       ] GC(44) Humongous regions: 6->6
[548.785s][info][gc,metaspace  ] GC(44) Metaspace: 102653K->102653K(1142784K)
[548.785s][info][gc            ] GC(44) Pause Young (Normal) (G1 Evacuation Pause) 372M->157M(442M) 8.707ms
[548.785s][info][gc,cpu        ] GC(44) User=0.03s Sys=0.02s Real=0.01s
[549.298s][info][gc,start      ] GC(45) Pause Young (Normal) (G1 Evacuation Pause)
[549.298s][info][gc,task       ] GC(45) Using 8 workers of 8 for evacuation
[549.306s][info][gc,phases     ] GC(45)   Pre Evacuate Collection Set: 0.0ms
[549.306s][info][gc,phases     ] GC(45)   Evacuate Collection Set: 5.7ms
[549.306s][info][gc,phases     ] GC(45)   Post Evacuate Collection Set: 1.7ms
[549.306s][info][gc,phases     ] GC(45)   Other: 0.5ms
[549.307s][info][gc,heap       ] GC(45) Eden regions: 108->0(108)
[549.307s][info][gc,heap       ] GC(45) Survivor regions: 9->9(15)
[549.307s][info][gc,heap       ] GC(45) Old regions: 64->65
[549.307s][info][gc,heap       ] GC(45) Humongous regions: 7->6
[549.308s][info][gc,metaspace  ] GC(45) Metaspace: 102653K->102653K(1142784K)
[549.308s][info][gc            ] GC(45) Pause Young (Normal) (G1 Evacuation Pause) 375M->159M(442M) 9.954ms
[549.308s][info][gc,cpu        ] GC(45) User=0.04s Sys=0.00s Real=0.01s
[550.547s][info][gc,start      ] GC(46) Pause Young (Normal) (G1 Evacuation Pause)
[550.547s][info][gc,task       ] GC(46) Using 8 workers of 8 for evacuation
[550.558s][info][gc,phases     ] GC(46)   Pre Evacuate Collection Set: 0.0ms
[550.559s][info][gc,phases     ] GC(46)   Evacuate Collection Set: 8.8ms
[550.559s][info][gc,phases     ] GC(46)   Post Evacuate Collection Set: 1.8ms
[550.559s][info][gc,phases     ] GC(46)   Other: 0.7ms
[550.559s][info][gc,heap       ] GC(46) Eden regions: 108->0(107)
[550.559s][info][gc,heap       ] GC(46) Survivor regions: 9->9(15)
[550.560s][info][gc,heap       ] GC(46) Old regions: 65->66
[550.560s][info][gc,heap       ] GC(46) Humongous regions: 6->6
[550.560s][info][gc,metaspace  ] GC(46) Metaspace: 102656K->102656K(1142784K)
[550.560s][info][gc            ] GC(46) Pause Young (Normal) (G1 Evacuation Pause) 375M->160M(442M) 13.426ms
[550.561s][info][gc,cpu        ] GC(46) User=0.05s Sys=0.01s Real=0.01s
[554.959s][info][gc,start      ] GC(47) Pause Young (Normal) (G1 Evacuation Pause)
[554.959s][info][gc,task       ] GC(47) Using 8 workers of 8 for evacuation
[554.968s][info][gc,phases     ] GC(47)   Pre Evacuate Collection Set: 0.0ms
[554.968s][info][gc,phases     ] GC(47)   Evacuate Collection Set: 6.8ms
[554.968s][info][gc,phases     ] GC(47)   Post Evacuate Collection Set: 1.7ms
[554.968s][info][gc,phases     ] GC(47)   Other: 0.4ms
[554.968s][info][gc,heap       ] GC(47) Eden regions: 107->0(105)
[554.969s][info][gc,heap       ] GC(47) Survivor regions: 9->10(15)
[554.969s][info][gc,heap       ] GC(47) Old regions: 66->67
[554.969s][info][gc,heap       ] GC(47) Humongous regions: 6->6
[554.969s][info][gc,metaspace  ] GC(47) Metaspace: 102681K->102681K(1142784K)
[554.969s][info][gc            ] GC(47) Pause Young (Normal) (G1 Evacuation Pause) 374M->164M(442M) 10.359ms
[554.969s][info][gc,cpu        ] GC(47) User=0.05s Sys=0.01s Real=0.01s
[557.734s][info][gc,start      ] GC(48) Pause Young (Normal) (G1 Evacuation Pause)
[557.734s][info][gc,task       ] GC(48) Using 8 workers of 8 for evacuation
[557.743s][info][gc,phases     ] GC(48)   Pre Evacuate Collection Set: 0.0ms
[557.744s][info][gc,phases     ] GC(48)   Evacuate Collection Set: 7.1ms
[557.744s][info][gc,phases     ] GC(48)   Post Evacuate Collection Set: 2.1ms
[557.744s][info][gc,phases     ] GC(48)   Other: 0.7ms
[557.744s][info][gc,heap       ] GC(48) Eden regions: 105->0(105)
[557.745s][info][gc,heap       ] GC(48) Survivor regions: 10->9(15)
[557.745s][info][gc,heap       ] GC(48) Old regions: 67->68
[557.745s][info][gc,heap       ] GC(48) Humongous regions: 6->6
[557.745s][info][gc,metaspace  ] GC(48) Metaspace: 102681K->102681K(1142784K)
[557.745s][info][gc            ] GC(48) Pause Young (Normal) (G1 Evacuation Pause) 374M->165M(442M) 11.718ms
[557.746s][info][gc,cpu        ] GC(48) User=0.05s Sys=0.00s Real=0.01s
[561.191s][info][gc,start      ] GC(49) Pause Young (Normal) (G1 Evacuation Pause)
[561.191s][info][gc,task       ] GC(49) Using 8 workers of 8 for evacuation
[561.203s][info][gc,phases     ] GC(49)   Pre Evacuate Collection Set: 0.0ms
[561.203s][info][gc,phases     ] GC(49)   Evacuate Collection Set: 10.4ms
[561.204s][info][gc,phases     ] GC(49)   Post Evacuate Collection Set: 1.5ms
[561.204s][info][gc,phases     ] GC(49)   Other: 0.6ms
[561.204s][info][gc,heap       ] GC(49) Eden regions: 105->0(102)
[561.204s][info][gc,heap       ] GC(49) Survivor regions: 9->10(15)
[561.205s][info][gc,heap       ] GC(49) Old regions: 68->70
[561.205s][info][gc,heap       ] GC(49) Humongous regions: 6->6
[561.205s][info][gc,metaspace  ] GC(49) Metaspace: 102699K->102699K(1142784K)
[561.205s][info][gc            ] GC(49) Pause Young (Normal) (G1 Evacuation Pause) 375M->169M(442M) 14.366ms
[561.205s][info][gc,cpu        ] GC(49) User=0.07s Sys=0.01s Real=0.01s
[563.554s][info][gc,start      ] GC(50) Pause Young (Normal) (G1 Evacuation Pause)
[563.554s][info][gc,task       ] GC(50) Using 8 workers of 8 for evacuation
[563.563s][info][gc,phases     ] GC(50)   Pre Evacuate Collection Set: 0.0ms
[563.563s][info][gc,phases     ] GC(50)   Evacuate Collection Set: 6.0ms
[563.563s][info][gc,phases     ] GC(50)   Post Evacuate Collection Set: 1.9ms
[563.563s][info][gc,phases     ] GC(50)   Other: 0.5ms
[563.563s][info][gc,heap       ] GC(50) Eden regions: 102->0(102)
[563.563s][info][gc,heap       ] GC(50) Survivor regions: 10->9(14)
[563.564s][info][gc,heap       ] GC(50) Old regions: 70->71
[563.564s][info][gc,heap       ] GC(50) Humongous regions: 6->6
[563.564s][info][gc,metaspace  ] GC(50) Metaspace: 103804K->103804K(1142784K)
[563.564s][info][gc            ] GC(50) Pause Young (Normal) (G1 Evacuation Pause) 373M->171M(442M) 9.741ms
[563.564s][info][gc,cpu        ] GC(50) User=0.06s Sys=0.00s Real=0.01s
[565.767s][info][gc,start      ] GC(51) Pause Young (Normal) (G1 Evacuation Pause)
[565.768s][info][gc,task       ] GC(51) Using 8 workers of 8 for evacuation
[565.786s][info][gc,phases     ] GC(51)   Pre Evacuate Collection Set: 0.0ms
[565.786s][info][gc,phases     ] GC(51)   Evacuate Collection Set: 12.8ms
[565.787s][info][gc,phases     ] GC(51)   Post Evacuate Collection Set: 5.5ms
[565.787s][info][gc,phases     ] GC(51)   Other: 0.6ms
[565.787s][info][gc,heap       ] GC(51) Eden regions: 102->0(88)
[565.787s][info][gc,heap       ] GC(51) Survivor regions: 9->14(14)
[565.787s][info][gc,heap       ] GC(51) Old regions: 71->74
[565.787s][info][gc,heap       ] GC(51) Humongous regions: 8->8
[565.788s][info][gc,metaspace  ] GC(51) Metaspace: 121778K->121778K(1159168K)
[565.788s][info][gc            ] GC(51) Pause Young (Normal) (G1 Evacuation Pause) 379M->189M(442M) 20.263ms
[565.788s][info][gc,cpu        ] GC(51) User=0.12s Sys=0.00s Real=0.02s
[569.485s][info][gc,start      ] GC(52) Pause Young (Normal) (G1 Evacuation Pause)
[569.485s][info][gc,task       ] GC(52) Using 8 workers of 8 for evacuation
[569.515s][info][gc,phases     ] GC(52)   Pre Evacuate Collection Set: 0.0ms
[569.515s][info][gc,phases     ] GC(52)   Evacuate Collection Set: 18.4ms
[569.515s][info][gc,phases     ] GC(52)   Post Evacuate Collection Set: 11.3ms
[569.515s][info][gc,phases     ] GC(52)   Other: 0.5ms
[569.515s][info][gc,heap       ] GC(52) Eden regions: 88->0(84)
[569.515s][info][gc,heap       ] GC(52) Survivor regions: 14->8(13)
[569.516s][info][gc,heap       ] GC(52) Old regions: 74->85
[569.516s][info][gc,heap       ] GC(52) Humongous regions: 8->6
[569.516s][info][gc,metaspace  ] GC(52) Metaspace: 130970K->130970K(1167360K)
[569.516s][info][gc            ] GC(52) Pause Young (Normal) (G1 Evacuation Pause) 365M->196M(442M) 31.488ms
[569.516s][info][gc,cpu        ] GC(52) User=0.19s Sys=0.00s Real=0.03s
[570.795s][info][gc,start      ] GC(53) Pause Young (Concurrent Start) (Metadata GC Threshold)
[570.795s][info][gc,task       ] GC(53) Using 8 workers of 8 for evacuation
[570.826s][info][gc,phases     ] GC(53)   Pre Evacuate Collection Set: 0.3ms
[570.827s][info][gc,phases     ] GC(53)   Evacuate Collection Set: 20.0ms
[570.827s][info][gc,phases     ] GC(53)   Post Evacuate Collection Set: 10.5ms
[570.827s][info][gc,phases     ] GC(53)   Other: 0.7ms
[570.827s][info][gc,heap       ] GC(53) Eden regions: 67->0(72)
[570.828s][info][gc,heap       ] GC(53) Survivor regions: 8->10(12)
[570.828s][info][gc,heap       ] GC(53) Old regions: 85->92
[570.828s][info][gc,heap       ] GC(53) Humongous regions: 6->6
[570.828s][info][gc,metaspace  ] GC(53) Metaspace: 134594K->134594K(1171456K)
[570.828s][info][gc            ] GC(53) Pause Young (Concurrent Start) (Metadata GC Threshold) 330M->214M(442M) 33.306ms
[570.828s][info][gc,cpu        ] GC(53) User=0.21s Sys=0.03s Real=0.04s
[570.829s][info][gc            ] GC(54) Concurrent Cycle
[570.829s][info][gc,marking    ] GC(54) Concurrent Clear Claimed Marks
[570.829s][info][gc,marking    ] GC(54) Concurrent Clear Claimed Marks 0.566ms
[570.830s][info][gc,marking    ] GC(54) Concurrent Scan Root Regions
[570.837s][info][gc,marking    ] GC(54) Concurrent Scan Root Regions 7.742ms
[570.838s][info][gc,marking    ] GC(54) Concurrent Mark (570.838s)
[570.838s][info][gc,marking    ] GC(54) Concurrent Mark From Roots
[570.838s][info][gc,task       ] GC(54) Using 2 workers of 2 for marking
[570.930s][info][gc,marking    ] GC(54) Concurrent Mark From Roots 92.452ms
[570.931s][info][gc,marking    ] GC(54) Concurrent Preclean
[570.931s][info][gc,marking    ] GC(54) Concurrent Preclean 0.663ms
[570.931s][info][gc,marking    ] GC(54) Concurrent Mark (570.838s, 570.931s) 93.745ms
[570.932s][info][gc,start      ] GC(54) Pause Remark
[570.961s][info][gc,stringtable] GC(54) Cleaned string and symbol table, strings: 53073 processed, 1532 removed, symbols: 348067 processed, 145 removed
[570.962s][info][gc            ] GC(54) Pause Remark 219M->219M(442M) 30.524ms
[570.963s][info][gc,cpu        ] GC(54) User=0.21s Sys=0.01s Real=0.03s
[570.963s][info][gc,marking    ] GC(54) Concurrent Rebuild Remembered Sets
[571.027s][info][gc,marking    ] GC(54) Concurrent Rebuild Remembered Sets 63.881ms
[571.027s][info][gc,start      ] GC(54) Pause Cleanup
[571.028s][info][gc            ] GC(54) Pause Cleanup 220M->220M(442M) 0.510ms
[571.028s][info][gc,cpu        ] GC(54) User=0.00s Sys=0.00s Real=0.00s
[571.028s][info][gc,marking    ] GC(54) Concurrent Cleanup for Next Mark
[571.029s][info][gc,marking    ] GC(54) Concurrent Cleanup for Next Mark 0.921ms
[571.030s][info][gc            ] GC(54) Concurrent Cycle 200.933ms
[583.766s][info][gc,start      ] GC(55) Pause Young (Prepare Mixed) (G1 Evacuation Pause)
[583.766s][info][gc,task       ] GC(55) Using 8 workers of 8 for evacuation
[583.788s][info][gc,phases     ] GC(55)   Pre Evacuate Collection Set: 0.0ms
[583.789s][info][gc,phases     ] GC(55)   Evacuate Collection Set: 16.6ms
[583.789s][info][gc,phases     ] GC(55)   Post Evacuate Collection Set: 5.1ms
[583.789s][info][gc,phases     ] GC(55)   Other: 0.6ms
[583.789s][info][gc,heap       ] GC(55) Eden regions: 72->0(2)
[583.789s][info][gc,heap       ] GC(55) Survivor regions: 10->9(11)
[583.789s][info][gc,heap       ] GC(55) Old regions: 92->101
[583.789s][info][gc,heap       ] GC(55) Humongous regions: 6->6
[583.789s][info][gc,metaspace  ] GC(55) Metaspace: 159801K->159801K(1193984K)
[583.790s][info][gc            ] GC(55) Pause Young (Prepare Mixed) (G1 Evacuation Pause) 358M->230M(442M) 23.392ms
[583.790s][info][gc,cpu        ] GC(55) User=0.15s Sys=0.01s Real=0.03s
[583.920s][info][gc,start      ] GC(56) Pause Young (Mixed) (G1 Evacuation Pause)
[583.921s][info][gc,task       ] GC(56) Using 8 workers of 8 for evacuation
[583.942s][info][gc,phases     ] GC(56)   Pre Evacuate Collection Set: 0.1ms
[583.942s][info][gc,phases     ] GC(56)   Evacuate Collection Set: 18.3ms
[583.942s][info][gc,phases     ] GC(56)   Post Evacuate Collection Set: 2.4ms
[583.942s][info][gc,phases     ] GC(56)   Other: 0.6ms
[583.942s][info][gc,heap       ] GC(56) Eden regions: 2->0(9)
[583.943s][info][gc,heap       ] GC(56) Survivor regions: 9->2(2)
[583.943s][info][gc,heap       ] GC(56) Old regions: 101->92
[583.943s][info][gc,heap       ] GC(56) Humongous regions: 6->6
[583.943s][info][gc,metaspace  ] GC(56) Metaspace: 161562K->161562K(1193984K)
[583.943s][info][gc            ] GC(56) Pause Young (Mixed) (G1 Evacuation Pause) 234M->197M(442M) 22.783ms
[583.943s][info][gc,cpu        ] GC(56) User=0.15s Sys=0.00s Real=0.02s
[591.359s][info][gc,start      ] GC(57) Pause Young (Mixed) (G1 Evacuation Pause)
[591.359s][info][gc,task       ] GC(57) Using 8 workers of 8 for evacuation
[591.368s][info][gc,phases     ] GC(57)   Pre Evacuate Collection Set: 0.0ms
[591.369s][info][gc,phases     ] GC(57)   Evacuate Collection Set: 6.5ms
[591.369s][info][gc,phases     ] GC(57)   Post Evacuate Collection Set: 2.5ms
[591.369s][info][gc,phases     ] GC(57)   Other: 0.6ms
[591.369s][info][gc,heap       ] GC(57) Eden regions: 9->0(82)
[591.369s][info][gc,heap       ] GC(57) Survivor regions: 2->2(2)
[591.369s][info][gc,heap       ] GC(57) Old regions: 92->86
[591.369s][info][gc,heap       ] GC(57) Humongous regions: 6->6
[591.369s][info][gc,metaspace  ] GC(57) Metaspace: 164597K->164597K(1198080K)
[591.369s][info][gc            ] GC(57) Pause Young (Mixed) (G1 Evacuation Pause) 215M->186M(442M) 10.794ms
[591.370s][info][gc,cpu        ] GC(57) User=0.05s Sys=0.00s Real=0.01s
[630.614s][info][gc,start      ] GC(58) Pause Young (Concurrent Start) (G1 Evacuation Pause)
[630.614s][info][gc,task       ] GC(58) Using 8 workers of 8 for evacuation
[630.628s][info][gc,phases     ] GC(58)   Pre Evacuate Collection Set: 0.3ms
[630.628s][info][gc,phases     ] GC(58)   Evacuate Collection Set: 10.1ms
[630.629s][info][gc,phases     ] GC(58)   Post Evacuate Collection Set: 3.5ms
[630.629s][info][gc,phases     ] GC(58)   Other: 0.6ms
[630.629s][info][gc,heap       ] GC(58) Eden regions: 82->0(79)
[630.630s][info][gc,heap       ] GC(58) Survivor regions: 2->7(11)
[630.630s][info][gc,heap       ] GC(58) Old regions: 86->86
[630.630s][info][gc,heap       ] GC(58) Humongous regions: 6->6
[630.630s][info][gc,metaspace  ] GC(58) Metaspace: 167161K->167161K(1200128K)
[630.631s][info][gc            ] GC(58) Pause Young (Concurrent Start) (G1 Evacuation Pause) 350M->197M(442M) 17.271ms
[630.631s][info][gc,cpu        ] GC(58) User=0.10s Sys=0.00s Real=0.02s
[630.632s][info][gc            ] GC(59) Concurrent Cycle
[630.632s][info][gc,marking    ] GC(59) Concurrent Clear Claimed Marks
[630.633s][info][gc,marking    ] GC(59) Concurrent Clear Claimed Marks 0.520ms
[630.633s][info][gc,marking    ] GC(59) Concurrent Scan Root Regions
[630.641s][info][gc,marking    ] GC(59) Concurrent Scan Root Regions 8.419ms
[630.642s][info][gc,marking    ] GC(59) Concurrent Mark (630.642s)
[630.642s][info][gc,marking    ] GC(59) Concurrent Mark From Roots
[630.642s][info][gc,task       ] GC(59) Using 2 workers of 2 for marking
[630.751s][info][gc,marking    ] GC(59) Concurrent Mark From Roots 109.301ms
[630.752s][info][gc,marking    ] GC(59) Concurrent Preclean
[630.752s][info][gc,marking    ] GC(59) Concurrent Preclean 0.620ms
[630.752s][info][gc,marking    ] GC(59) Concurrent Mark (630.642s, 630.752s) 110.820ms
[630.753s][info][gc,start      ] GC(59) Pause Remark
[630.780s][info][gc,stringtable] GC(59) Cleaned string and symbol table, strings: 64384 processed, 160 removed, symbols: 430358 processed, 152 removed
[630.781s][info][gc            ] GC(59) Pause Remark 204M->202M(442M) 27.981ms
[630.781s][info][gc,cpu        ] GC(59) User=0.18s Sys=0.00s Real=0.03s
[630.781s][info][gc,marking    ] GC(59) Concurrent Rebuild Remembered Sets
[630.843s][info][gc,marking    ] GC(59) Concurrent Rebuild Remembered Sets 61.286ms
[630.843s][info][gc,start      ] GC(59) Pause Cleanup
[630.844s][info][gc            ] GC(59) Pause Cleanup 202M->202M(442M) 0.417ms
[630.844s][info][gc,cpu        ] GC(59) User=0.00s Sys=0.00s Real=0.00s
[630.844s][info][gc,marking    ] GC(59) Concurrent Cleanup for Next Mark
[630.845s][info][gc,marking    ] GC(59) Concurrent Cleanup for Next Mark 0.862ms
[630.845s][info][gc            ] GC(59) Concurrent Cycle 213.513ms
[635.597s][info][gc,start      ] GC(60) Pause Young (Prepare Mixed) (G1 Evacuation Pause)
[635.597s][info][gc,task       ] GC(60) Using 8 workers of 8 for evacuation
[635.638s][info][gc,phases     ] GC(60)   Pre Evacuate Collection Set: 0.0ms
[635.638s][info][gc,phases     ] GC(60)   Evacuate Collection Set: 37.3ms
[635.639s][info][gc,phases     ] GC(60)   Post Evacuate Collection Set: 2.7ms
[635.639s][info][gc,phases     ] GC(60)   Other: 1.2ms
[635.639s][info][gc,heap       ] GC(60) Eden regions: 79->0(1)
[635.639s][info][gc,heap       ] GC(60) Survivor regions: 7->11(11)
[635.639s][info][gc,heap       ] GC(60) Old regions: 85->117
[635.639s][info][gc,heap       ] GC(60) Humongous regions: 6->6
[635.640s][info][gc,metaspace  ] GC(60) Metaspace: 174282K->174282K(1206272K)
[635.640s][info][gc            ] GC(60) Pause Young (Prepare Mixed) (G1 Evacuation Pause) 353M->267M(442M) 42.967ms
[635.640s][info][gc,cpu        ] GC(60) User=0.28s Sys=0.02s Real=0.04s
[635.649s][info][gc,start      ] GC(61) Pause Young (Mixed) (G1 Evacuation Pause)
[635.649s][info][gc,task       ] GC(61) Using 8 workers of 8 for evacuation
[635.664s][info][gc,phases     ] GC(61)   Pre Evacuate Collection Set: 0.0ms
[635.665s][info][gc,phases     ] GC(61)   Evacuate Collection Set: 13.2ms
[635.665s][info][gc,phases     ] GC(61)   Post Evacuate Collection Set: 1.9ms
[635.665s][info][gc,phases     ] GC(61)   Other: 0.5ms
[635.666s][info][gc,heap       ] GC(61) Eden regions: 1->0(9)
[635.666s][info][gc,heap       ] GC(61) Survivor regions: 11->2(2)
[635.666s][info][gc,heap       ] GC(61) Old regions: 117->107
[635.666s][info][gc,heap       ] GC(61) Humongous regions: 6->6
[635.667s][info][gc,metaspace  ] GC(61) Metaspace: 174282K->174282K(1206272K)
[635.667s][info][gc            ] GC(61) Pause Young (Mixed) (G1 Evacuation Pause) 269M->228M(442M) 17.966ms
[635.667s][info][gc,cpu        ] GC(61) User=0.09s Sys=0.01s Real=0.02s
[635.756s][info][gc,start      ] GC(62) Pause Young (Mixed) (G1 Evacuation Pause)
[635.756s][info][gc,task       ] GC(62) Using 8 workers of 8 for evacuation
[635.766s][info][gc,phases     ] GC(62)   Pre Evacuate Collection Set: 0.0ms
[635.767s][info][gc,phases     ] GC(62)   Evacuate Collection Set: 7.9ms
[635.767s][info][gc,phases     ] GC(62)   Post Evacuate Collection Set: 1.8ms
[635.767s][info][gc,phases     ] GC(62)   Other: 0.5ms
[635.767s][info][gc,heap       ] GC(62) Eden regions: 9->0(46)
[635.767s][info][gc,heap       ] GC(62) Survivor regions: 2->2(2)
[635.767s][info][gc,heap       ] GC(62) Old regions: 107->105
[635.767s][info][gc,heap       ] GC(62) Humongous regions: 6->6
[635.767s][info][gc,metaspace  ] GC(62) Metaspace: 174283K->174283K(1206272K)
[635.767s][info][gc            ] GC(62) Pause Young (Mixed) (G1 Evacuation Pause) 246M->225M(442M) 11.388ms
[635.767s][info][gc,cpu        ] GC(62) User=0.05s Sys=0.01s Real=0.02s
[636.058s][info][gc,start      ] GC(63) Pause Young (Concurrent Start) (G1 Evacuation Pause)
[636.058s][info][gc,task       ] GC(63) Using 8 workers of 8 for evacuation
[636.082s][info][gc,phases     ] GC(63)   Pre Evacuate Collection Set: 0.3ms
[636.083s][info][gc,phases     ] GC(63)   Evacuate Collection Set: 21.6ms
[636.083s][info][gc,phases     ] GC(63)   Post Evacuate Collection Set: 2.0ms
[636.084s][info][gc,phases     ] GC(63)   Other: 0.6ms
[636.084s][info][gc,heap       ] GC(63) Eden regions: 46->0(35)
[636.084s][info][gc,heap       ] GC(63) Survivor regions: 2->6(6)
[636.085s][info][gc,heap       ] GC(63) Old regions: 105->120
[636.085s][info][gc,heap       ] GC(63) Humongous regions: 6->6
[636.086s][info][gc,metaspace  ] GC(63) Metaspace: 174283K->174283K(1206272K)
[636.086s][info][gc            ] GC(63) Pause Young (Concurrent Start) (G1 Evacuation Pause) 317M->264M(442M) 28.221ms
[636.086s][info][gc,cpu        ] GC(63) User=0.17s Sys=0.00s Real=0.02s
[636.087s][info][gc            ] GC(64) Concurrent Cycle
[636.087s][info][gc,marking    ] GC(64) Concurrent Clear Claimed Marks
[636.087s][info][gc,marking    ] GC(64) Concurrent Clear Claimed Marks 0.478ms
[636.087s][info][gc,marking    ] GC(64) Concurrent Scan Root Regions
[636.092s][info][gc,marking    ] GC(64) Concurrent Scan Root Regions 4.661ms
[636.092s][info][gc,marking    ] GC(64) Concurrent Mark (636.092s)
[636.093s][info][gc,marking    ] GC(64) Concurrent Mark From Roots
[636.093s][info][gc,task       ] GC(64) Using 2 workers of 2 for marking
[636.243s][info][gc,marking    ] GC(64) Concurrent Mark From Roots 150.069ms
[636.243s][info][gc,marking    ] GC(64) Concurrent Preclean
[636.244s][info][gc,marking    ] GC(64) Concurrent Preclean 0.754ms
[636.244s][info][gc,marking    ] GC(64) Concurrent Mark (636.092s, 636.244s) 151.546ms
[636.244s][info][gc,start      ] GC(64) Pause Remark
[636.268s][info][gc,stringtable] GC(64) Cleaned string and symbol table, strings: 95288 processed, 1919 removed, symbols: 475735 processed, 40 removed
[636.269s][info][gc            ] GC(64) Pause Remark 295M->293M(442M) 24.440ms
[636.269s][info][gc,cpu        ] GC(64) User=0.15s Sys=0.01s Real=0.03s
[636.269s][info][gc,marking    ] GC(64) Concurrent Rebuild Remembered Sets
[636.359s][info][gc,marking    ] GC(64) Concurrent Rebuild Remembered Sets 89.577ms
[636.359s][info][gc,start      ] GC(64) Pause Cleanup
[636.360s][info][gc            ] GC(64) Pause Cleanup 294M->294M(442M) 0.393ms
[636.360s][info][gc,cpu        ] GC(64) User=0.01s Sys=0.00s Real=0.00s
[636.360s][info][gc,marking    ] GC(64) Concurrent Cleanup for Next Mark
[636.362s][info][gc,marking    ] GC(64) Concurrent Cleanup for Next Mark 1.385ms
[636.363s][info][gc            ] GC(64) Concurrent Cycle 276.363ms
[637.210s][info][gc,start      ] GC(65) Pause Young (Prepare Mixed) (G1 Evacuation Pause)
[637.210s][info][gc,task       ] GC(65) Using 8 workers of 8 for evacuation
[637.233s][info][gc,phases     ] GC(65)   Pre Evacuate Collection Set: 0.0ms
[637.234s][info][gc,phases     ] GC(65)   Evacuate Collection Set: 20.9ms
[637.234s][info][gc,phases     ] GC(65)   Post Evacuate Collection Set: 2.2ms
[637.234s][info][gc,phases     ] GC(65)   Other: 0.5ms
[637.234s][info][gc,heap       ] GC(65) Eden regions: 35->0(5)
[637.234s][info][gc,heap       ] GC(65) Survivor regions: 6->6(6)
[637.234s][info][gc,heap       ] GC(65) Old regions: 119->128
[637.234s][info][gc,heap       ] GC(65) Humongous regions: 6->6
[637.235s][info][gc,metaspace  ] GC(65) Metaspace: 176353K->176353K(1208320K)
[637.235s][info][gc            ] GC(65) Pause Young (Prepare Mixed) (G1 Evacuation Pause) 332M->279M(442M) 24.750ms
[637.235s][info][gc,cpu        ] GC(65) User=0.17s Sys=0.00s Real=0.02s
[637.374s][info][gc,start      ] GC(66) Pause Young (Mixed) (G1 Evacuation Pause)
[637.374s][info][gc,task       ] GC(66) Using 8 workers of 8 for evacuation
[637.393s][info][gc,phases     ] GC(66)   Pre Evacuate Collection Set: 0.0ms
[637.393s][info][gc,phases     ] GC(66)   Evacuate Collection Set: 15.9ms
[637.393s][info][gc,phases     ] GC(66)   Post Evacuate Collection Set: 2.4ms
[637.393s][info][gc,phases     ] GC(66)   Other: 0.5ms
[637.394s][info][gc,heap       ] GC(66) Eden regions: 5->0(36)
[637.394s][info][gc,heap       ] GC(66) Survivor regions: 6->2(2)
[637.394s][info][gc,heap       ] GC(66) Old regions: 128->122
[637.394s][info][gc,heap       ] GC(66) Humongous regions: 6->6
[637.394s][info][gc,metaspace  ] GC(66) Metaspace: 176431K->176431K(1208320K)
[637.394s][info][gc            ] GC(66) Pause Young (Mixed) (G1 Evacuation Pause) 289M->258M(442M) 20.104ms
[637.394s][info][gc,cpu        ] GC(66) User=0.13s Sys=0.00s Real=0.02s
[637.684s][info][gc,start      ] GC(67) Pause Young (Concurrent Start) (G1 Humongous Allocation)
[637.684s][info][gc,task       ] GC(67) Using 8 workers of 8 for evacuation
[637.695s][info][gc,phases     ] GC(67)   Pre Evacuate Collection Set: 0.3ms
[637.695s][info][gc,phases     ] GC(67)   Evacuate Collection Set: 8.4ms
[637.696s][info][gc,phases     ] GC(67)   Post Evacuate Collection Set: 2.0ms
[637.696s][info][gc,phases     ] GC(67)   Other: 0.6ms
[637.696s][info][gc,heap       ] GC(67) Eden regions: 11->0(38)
[637.696s][info][gc,heap       ] GC(67) Survivor regions: 2->3(5)
[637.696s][info][gc,heap       ] GC(67) Old regions: 122->122
[637.696s][info][gc,heap       ] GC(67) Humongous regions: 6->6
[637.696s][info][gc,metaspace  ] GC(67) Metaspace: 179694K->179694K(1210368K)
[637.696s][info][gc            ] GC(67) Pause Young (Concurrent Start) (G1 Humongous Allocation) 278M->260M(442M) 12.443ms
[637.696s][info][gc,cpu        ] GC(67) User=0.07s Sys=0.00s Real=0.01s
[637.697s][info][gc            ] GC(68) Concurrent Cycle
[637.697s][info][gc,marking    ] GC(68) Concurrent Clear Claimed Marks
[637.697s][info][gc,marking    ] GC(68) Concurrent Clear Claimed Marks 0.474ms
[637.697s][info][gc,marking    ] GC(68) Concurrent Scan Root Regions
[637.702s][info][gc,marking    ] GC(68) Concurrent Scan Root Regions 4.119ms
[637.702s][info][gc,marking    ] GC(68) Concurrent Mark (637.702s)
[637.702s][info][gc,marking    ] GC(68) Concurrent Mark From Roots
[637.703s][info][gc,task       ] GC(68) Using 2 workers of 2 for marking
[637.961s][info][gc,marking    ] GC(68) Concurrent Mark From Roots 258.958ms
[637.961s][info][gc,marking    ] GC(68) Concurrent Preclean
[637.962s][info][gc,marking    ] GC(68) Concurrent Preclean 0.713ms
[637.962s][info][gc,marking    ] GC(68) Concurrent Mark (637.702s, 637.962s) 260.577ms
[637.963s][info][gc,start      ] GC(68) Pause Remark
[637.983s][info][gc,stringtable] GC(68) Cleaned string and symbol table, strings: 94985 processed, 1 removed, symbols: 490171 processed, 46 removed
[637.984s][info][gc            ] GC(68) Pause Remark 319M->319M(442M) 20.769ms
[637.984s][info][gc,cpu        ] GC(68) User=0.11s Sys=0.01s Real=0.02s
[637.985s][info][gc,marking    ] GC(68) Concurrent Rebuild Remembered Sets
[638.113s][info][gc,start      ] GC(69) Pause Young (Normal) (GCLocker Initiated GC)
[638.114s][info][gc,task       ] GC(69) Using 8 workers of 8 for evacuation
[638.134s][info][gc,phases     ] GC(69)   Pre Evacuate Collection Set: 0.0ms
[638.135s][info][gc,phases     ] GC(69)   Evacuate Collection Set: 16.3ms
[638.135s][info][gc,phases     ] GC(69)   Post Evacuate Collection Set: 4.1ms
[638.135s][info][gc,phases     ] GC(69)   Other: 0.6ms
[638.135s][info][gc,heap       ] GC(69) Eden regions: 39->0(35)
[638.135s][info][gc,heap       ] GC(69) Survivor regions: 3->6(6)
[638.135s][info][gc,heap       ] GC(69) Old regions: 122->127
[638.135s][info][gc,heap       ] GC(69) Humongous regions: 14->6
[638.135s][info][gc,metaspace  ] GC(69) Metaspace: 180729K->180729K(1212416K)
[638.136s][info][gc            ] GC(69) Pause Young (Normal) (GCLocker Initiated GC) 353M->276M(442M) 22.106ms
[638.136s][info][gc,cpu        ] GC(69) User=0.13s Sys=0.00s Real=0.02s
[638.182s][info][gc,marking    ] GC(68) Concurrent Rebuild Remembered Sets 197.294ms
[638.183s][info][gc,start      ] GC(68) Pause Cleanup
[638.183s][info][gc            ] GC(68) Pause Cleanup 290M->290M(442M) 0.476ms
[638.183s][info][gc,cpu        ] GC(68) User=0.00s Sys=0.00s Real=0.00s
[638.184s][info][gc,marking    ] GC(68) Concurrent Cleanup for Next Mark
[638.184s][info][gc,marking    ] GC(68) Concurrent Cleanup for Next Mark 0.625ms
[638.184s][info][gc            ] GC(68) Concurrent Cycle 487.745ms
[638.431s][info][gc,start      ] GC(70) Pause Young (Prepare Mixed) (G1 Evacuation Pause)
[638.431s][info][gc,task       ] GC(70) Using 8 workers of 8 for evacuation
[638.462s][info][gc,phases     ] GC(70)   Pre Evacuate Collection Set: 0.0ms
[638.462s][info][gc,phases     ] GC(70)   Evacuate Collection Set: 26.4ms
[638.462s][info][gc,phases     ] GC(70)   Post Evacuate Collection Set: 3.7ms
[638.462s][info][gc,phases     ] GC(70)   Other: 0.7ms
[638.462s][info][gc,heap       ] GC(70) Eden regions: 35->0(7)
[638.462s][info][gc,heap       ] GC(70) Survivor regions: 6->4(6)
[638.462s][info][gc,heap       ] GC(70) Old regions: 127->133
[638.463s][info][gc,heap       ] GC(70) Humongous regions: 6->6
[638.463s][info][gc,metaspace  ] GC(70) Metaspace: 181477K->181477K(1212416K)
[638.463s][info][gc            ] GC(70) Pause Young (Prepare Mixed) (G1 Evacuation Pause) 346M->282M(442M) 31.940ms
[638.463s][info][gc,cpu        ] GC(70) User=0.22s Sys=0.00s Real=0.03s
[638.503s][info][gc,start      ] GC(71) Pause Young (Mixed) (G1 Evacuation Pause)
[638.503s][info][gc,task       ] GC(71) Using 8 workers of 8 for evacuation
[638.518s][info][gc,phases     ] GC(71)   Pre Evacuate Collection Set: 0.0ms
[638.518s][info][gc,phases     ] GC(71)   Evacuate Collection Set: 11.7ms
[638.519s][info][gc,phases     ] GC(71)   Post Evacuate Collection Set: 2.9ms
[638.519s][info][gc,phases     ] GC(71)   Other: 0.7ms
[638.519s][info][gc,heap       ] GC(71) Eden regions: 7->0(36)
[638.519s][info][gc,heap       ] GC(71) Survivor regions: 4->1(2)
[638.519s][info][gc,heap       ] GC(71) Old regions: 133->133
[638.519s][info][gc,heap       ] GC(71) Humongous regions: 6->6
[638.519s][info][gc,metaspace  ] GC(71) Metaspace: 181488K->181488K(1212416K)
[638.519s][info][gc            ] GC(71) Pause Young (Mixed) (G1 Evacuation Pause) 296M->279M(442M) 16.319ms
[638.519s][info][gc,cpu        ] GC(71) User=0.09s Sys=0.01s Real=0.02s
[638.809s][info][gc,start      ] GC(72) Pause Young (Concurrent Start) (G1 Evacuation Pause)
[638.809s][info][gc,task       ] GC(72) Using 8 workers of 8 for evacuation
[638.829s][info][gc,phases     ] GC(72)   Pre Evacuate Collection Set: 0.4ms
[638.830s][info][gc,phases     ] GC(72)   Evacuate Collection Set: 16.9ms
[638.830s][info][gc,phases     ] GC(72)   Post Evacuate Collection Set: 2.7ms
[638.830s][info][gc,phases     ] GC(72)   Other: 0.9ms
[638.830s][info][gc,heap       ] GC(72) Eden regions: 36->0(36)
[638.830s][info][gc,heap       ] GC(72) Survivor regions: 1->3(5)
[638.830s][info][gc,heap       ] GC(72) Old regions: 133->133
[638.830s][info][gc,heap       ] GC(72) Humongous regions: 6->6
[638.830s][info][gc,metaspace  ] GC(72) Metaspace: 182149K->182149K(1212416K)
[638.831s][info][gc            ] GC(72) Pause Young (Concurrent Start) (G1 Evacuation Pause) 351M->282M(442M) 22.115ms
[638.831s][info][gc,cpu        ] GC(72) User=0.10s Sys=0.01s Real=0.02s
[638.831s][info][gc            ] GC(73) Concurrent Cycle
[638.831s][info][gc,marking    ] GC(73) Concurrent Clear Claimed Marks
[638.832s][info][gc,marking    ] GC(73) Concurrent Clear Claimed Marks 0.635ms
[638.832s][info][gc,marking    ] GC(73) Concurrent Scan Root Regions
[638.837s][info][gc,marking    ] GC(73) Concurrent Scan Root Regions 4.553ms
[638.838s][info][gc,marking    ] GC(73) Concurrent Mark (638.838s)
[638.847s][info][gc,marking    ] GC(73) Concurrent Mark From Roots
[638.847s][info][gc,task       ] GC(73) Using 2 workers of 2 for marking
[639.069s][info][gc,start      ] GC(74) Pause Young (Normal) (G1 Evacuation Pause)
[639.069s][info][gc,task       ] GC(74) Using 8 workers of 8 for evacuation
[639.078s][info][gc,phases     ] GC(74)   Pre Evacuate Collection Set: 0.0ms
[639.079s][info][gc,phases     ] GC(74)   Evacuate Collection Set: 6.9ms
[639.079s][info][gc,phases     ] GC(74)   Post Evacuate Collection Set: 1.7ms
[639.079s][info][gc,phases     ] GC(74)   Other: 0.7ms
[639.079s][info][gc,heap       ] GC(74) Eden regions: 36->0(38)
[639.079s][info][gc,heap       ] GC(74) Survivor regions: 3->3(5)
[639.079s][info][gc,heap       ] GC(74) Old regions: 133->133
[639.079s][info][gc,heap       ] GC(74) Humongous regions: 6->6
[639.079s][info][gc,metaspace  ] GC(74) Metaspace: 182905K->182905K(1212416K)
[639.079s][info][gc            ] GC(74) Pause Young (Normal) (G1 Evacuation Pause) 354M->282M(442M) 10.278ms
[639.079s][info][gc,cpu        ] GC(74) User=0.04s Sys=0.01s Real=0.01s
[639.233s][info][gc,marking    ] GC(73) Concurrent Mark From Roots 385.998ms
[639.233s][info][gc,marking    ] GC(73) Concurrent Preclean
[639.234s][info][gc,marking    ] GC(73) Concurrent Preclean 0.853ms
[639.234s][info][gc,marking    ] GC(73) Concurrent Mark (638.838s, 639.234s) 396.088ms
[639.235s][info][gc,start      ] GC(73) Pause Remark
[639.260s][info][gc,stringtable] GC(73) Cleaned string and symbol table, strings: 95632 processed, 3 removed, symbols: 492353 processed, 1 removed
[639.260s][info][gc            ] GC(73) Pause Remark 364M->364M(442M) 25.773ms
[639.261s][info][gc,cpu        ] GC(73) User=0.16s Sys=0.00s Real=0.03s
[639.261s][info][gc,marking    ] GC(73) Concurrent Rebuild Remembered Sets
[639.265s][info][gc,start      ] GC(75) Pause Young (Normal) (G1 Evacuation Pause)
[639.265s][info][gc,task       ] GC(75) Using 8 workers of 8 for evacuation
[639.271s][info][gc,phases     ] GC(75)   Pre Evacuate Collection Set: 0.0ms
[639.272s][info][gc,phases     ] GC(75)   Evacuate Collection Set: 3.6ms
[639.272s][info][gc,phases     ] GC(75)   Post Evacuate Collection Set: 2.2ms
[639.272s][info][gc,phases     ] GC(75)   Other: 0.5ms
[639.272s][info][gc,heap       ] GC(75) Eden regions: 38->0(39)
[639.272s][info][gc,heap       ] GC(75) Survivor regions: 3->3(6)
[639.272s][info][gc,heap       ] GC(75) Old regions: 133->133
[639.272s][info][gc,heap       ] GC(75) Humongous regions: 10->7
[639.272s][info][gc,metaspace  ] GC(75) Metaspace: 182861K->182861K(1212416K)
[639.273s][info][gc            ] GC(75) Pause Young (Normal) (G1 Evacuation Pause) 366M->284M(442M) 7.437ms
[639.273s][info][gc,cpu        ] GC(75) User=0.03s Sys=0.00s Real=0.01s
[639.420s][info][gc,start      ] GC(76) Pause Young (Normal) (G1 Evacuation Pause)
[639.420s][info][gc,task       ] GC(76) Using 8 workers of 8 for evacuation
[639.428s][info][gc,phases     ] GC(76)   Pre Evacuate Collection Set: 0.0ms
[639.429s][info][gc,phases     ] GC(76)   Evacuate Collection Set: 5.5ms
[639.429s][info][gc,phases     ] GC(76)   Post Evacuate Collection Set: 2.0ms
[639.429s][info][gc,phases     ] GC(76)   Other: 0.7ms
[639.429s][info][gc,heap       ] GC(76) Eden regions: 39->0(61)
[639.429s][info][gc,heap       ] GC(76) Survivor regions: 3->3(6)
[639.429s][info][gc,heap       ] GC(76) Old regions: 133->133
[639.429s][info][gc,heap       ] GC(76) Humongous regions: 15->6
[639.429s][info][gc,metaspace  ] GC(76) Metaspace: 182931K->182931K(1212416K)
[639.429s][info][gc            ] GC(76) Pause Young (Normal) (G1 Evacuation Pause) 378M->283M(564M) 9.392ms
[639.430s][info][gc,cpu        ] GC(76) User=0.03s Sys=0.01s Real=0.01s
[639.492s][info][gc,marking    ] GC(73) Concurrent Rebuild Remembered Sets 230.539ms
[639.492s][info][gc,start      ] GC(73) Pause Cleanup
[639.493s][info][gc            ] GC(73) Pause Cleanup 319M->319M(564M) 0.529ms
[639.493s][info][gc,cpu        ] GC(73) User=0.00s Sys=0.00s Real=0.00s
[639.494s][info][gc,marking    ] GC(73) Concurrent Cleanup for Next Mark
[639.499s][info][gc,marking    ] GC(73) Concurrent Cleanup for Next Mark 5.663ms
[639.499s][info][gc            ] GC(73) Concurrent Cycle 668.529ms
[639.639s][info][gc,start      ] GC(77) Pause Young (Normal) (G1 Evacuation Pause)
[639.639s][info][gc,task       ] GC(77) Using 8 workers of 8 for evacuation
[639.649s][info][gc,phases     ] GC(77)   Pre Evacuate Collection Set: 0.0ms
[639.649s][info][gc,phases     ] GC(77)   Evacuate Collection Set: 8.2ms
[639.650s][info][gc,phases     ] GC(77)   Post Evacuate Collection Set: 1.8ms
[639.650s][info][gc,phases     ] GC(77)   Other: 0.5ms
[639.650s][info][gc,heap       ] GC(77) Eden regions: 61->0(64)
[639.650s][info][gc,heap       ] GC(77) Survivor regions: 3->4(8)
[639.650s][info][gc,heap       ] GC(77) Old regions: 133->133
[639.650s][info][gc,heap       ] GC(77) Humongous regions: 6->6
[639.650s][info][gc,metaspace  ] GC(77) Metaspace: 183033K->183033K(1212416K)
[639.651s][info][gc            ] GC(77) Pause Young (Normal) (G1 Evacuation Pause) 405M->284M(564M) 11.930ms
[639.651s][info][gc,cpu        ] GC(77) User=0.06s Sys=0.00s Real=0.01s
[639.939s][info][gc,start      ] GC(78) Pause Young (Concurrent Start) (G1 Evacuation Pause)
[639.940s][info][gc,task       ] GC(78) Using 8 workers of 8 for evacuation
[639.954s][info][gc,phases     ] GC(78)   Pre Evacuate Collection Set: 0.4ms
[639.954s][info][gc,phases     ] GC(78)   Evacuate Collection Set: 11.4ms
[639.954s][info][gc,phases     ] GC(78)   Post Evacuate Collection Set: 2.1ms
[639.955s][info][gc,phases     ] GC(78)   Other: 0.8ms
[639.955s][info][gc,heap       ] GC(78) Eden regions: 64->0(67)
[639.955s][info][gc,heap       ] GC(78) Survivor regions: 4->6(9)
[639.955s][info][gc,heap       ] GC(78) Old regions: 133->133
[639.955s][info][gc,heap       ] GC(78) Humongous regions: 6->6
[639.955s][info][gc,metaspace  ] GC(78) Metaspace: 183249K->183249K(1214464K)
[639.955s][info][gc            ] GC(78) Pause Young (Concurrent Start) (G1 Evacuation Pause) 412M->288M(564M) 16.037ms
[639.956s][info][gc,cpu        ] GC(78) User=0.09s Sys=0.01s Real=0.01s
[639.956s][info][gc            ] GC(79) Concurrent Cycle
[639.956s][info][gc,marking    ] GC(79) Concurrent Clear Claimed Marks
[639.957s][info][gc,marking    ] GC(79) Concurrent Clear Claimed Marks 0.631ms
[639.957s][info][gc,marking    ] GC(79) Concurrent Scan Root Regions
[639.964s][info][gc,marking    ] GC(79) Concurrent Scan Root Regions 7.587ms
[639.966s][info][gc,marking    ] GC(79) Concurrent Mark (639.966s)
[639.966s][info][gc,marking    ] GC(79) Concurrent Mark From Roots
[639.966s][info][gc,task       ] GC(79) Using 2 workers of 2 for marking
[640.354s][info][gc,start      ] GC(80) Pause Young (Normal) (G1 Evacuation Pause)
[640.354s][info][gc,task       ] GC(80) Using 8 workers of 8 for evacuation
[640.369s][info][gc,phases     ] GC(80)   Pre Evacuate Collection Set: 0.0ms
[640.369s][info][gc,phases     ] GC(80)   Evacuate Collection Set: 12.5ms
[640.369s][info][gc,phases     ] GC(80)   Post Evacuate Collection Set: 2.0ms
[640.369s][info][gc,phases     ] GC(80)   Other: 0.6ms
[640.369s][info][gc,heap       ] GC(80) Eden regions: 67->0(70)
[640.370s][info][gc,heap       ] GC(80) Survivor regions: 6->6(10)
[640.370s][info][gc,heap       ] GC(80) Old regions: 133->134
[640.370s][info][gc,heap       ] GC(80) Humongous regions: 6->6
[640.370s][info][gc,metaspace  ] GC(80) Metaspace: 184335K->184335K(1214464K)
[640.370s][info][gc            ] GC(80) Pause Young (Normal) (G1 Evacuation Pause) 422M->289M(564M) 16.606ms
[640.371s][info][gc,cpu        ] GC(80) User=0.11s Sys=0.00s Real=0.02s
[640.383s][info][gc,marking    ] GC(79) Concurrent Mark From Roots 416.890ms
[640.383s][info][gc,marking    ] GC(79) Concurrent Preclean
[640.384s][info][gc,marking    ] GC(79) Concurrent Preclean 0.672ms
[640.387s][info][gc,marking    ] GC(79) Concurrent Mark (639.966s, 640.387s) 420.959ms
[640.389s][info][gc,start      ] GC(79) Pause Remark
[640.406s][info][gc,stringtable] GC(79) Cleaned string and symbol table, strings: 96026 processed, 0 removed, symbols: 494759 processed, 50 removed
[640.406s][info][gc            ] GC(79) Pause Remark 295M->295M(564M) 17.553ms
[640.407s][info][gc,cpu        ] GC(79) User=0.10s Sys=0.01s Real=0.02s
[640.407s][info][gc,marking    ] GC(79) Concurrent Rebuild Remembered Sets
[640.645s][info][gc,marking    ] GC(79) Concurrent Rebuild Remembered Sets 238.185ms
[640.647s][info][gc,start      ] GC(79) Pause Cleanup
[640.648s][info][gc            ] GC(79) Pause Cleanup 364M->364M(564M) 0.372ms
[640.648s][info][gc,cpu        ] GC(79) User=0.00s Sys=0.00s Real=0.00s
[640.648s][info][gc,marking    ] GC(79) Concurrent Cleanup for Next Mark
[640.650s][info][gc,marking    ] GC(79) Concurrent Cleanup for Next Mark 1.831ms
[640.650s][info][gc            ] GC(79) Concurrent Cycle 694.385ms
[640.828s][info][gc,start      ] GC(81) Pause Young (Normal) (G1 Evacuation Pause)
[640.828s][info][gc,task       ] GC(81) Using 8 workers of 8 for evacuation
[640.845s][info][gc,phases     ] GC(81)   Pre Evacuate Collection Set: 0.0ms
[640.845s][info][gc,phases     ] GC(81)   Evacuate Collection Set: 13.0ms
[640.845s][info][gc,phases     ] GC(81)   Post Evacuate Collection Set: 3.5ms
[640.845s][info][gc,phases     ] GC(81)   Other: 0.6ms
[640.846s][info][gc,heap       ] GC(81) Eden regions: 70->0(123)
[640.846s][info][gc,heap       ] GC(81) Survivor regions: 6->5(10)
[640.846s][info][gc,heap       ] GC(81) Old regions: 134->135
[640.846s][info][gc,heap       ] GC(81) Humongous regions: 6->6
[640.846s][info][gc,metaspace  ] GC(81) Metaspace: 184687K->184687K(1214464K)
[640.846s][info][gc            ] GC(81) Pause Young (Normal) (G1 Evacuation Pause) 429M->290M(812M) 18.401ms
[640.846s][info][gc,cpu        ] GC(81) User=0.10s Sys=0.00s Real=0.01s
[641.676s][info][gc,start      ] GC(82) Pause Young (Normal) (G1 Evacuation Pause)
[641.677s][info][gc,task       ] GC(82) Using 8 workers of 8 for evacuation
[641.686s][info][gc,phases     ] GC(82)   Pre Evacuate Collection Set: 0.0ms
[641.686s][info][gc,phases     ] GC(82)   Evacuate Collection Set: 6.9ms
[641.687s][info][gc,phases     ] GC(82)   Post Evacuate Collection Set: 2.2ms
[641.687s][info][gc,phases     ] GC(82)   Other: 0.6ms
[641.687s][info][gc,heap       ] GC(82) Eden regions: 123->0(135)
[641.687s][info][gc,heap       ] GC(82) Survivor regions: 5->2(16)
[641.687s][info][gc,heap       ] GC(82) Old regions: 135->135
[641.687s][info][gc,heap       ] GC(82) Humongous regions: 6->6
[641.687s][info][gc,metaspace  ] GC(82) Metaspace: 186461K->186461K(1216512K)
[641.688s][info][gc            ] GC(82) Pause Young (Normal) (G1 Evacuation Pause) 536M->284M(812M) 11.156ms
[641.688s][info][gc,cpu        ] GC(82) User=0.05s Sys=0.01s Real=0.02s
[642.330s][info][gc,start      ] GC(83) Pause Young (Normal) (G1 Evacuation Pause)
[642.331s][info][gc,task       ] GC(83) Using 8 workers of 8 for evacuation
[642.339s][info][gc,phases     ] GC(83)   Pre Evacuate Collection Set: 0.0ms
[642.339s][info][gc,phases     ] GC(83)   Evacuate Collection Set: 4.2ms
[642.339s][info][gc,phases     ] GC(83)   Post Evacuate Collection Set: 3.7ms
[642.339s][info][gc,phases     ] GC(83)   Other: 0.6ms
[642.339s][info][gc,heap       ] GC(83) Eden regions: 135->0(145)
[642.340s][info][gc,heap       ] GC(83) Survivor regions: 2->3(18)
[642.340s][info][gc,heap       ] GC(83) Old regions: 135->135
[642.340s][info][gc,heap       ] GC(83) Humongous regions: 6->6
[642.340s][info][gc,metaspace  ] GC(83) Metaspace: 186736K->186736K(1216512K)
[642.340s][info][gc            ] GC(83) Pause Young (Normal) (G1 Evacuation Pause) 554M->285M(812M) 9.489ms
[642.340s][info][gc,cpu        ] GC(83) User=0.04s Sys=0.00s Real=0.01s
[642.781s][info][gc,start      ] GC(84) Pause Young (Concurrent Start) (G1 Evacuation Pause)
[642.781s][info][gc,task       ] GC(84) Using 8 workers of 8 for evacuation
[642.794s][info][gc,phases     ] GC(84)   Pre Evacuate Collection Set: 0.5ms
[642.795s][info][gc,phases     ] GC(84)   Evacuate Collection Set: 10.7ms
[642.795s][info][gc,phases     ] GC(84)   Post Evacuate Collection Set: 1.8ms
[642.795s][info][gc,phases     ] GC(84)   Other: 0.7ms
[642.795s][info][gc,heap       ] GC(84) Eden regions: 145->0(165)
[642.795s][info][gc,heap       ] GC(84) Survivor regions: 3->5(19)
[642.795s][info][gc,heap       ] GC(84) Old regions: 135->135
[642.795s][info][gc,heap       ] GC(84) Humongous regions: 6->6
[642.796s][info][gc,metaspace  ] GC(84) Metaspace: 186911K->186911K(1216512K)
[642.796s][info][gc            ] GC(84) Pause Young (Concurrent Start) (G1 Evacuation Pause) 575M->291M(812M) 14.902ms
[642.796s][info][gc,cpu        ] GC(84) User=0.08s Sys=0.00s Real=0.01s
[642.796s][info][gc            ] GC(85) Concurrent Cycle
[642.796s][info][gc,marking    ] GC(85) Concurrent Clear Claimed Marks
[642.797s][info][gc,marking    ] GC(85) Concurrent Clear Claimed Marks 0.524ms
[642.797s][info][gc,marking    ] GC(85) Concurrent Scan Root Regions
[642.807s][info][gc,marking    ] GC(85) Concurrent Scan Root Regions 9.815ms
[642.807s][info][gc,marking    ] GC(85) Concurrent Mark (642.807s)
[642.808s][info][gc,marking    ] GC(85) Concurrent Mark From Roots
[642.808s][info][gc,task       ] GC(85) Using 2 workers of 2 for marking
[643.258s][info][gc,marking    ] GC(85) Concurrent Mark From Roots 450.567ms
[643.259s][info][gc,marking    ] GC(85) Concurrent Preclean
[643.260s][info][gc,marking    ] GC(85) Concurrent Preclean 0.970ms
[643.260s][info][gc,marking    ] GC(85) Concurrent Mark (642.807s, 643.260s) 452.967ms
[643.261s][info][gc,start      ] GC(85) Pause Remark
[643.278s][info][gc,stringtable] GC(85) Cleaned string and symbol table, strings: 96589 processed, 0 removed, symbols: 497979 processed, 2 removed
[643.279s][info][gc            ] GC(85) Pause Remark 558M->558M(812M) 17.814ms
[643.279s][info][gc,cpu        ] GC(85) User=0.11s Sys=0.00s Real=0.02s
[643.279s][info][gc,marking    ] GC(85) Concurrent Rebuild Remembered Sets
[643.366s][info][gc,start      ] GC(86) Pause Young (Normal) (G1 Evacuation Pause)
[643.367s][info][gc,task       ] GC(86) Using 8 workers of 8 for evacuation
[643.383s][info][gc,phases     ] GC(86)   Pre Evacuate Collection Set: 0.0ms
[643.383s][info][gc,phases     ] GC(86)   Evacuate Collection Set: 12.5ms
[643.383s][info][gc,phases     ] GC(86)   Post Evacuate Collection Set: 3.4ms
[643.383s][info][gc,phases     ] GC(86)   Other: 0.6ms
[643.383s][info][gc,heap       ] GC(86) Eden regions: 165->0(205)
[643.384s][info][gc,heap       ] GC(86) Survivor regions: 5->6(22)
[643.384s][info][gc,heap       ] GC(86) Old regions: 135->135
[643.384s][info][gc,heap       ] GC(86) Humongous regions: 6->6
[643.384s][info][gc,metaspace  ] GC(86) Metaspace: 187007K->187007K(1216512K)
[643.384s][info][gc            ] GC(86) Pause Young (Normal) (G1 Evacuation Pause) 621M->293M(1088M) 17.570ms
[643.384s][info][gc,cpu        ] GC(86) User=0.11s Sys=0.00s Real=0.02s
[643.575s][info][gc,marking    ] GC(85) Concurrent Rebuild Remembered Sets 295.950ms
[643.582s][info][gc,start      ] GC(85) Pause Cleanup
[643.583s][info][gc            ] GC(85) Pause Cleanup 415M->415M(1088M) 0.764ms
[643.583s][info][gc,cpu        ] GC(85) User=0.00s Sys=0.00s Real=0.00s
[643.583s][info][gc,marking    ] GC(85) Concurrent Cleanup for Next Mark
[643.591s][info][gc,marking    ] GC(85) Concurrent Cleanup for Next Mark 7.793ms
[643.592s][info][gc            ] GC(85) Concurrent Cycle 796.470ms
[644.100s][info][gc,start      ] GC(87) Pause Young (Normal) (G1 Evacuation Pause)
[644.100s][info][gc,task       ] GC(87) Using 8 workers of 8 for evacuation
[644.118s][info][gc,phases     ] GC(87)   Pre Evacuate Collection Set: 0.0ms
[644.118s][info][gc,phases     ] GC(87)   Evacuate Collection Set: 14.8ms
[644.118s][info][gc,phases     ] GC(87)   Post Evacuate Collection Set: 2.9ms
[644.119s][info][gc,phases     ] GC(87)   Other: 0.6ms
[644.119s][info][gc,heap       ] GC(87) Eden regions: 206->0(233)
[644.119s][info][gc,heap       ] GC(87) Survivor regions: 6->8(27)
[644.119s][info][gc,heap       ] GC(87) Old regions: 135->135
[644.119s][info][gc,heap       ] GC(87) Humongous regions: 12->6
[644.119s][info][gc,metaspace  ] GC(87) Metaspace: 187024K->187024K(1216512K)
[644.120s][info][gc            ] GC(87) Pause Young (Normal) (G1 Evacuation Pause) 717M->295M(1088M) 19.859ms
[644.120s][info][gc,cpu        ] GC(87) User=0.12s Sys=0.00s Real=0.02s
[644.833s][info][gc,start      ] GC(88) Pause Young (Normal) (G1 Evacuation Pause)
[644.834s][info][gc,task       ] GC(88) Using 8 workers of 8 for evacuation
[644.847s][info][gc,phases     ] GC(88)   Pre Evacuate Collection Set: 0.0ms
[644.847s][info][gc,phases     ] GC(88)   Evacuate Collection Set: 10.6ms
[644.847s][info][gc,phases     ] GC(88)   Post Evacuate Collection Set: 2.4ms
[644.848s][info][gc,phases     ] GC(88)   Other: 0.6ms
[644.848s][info][gc,heap       ] GC(88) Eden regions: 233->0(309)
[644.848s][info][gc,heap       ] GC(88) Survivor regions: 8->8(31)
[644.848s][info][gc,heap       ] GC(88) Old regions: 135->135
[644.848s][info][gc,heap       ] GC(88) Humongous regions: 6->6
[644.848s][info][gc,metaspace  ] GC(88) Metaspace: 187076K->187076K(1216512K)
[644.848s][info][gc            ] GC(88) Pause Young (Normal) (G1 Evacuation Pause) 761M->295M(1088M) 14.923ms
[644.849s][info][gc,cpu        ] GC(88) User=0.09s Sys=0.00s Real=0.02s
[645.167s][info][gc,start      ] GC(89) Pause Young (Concurrent Start) (G1 Humongous Allocation)
[645.167s][info][gc,task       ] GC(89) Using 8 workers of 8 for evacuation
[645.179s][info][gc,phases     ] GC(89)   Pre Evacuate Collection Set: 0.3ms
[645.180s][info][gc,phases     ] GC(89)   Evacuate Collection Set: 9.1ms
[645.180s][info][gc,phases     ] GC(89)   Post Evacuate Collection Set: 2.3ms
[645.180s][info][gc,phases     ] GC(89)   Other: 0.6ms
[645.180s][info][gc,heap       ] GC(89) Eden regions: 107->0(316)
[645.180s][info][gc,heap       ] GC(89) Survivor regions: 8->7(40)
[645.180s][info][gc,heap       ] GC(89) Old regions: 135->135
[645.180s][info][gc,heap       ] GC(89) Humongous regions: 6->6
[645.180s][info][gc,metaspace  ] GC(89) Metaspace: 187104K->187104K(1216512K)
[645.181s][info][gc            ] GC(89) Pause Young (Concurrent Start) (G1 Humongous Allocation) 509M->294M(1088M) 13.333ms
[645.181s][info][gc,cpu        ] GC(89) User=0.08s Sys=0.00s Real=0.01s
[645.181s][info][gc            ] GC(90) Concurrent Cycle
[645.181s][info][gc,marking    ] GC(90) Concurrent Clear Claimed Marks
[645.182s][info][gc,marking    ] GC(90) Concurrent Clear Claimed Marks 0.553ms
[645.182s][info][gc,marking    ] GC(90) Concurrent Scan Root Regions
[645.190s][info][gc,marking    ] GC(90) Concurrent Scan Root Regions 8.546ms
[645.191s][info][gc,marking    ] GC(90) Concurrent Mark (645.191s)
[645.191s][info][gc,marking    ] GC(90) Concurrent Mark From Roots
[645.191s][info][gc,task       ] GC(90) Using 2 workers of 2 for marking
[645.652s][info][gc,marking    ] GC(90) Concurrent Mark From Roots 460.325ms
[645.652s][info][gc,marking    ] GC(90) Concurrent Preclean
[645.653s][info][gc,marking    ] GC(90) Concurrent Preclean 0.807ms
[645.653s][info][gc,marking    ] GC(90) Concurrent Mark (645.191s, 645.653s) 462.362ms
[645.655s][info][gc,start      ] GC(90) Pause Remark
[645.685s][info][gc,stringtable] GC(90) Cleaned string and symbol table, strings: 96956 processed, 257 removed, symbols: 497980 processed, 2 removed
[645.686s][info][gc            ] GC(90) Pause Remark 555M->555M(1088M) 30.881ms
[645.686s][info][gc,cpu        ] GC(90) User=0.20s Sys=0.00s Real=0.03s
[645.686s][info][gc,marking    ] GC(90) Concurrent Rebuild Remembered Sets
[645.896s][info][gc,marking    ] GC(90) Concurrent Rebuild Remembered Sets 210.075ms
[645.898s][info][gc,start      ] GC(90) Pause Cleanup
[645.898s][info][gc            ] GC(90) Pause Cleanup 670M->670M(1088M) 0.537ms
[645.899s][info][gc,cpu        ] GC(90) User=0.01s Sys=0.00s Real=0.00s
[645.899s][info][gc,marking    ] GC(90) Concurrent Cleanup for Next Mark
[645.907s][info][gc,marking    ] GC(90) Concurrent Cleanup for Next Mark 8.012ms
[645.907s][info][gc            ] GC(90) Concurrent Cycle 726.531ms
[645.914s][info][gc,start      ] GC(91) Pause Young (Concurrent Start) (G1 Humongous Allocation)
[645.914s][info][gc,task       ] GC(91) Using 8 workers of 8 for evacuation
[645.932s][info][gc,phases     ] GC(91)   Pre Evacuate Collection Set: 0.4ms
[645.933s][info][gc,phases     ] GC(91)   Evacuate Collection Set: 14.0ms
[645.933s][info][gc,phases     ] GC(91)   Post Evacuate Collection Set: 3.6ms
[645.933s][info][gc,phases     ] GC(91)   Other: 0.8ms
[645.933s][info][gc,heap       ] GC(91) Eden regions: 187->0(360)
[645.933s][info][gc,heap       ] GC(91) Survivor regions: 7->7(41)
[645.933s][info][gc,heap       ] GC(91) Old regions: 135->135
[645.933s][info][gc,heap       ] GC(91) Humongous regions: 12->7
[645.933s][info][gc,metaspace  ] GC(91) Metaspace: 187095K->187095K(1216512K)
[645.933s][info][gc            ] GC(91) Pause Young (Concurrent Start) (G1 Humongous Allocation) 679M->296M(1324M) 19.779ms
[645.933s][info][gc,cpu        ] GC(91) User=0.12s Sys=0.00s Real=0.02s
[645.934s][info][gc            ] GC(92) Concurrent Cycle
[645.934s][info][gc,marking    ] GC(92) Concurrent Clear Claimed Marks
[645.935s][info][gc,marking    ] GC(92) Concurrent Clear Claimed Marks 0.912ms
[645.935s][info][gc,marking    ] GC(92) Concurrent Scan Root Regions
[645.947s][info][gc,marking    ] GC(92) Concurrent Scan Root Regions 11.689ms
[645.947s][info][gc,marking    ] GC(92) Concurrent Mark (645.947s)
[645.947s][info][gc,marking    ] GC(92) Concurrent Mark From Roots
[645.947s][info][gc,task       ] GC(92) Using 2 workers of 2 for marking
[646.357s][info][gc,marking    ] GC(92) Concurrent Mark From Roots 410.281ms
[646.362s][info][gc,marking    ] GC(92) Concurrent Preclean
[646.362s][info][gc,marking    ] GC(92) Concurrent Preclean 0.735ms
[646.363s][info][gc,marking    ] GC(92) Concurrent Mark (645.947s, 646.363s) 415.934ms
[646.364s][info][gc,start      ] GC(92) Pause Remark
[646.381s][info][gc,stringtable] GC(92) Cleaned string and symbol table, strings: 96720 processed, 0 removed, symbols: 497978 processed, 5 removed
[646.382s][info][gc            ] GC(92) Pause Remark 531M->531M(1324M) 17.956ms
[646.382s][info][gc,cpu        ] GC(92) User=0.09s Sys=0.01s Real=0.02s
[646.383s][info][gc,marking    ] GC(92) Concurrent Rebuild Remembered Sets
[646.647s][info][gc,marking    ] GC(92) Concurrent Rebuild Remembered Sets 264.238ms
[646.648s][info][gc,start      ] GC(92) Pause Cleanup
[646.649s][info][gc            ] GC(92) Pause Cleanup 719M->719M(1324M) 0.579ms
[646.649s][info][gc,cpu        ] GC(92) User=0.00s Sys=0.00s Real=0.00s
[646.649s][info][gc,marking    ] GC(92) Concurrent Cleanup for Next Mark
[646.654s][info][gc,marking    ] GC(92) Concurrent Cleanup for Next Mark 4.428ms
[646.654s][info][gc            ] GC(92) Concurrent Cycle 720.393ms
[647.032s][info][gc,start      ] GC(93) Pause Young (Normal) (G1 Evacuation Pause)
[647.032s][info][gc,task       ] GC(93) Using 8 workers of 8 for evacuation
[647.044s][info][gc,phases     ] GC(93)   Pre Evacuate Collection Set: 0.0ms
[647.044s][info][gc,phases     ] GC(93)   Evacuate Collection Set: 8.5ms
[647.045s][info][gc,phases     ] GC(93)   Post Evacuate Collection Set: 3.0ms
[647.045s][info][gc,phases     ] GC(93)   Other: 0.5ms
[647.045s][info][gc,heap       ] GC(93) Eden regions: 360->0(394)
[647.045s][info][gc,heap       ] GC(93) Survivor regions: 7->3(46)
[647.045s][info][gc,heap       ] GC(93) Old regions: 135->135
[647.045s][info][gc,heap       ] GC(93) Humongous regions: 15->6
[647.045s][info][gc,metaspace  ] GC(93) Metaspace: 187128K->187128K(1216512K)
[647.045s][info][gc            ] GC(93) Pause Young (Normal) (G1 Evacuation Pause) 1032M->286M(1324M) 13.081ms
[647.045s][info][gc,cpu        ] GC(93) User=0.07s Sys=0.00s Real=0.01s
[648.166s][info][gc,start      ] GC(94) Pause Young (Normal) (G1 Evacuation Pause)
[648.167s][info][gc,task       ] GC(94) Using 8 workers of 8 for evacuation
[648.178s][info][gc,phases     ] GC(94)   Pre Evacuate Collection Set: 0.0ms
[648.178s][info][gc,phases     ] GC(94)   Evacuate Collection Set: 6.5ms
[648.178s][info][gc,phases     ] GC(94)   Post Evacuate Collection Set: 4.4ms
[648.178s][info][gc,phases     ] GC(94)   Other: 0.6ms
[648.179s][info][gc,heap       ] GC(94) Eden regions: 394->0(394)
[648.179s][info][gc,heap       ] GC(94) Survivor regions: 3->3(50)
[648.179s][info][gc,heap       ] GC(94) Old regions: 135->135
[648.179s][info][gc,heap       ] GC(94) Humongous regions: 6->6
[648.179s][info][gc,metaspace  ] GC(94) Metaspace: 187236K->187236K(1216512K)
[648.179s][info][gc            ] GC(94) Pause Young (Normal) (G1 Evacuation Pause) 1074M->285M(1324M) 12.721ms
[648.179s][info][gc,cpu        ] GC(94) User=0.07s Sys=0.00s Real=0.02s
[649.093s][info][gc,start      ] GC(95) Pause Young (Normal) (G1 Evacuation Pause)
[649.094s][info][gc,task       ] GC(95) Using 8 workers of 8 for evacuation
[649.100s][info][gc,phases     ] GC(95)   Pre Evacuate Collection Set: 0.0ms
[649.101s][info][gc,phases     ] GC(95)   Evacuate Collection Set: 4.6ms
[649.101s][info][gc,phases     ] GC(95)   Post Evacuate Collection Set: 2.1ms
[649.101s][info][gc,phases     ] GC(95)   Other: 0.5ms
[649.101s][info][gc,heap       ] GC(95) Eden regions: 394->0(394)
[649.101s][info][gc,heap       ] GC(95) Survivor regions: 3->3(50)
[649.101s][info][gc,heap       ] GC(95) Old regions: 135->135
[649.101s][info][gc,heap       ] GC(95) Humongous regions: 6->6
[649.101s][info][gc,metaspace  ] GC(95) Metaspace: 187249K->187249K(1216512K)
[649.102s][info][gc            ] GC(95) Pause Young (Normal) (G1 Evacuation Pause) 1073M->285M(1324M) 8.230ms
[649.102s][info][gc,cpu        ] GC(95) User=0.03s Sys=0.00s Real=0.01s
[650.057s][info][gc,start      ] GC(96) Pause Young (Normal) (G1 Evacuation Pause)
[650.057s][info][gc,task       ] GC(96) Using 8 workers of 8 for evacuation
[650.066s][info][gc,phases     ] GC(96)   Pre Evacuate Collection Set: 0.0ms
[650.066s][info][gc,phases     ] GC(96)   Evacuate Collection Set: 5.9ms
[650.066s][info][gc,phases     ] GC(96)   Post Evacuate Collection Set: 2.4ms
[650.066s][info][gc,phases     ] GC(96)   Other: 0.6ms
[650.066s][info][gc,heap       ] GC(96) Eden regions: 394->0(394)
[650.066s][info][gc,heap       ] GC(96) Survivor regions: 3->3(50)
[650.066s][info][gc,heap       ] GC(96) Old regions: 135->135
[650.067s][info][gc,heap       ] GC(96) Humongous regions: 6->6
[650.067s][info][gc,metaspace  ] GC(96) Metaspace: 187250K->187250K(1216512K)
[650.067s][info][gc            ] GC(96) Pause Young (Normal) (G1 Evacuation Pause) 1073M->285M(1324M) 10.112ms
[650.067s][info][gc,cpu        ] GC(96) User=0.04s Sys=0.00s Real=0.01s
[651.569s][info][gc,start      ] GC(97) Pause Young (Normal) (G1 Evacuation Pause)
[651.569s][info][gc,task       ] GC(97) Using 8 workers of 8 for evacuation
[651.577s][info][gc,phases     ] GC(97)   Pre Evacuate Collection Set: 0.0ms
[651.577s][info][gc,phases     ] GC(97)   Evacuate Collection Set: 4.9ms
[651.577s][info][gc,phases     ] GC(97)   Post Evacuate Collection Set: 2.3ms
[651.577s][info][gc,phases     ] GC(97)   Other: 0.6ms
[651.577s][info][gc,heap       ] GC(97) Eden regions: 394->0(394)
[651.577s][info][gc,heap       ] GC(97) Survivor regions: 3->3(50)
[651.578s][info][gc,heap       ] GC(97) Old regions: 135->135
[651.578s][info][gc,heap       ] GC(97) Humongous regions: 6->6
[651.578s][info][gc,metaspace  ] GC(97) Metaspace: 187264K->187264K(1216512K)
[651.578s][info][gc            ] GC(97) Pause Young (Normal) (G1 Evacuation Pause) 1073M->285M(1324M) 8.759ms
[651.578s][info][gc,cpu        ] GC(97) User=0.04s Sys=0.01s Real=0.01s
[653.000s][info][gc,start      ] GC(98) Pause Young (Normal) (G1 Evacuation Pause)
[653.000s][info][gc,task       ] GC(98) Using 8 workers of 8 for evacuation
[653.010s][info][gc,phases     ] GC(98)   Pre Evacuate Collection Set: 0.0ms
[653.011s][info][gc,phases     ] GC(98)   Evacuate Collection Set: 6.6ms
[653.011s][info][gc,phases     ] GC(98)   Post Evacuate Collection Set: 3.7ms
[653.011s][info][gc,phases     ] GC(98)   Other: 0.6ms
[653.011s][info][gc,heap       ] GC(98) Eden regions: 394->0(395)
[653.011s][info][gc,heap       ] GC(98) Survivor regions: 3->2(50)
[653.011s][info][gc,heap       ] GC(98) Old regions: 135->135
[653.011s][info][gc,heap       ] GC(98) Humongous regions: 6->6
[653.011s][info][gc,metaspace  ] GC(98) Metaspace: 187267K->187267K(1216512K)
[653.012s][info][gc            ] GC(98) Pause Young (Normal) (G1 Evacuation Pause) 1073M->284M(1324M) 11.916ms
[653.012s][info][gc,cpu        ] GC(98) User=0.06s Sys=0.00s Real=0.01s
[654.353s][info][gc,start      ] GC(99) Pause Young (Normal) (G1 Evacuation Pause)
[654.353s][info][gc,task       ] GC(99) Using 8 workers of 8 for evacuation
[654.360s][info][gc,phases     ] GC(99)   Pre Evacuate Collection Set: 0.0ms
[654.360s][info][gc,phases     ] GC(99)   Evacuate Collection Set: 4.8ms
[654.361s][info][gc,phases     ] GC(99)   Post Evacuate Collection Set: 1.9ms
[654.361s][info][gc,phases     ] GC(99)   Other: 0.9ms
[654.361s][info][gc,heap       ] GC(99) Eden regions: 395->0(395)
[654.361s][info][gc,heap       ] GC(99) Survivor regions: 2->2(50)
[654.361s][info][gc,heap       ] GC(99) Old regions: 135->136
[654.361s][info][gc,heap       ] GC(99) Humongous regions: 6->6
[654.361s][info][gc,metaspace  ] GC(99) Metaspace: 187271K->187271K(1216512K)
[654.361s][info][gc            ] GC(99) Pause Young (Normal) (G1 Evacuation Pause) 1074M->284M(1324M) 8.686ms
[654.361s][info][gc,cpu        ] GC(99) User=0.03s Sys=0.00s Real=0.01s
[655.646s][info][gc,start      ] GC(100) Pause Young (Normal) (GCLocker Initiated GC)
[655.646s][info][gc,task       ] GC(100) Using 8 workers of 8 for evacuation
[655.652s][info][gc,phases     ] GC(100)   Pre Evacuate Collection Set: 0.0ms
[655.652s][info][gc,phases     ] GC(100)   Evacuate Collection Set: 3.4ms
[655.652s][info][gc,phases     ] GC(100)   Post Evacuate Collection Set: 2.1ms
[655.652s][info][gc,phases     ] GC(100)   Other: 0.5ms
[655.652s][info][gc,heap       ] GC(100) Eden regions: 395->0(396)
[655.652s][info][gc,heap       ] GC(100) Survivor regions: 2->1(50)
[655.652s][info][gc,heap       ] GC(100) Old regions: 136->136
[655.653s][info][gc,heap       ] GC(100) Humongous regions: 6->6
[655.653s][info][gc,metaspace  ] GC(100) Metaspace: 187272K->187272K(1216512K)
[655.653s][info][gc            ] GC(100) Pause Young (Normal) (GCLocker Initiated GC) 1074M->284M(1324M) 7.112ms
[655.653s][info][gc,cpu        ] GC(100) User=0.03s Sys=0.00s Real=0.01s
[656.924s][info][gc,start      ] GC(101) Pause Young (Normal) (G1 Evacuation Pause)
[656.924s][info][gc,task       ] GC(101) Using 8 workers of 8 for evacuation
[656.931s][info][gc,phases     ] GC(101)   Pre Evacuate Collection Set: 0.0ms
[656.931s][info][gc,phases     ] GC(101)   Evacuate Collection Set: 3.9ms
[656.931s][info][gc,phases     ] GC(101)   Post Evacuate Collection Set: 2.2ms
[656.931s][info][gc,phases     ] GC(101)   Other: 0.7ms
[656.931s][info][gc,heap       ] GC(101) Eden regions: 396->0(396)
[656.931s][info][gc,heap       ] GC(101) Survivor regions: 1->1(50)
[656.931s][info][gc,heap       ] GC(101) Old regions: 136->136
[656.931s][info][gc,heap       ] GC(101) Humongous regions: 6->6
[656.931s][info][gc,metaspace  ] GC(101) Metaspace: 187273K->187273K(1216512K)
[656.932s][info][gc            ] GC(101) Pause Young (Normal) (G1 Evacuation Pause) 1076M->284M(1324M) 7.779ms
[656.932s][info][gc,cpu        ] GC(101) User=0.04s Sys=0.00s Real=0.01s
[658.226s][info][gc,start      ] GC(102) Pause Young (Normal) (G1 Evacuation Pause)
[658.227s][info][gc,task       ] GC(102) Using 8 workers of 8 for evacuation
[658.235s][info][gc,phases     ] GC(102)   Pre Evacuate Collection Set: 0.0ms
[658.235s][info][gc,phases     ] GC(102)   Evacuate Collection Set: 4.7ms
[658.235s][info][gc,phases     ] GC(102)   Post Evacuate Collection Set: 2.8ms
[658.235s][info][gc,phases     ] GC(102)   Other: 0.7ms
[658.235s][info][gc,heap       ] GC(102) Eden regions: 396->0(396)
[658.235s][info][gc,heap       ] GC(102) Survivor regions: 1->1(50)
[658.235s][info][gc,heap       ] GC(102) Old regions: 136->136
[658.235s][info][gc,heap       ] GC(102) Humongous regions: 17->6
[658.236s][info][gc,metaspace  ] GC(102) Metaspace: 187324K->187324K(1216512K)
[658.236s][info][gc            ] GC(102) Pause Young (Normal) (G1 Evacuation Pause) 1098M->284M(1324M) 9.400ms
[658.236s][info][gc,cpu        ] GC(102) User=0.03s Sys=0.02s Real=0.01s
[659.613s][info][gc,start      ] GC(103) Pause Young (Normal) (G1 Evacuation Pause)
[659.613s][info][gc,task       ] GC(103) Using 8 workers of 8 for evacuation
[659.626s][info][gc,phases     ] GC(103)   Pre Evacuate Collection Set: 0.0ms
[659.627s][info][gc,phases     ] GC(103)   Evacuate Collection Set: 9.8ms
[659.627s][info][gc,phases     ] GC(103)   Post Evacuate Collection Set: 3.2ms
[659.627s][info][gc,phases     ] GC(103)   Other: 0.6ms
[659.627s][info][gc,heap       ] GC(103) Eden regions: 396->0(396)
[659.627s][info][gc,heap       ] GC(103) Survivor regions: 1->1(50)
[659.627s][info][gc,heap       ] GC(103) Old regions: 136->136
[659.627s][info][gc,heap       ] GC(103) Humongous regions: 6->6
[659.627s][info][gc,metaspace  ] GC(103) Metaspace: 187416K->187416K(1216512K)
[659.628s][info][gc            ] GC(103) Pause Young (Normal) (G1 Evacuation Pause) 1076M->284M(1324M) 14.864ms
[659.628s][info][gc,cpu        ] GC(103) User=0.07s Sys=0.01s Real=0.02s
[660.952s][info][gc,start      ] GC(104) Pause Young (Normal) (G1 Evacuation Pause)
[660.952s][info][gc,task       ] GC(104) Using 8 workers of 8 for evacuation
[660.961s][info][gc,phases     ] GC(104)   Pre Evacuate Collection Set: 0.0ms
[660.961s][info][gc,phases     ] GC(104)   Evacuate Collection Set: 3.7ms
[660.961s][info][gc,phases     ] GC(104)   Post Evacuate Collection Set: 4.1ms
[660.961s][info][gc,phases     ] GC(104)   Other: 0.9ms
[660.961s][info][gc,heap       ] GC(104) Eden regions: 396->0(396)
[660.962s][info][gc,heap       ] GC(104) Survivor regions: 1->1(50)
[660.962s][info][gc,heap       ] GC(104) Old regions: 136->136
[660.962s][info][gc,heap       ] GC(104) Humongous regions: 6->6
[660.962s][info][gc,metaspace  ] GC(104) Metaspace: 187476K->187476K(1216512K)
[660.962s][info][gc            ] GC(104) Pause Young (Normal) (G1 Evacuation Pause) 1076M->284M(1324M) 9.882ms
[660.962s][info][gc,cpu        ] GC(104) User=0.05s Sys=0.00s Real=0.01s
[662.519s][info][gc,start      ] GC(105) Pause Young (Normal) (G1 Evacuation Pause)
[662.519s][info][gc,task       ] GC(105) Using 8 workers of 8 for evacuation
[662.525s][info][gc,phases     ] GC(105)   Pre Evacuate Collection Set: 0.1ms
[662.525s][info][gc,phases     ] GC(105)   Evacuate Collection Set: 3.4ms
[662.525s][info][gc,phases     ] GC(105)   Post Evacuate Collection Set: 2.0ms
[662.525s][info][gc,phases     ] GC(105)   Other: 0.7ms
[662.526s][info][gc,heap       ] GC(105) Eden regions: 396->0(396)
[662.526s][info][gc,heap       ] GC(105) Survivor regions: 1->1(50)
[662.526s][info][gc,heap       ] GC(105) Old regions: 136->136
[662.526s][info][gc,heap       ] GC(105) Humongous regions: 12->6
[662.526s][info][gc,metaspace  ] GC(105) Metaspace: 187479K->187479K(1216512K)
[662.526s][info][gc            ] GC(105) Pause Young (Normal) (G1 Evacuation Pause) 1088M->284M(1324M) 7.170ms
[662.526s][info][gc,cpu        ] GC(105) User=0.03s Sys=0.00s Real=0.00s
[663.682s][info][gc,start      ] GC(106) Pause Young (Normal) (G1 Evacuation Pause)
[663.683s][info][gc,task       ] GC(106) Using 8 workers of 8 for evacuation
[663.689s][info][gc,phases     ] GC(106)   Pre Evacuate Collection Set: 0.0ms
[663.690s][info][gc,phases     ] GC(106)   Evacuate Collection Set: 3.2ms
[663.690s][info][gc,phases     ] GC(106)   Post Evacuate Collection Set: 3.1ms
[663.690s][info][gc,phases     ] GC(106)   Other: 0.7ms
[663.690s][info][gc,heap       ] GC(106) Eden regions: 396->0(396)
[663.690s][info][gc,heap       ] GC(106) Survivor regions: 1->1(50)
[663.690s][info][gc,heap       ] GC(106) Old regions: 136->136
[663.690s][info][gc,heap       ] GC(106) Humongous regions: 6->6
[663.690s][info][gc,metaspace  ] GC(106) Metaspace: 187491K->187491K(1216512K)
[663.690s][info][gc            ] GC(106) Pause Young (Normal) (G1 Evacuation Pause) 1076M->284M(1324M) 7.930ms
[663.690s][info][gc,cpu        ] GC(106) User=0.02s Sys=0.01s Real=0.01s
[665.236s][info][gc,start      ] GC(107) Pause Young (Normal) (GCLocker Initiated GC)
[665.236s][info][gc,task       ] GC(107) Using 8 workers of 8 for evacuation
[665.244s][info][gc,phases     ] GC(107)   Pre Evacuate Collection Set: 0.0ms
[665.244s][info][gc,phases     ] GC(107)   Evacuate Collection Set: 4.7ms
[665.244s][info][gc,phases     ] GC(107)   Post Evacuate Collection Set: 2.4ms
[665.244s][info][gc,phases     ] GC(107)   Other: 0.8ms
[665.245s][info][gc,heap       ] GC(107) Eden regions: 396->0(395)
[665.245s][info][gc,heap       ] GC(107) Survivor regions: 1->2(50)
[665.245s][info][gc,heap       ] GC(107) Old regions: 136->136
[665.245s][info][gc,heap       ] GC(107) Humongous regions: 6->6
[665.245s][info][gc,metaspace  ] GC(107) Metaspace: 187506K->187506K(1216512K)
[665.245s][info][gc            ] GC(107) Pause Young (Normal) (GCLocker Initiated GC) 1076M->286M(1324M) 9.278ms
[665.245s][info][gc,cpu        ] GC(107) User=0.04s Sys=0.00s Real=0.01s
[666.330s][info][gc,start      ] GC(108) Pause Young (Normal) (G1 Evacuation Pause)
[666.330s][info][gc,task       ] GC(108) Using 8 workers of 8 for evacuation
[666.343s][info][gc,phases     ] GC(108)   Pre Evacuate Collection Set: 0.0ms
[666.343s][info][gc,phases     ] GC(108)   Evacuate Collection Set: 9.6ms
[666.343s][info][gc,phases     ] GC(108)   Post Evacuate Collection Set: 2.6ms
[666.344s][info][gc,phases     ] GC(108)   Other: 0.7ms
[666.344s][info][gc,heap       ] GC(108) Eden regions: 395->0(396)
[666.344s][info][gc,heap       ] GC(108) Survivor regions: 2->1(50)
[666.344s][info][gc,heap       ] GC(108) Old regions: 136->136
[666.344s][info][gc,heap       ] GC(108) Humongous regions: 6->6
[666.345s][info][gc,metaspace  ] GC(108) Metaspace: 187507K->187507K(1216512K)
[666.345s][info][gc            ] GC(108) Pause Young (Normal) (G1 Evacuation Pause) 1076M->284M(1324M) 14.667ms
[666.345s][info][gc,cpu        ] GC(108) User=0.08s Sys=0.00s Real=0.01s
[667.620s][info][gc,start      ] GC(109) Pause Young (Normal) (G1 Evacuation Pause)
[667.621s][info][gc,task       ] GC(109) Using 8 workers of 8 for evacuation
[667.626s][info][gc,phases     ] GC(109)   Pre Evacuate Collection Set: 0.0ms
[667.626s][info][gc,phases     ] GC(109)   Evacuate Collection Set: 2.4ms
[667.626s][info][gc,phases     ] GC(109)   Post Evacuate Collection Set: 2.1ms
[667.626s][info][gc,phases     ] GC(109)   Other: 0.7ms
[667.626s][info][gc,heap       ] GC(109) Eden regions: 396->0(396)
[667.626s][info][gc,heap       ] GC(109) Survivor regions: 1->1(50)
[667.627s][info][gc,heap       ] GC(109) Old regions: 136->136
[667.627s][info][gc,heap       ] GC(109) Humongous regions: 6->6
[667.627s][info][gc,metaspace  ] GC(109) Metaspace: 187529K->187529K(1216512K)
[667.627s][info][gc            ] GC(109) Pause Young (Normal) (G1 Evacuation Pause) 1076M->284M(1324M) 6.590ms
[667.627s][info][gc,cpu        ] GC(109) User=0.02s Sys=0.00s Real=0.01s
[668.785s][info][gc,start      ] GC(110) Pause Young (Normal) (G1 Evacuation Pause)
[668.786s][info][gc,task       ] GC(110) Using 8 workers of 8 for evacuation
[668.791s][info][gc,phases     ] GC(110)   Pre Evacuate Collection Set: 0.0ms
[668.791s][info][gc,phases     ] GC(110)   Evacuate Collection Set: 2.5ms
[668.791s][info][gc,phases     ] GC(110)   Post Evacuate Collection Set: 2.2ms
[668.791s][info][gc,phases     ] GC(110)   Other: 0.5ms
[668.791s][info][gc,heap       ] GC(110) Eden regions: 396->0(396)
[668.792s][info][gc,heap       ] GC(110) Survivor regions: 1->1(50)
[668.792s][info][gc,heap       ] GC(110) Old regions: 136->136
[668.792s][info][gc,heap       ] GC(110) Humongous regions: 6->6
[668.792s][info][gc,metaspace  ] GC(110) Metaspace: 187556K->187556K(1216512K)
[668.792s][info][gc            ] GC(110) Pause Young (Normal) (G1 Evacuation Pause) 1076M->284M(1324M) 6.731ms
[668.792s][info][gc,cpu        ] GC(110) User=0.02s Sys=0.01s Real=0.01s
[669.962s][info][gc,start      ] GC(111) Pause Young (Normal) (G1 Evacuation Pause)
[669.962s][info][gc,task       ] GC(111) Using 8 workers of 8 for evacuation
[669.968s][info][gc,phases     ] GC(111)   Pre Evacuate Collection Set: 0.0ms
[669.968s][info][gc,phases     ] GC(111)   Evacuate Collection Set: 2.7ms
[669.968s][info][gc,phases     ] GC(111)   Post Evacuate Collection Set: 3.4ms
[669.968s][info][gc,phases     ] GC(111)   Other: 0.5ms
[669.969s][info][gc,heap       ] GC(111) Eden regions: 396->0(396)
[669.969s][info][gc,heap       ] GC(111) Survivor regions: 1->1(50)
[669.969s][info][gc,heap       ] GC(111) Old regions: 136->136
[669.969s][info][gc,heap       ] GC(111) Humongous regions: 6->6
[669.969s][info][gc,metaspace  ] GC(111) Metaspace: 187580K->187580K(1216512K)
[669.969s][info][gc            ] GC(111) Pause Young (Normal) (G1 Evacuation Pause) 1076M->284M(1324M) 7.523ms
[669.969s][info][gc,cpu        ] GC(111) User=0.02s Sys=0.01s Real=0.01s
[671.133s][info][gc,start      ] GC(112) Pause Young (Normal) (G1 Evacuation Pause)
[671.133s][info][gc,task       ] GC(112) Using 8 workers of 8 for evacuation
[671.141s][info][gc,phases     ] GC(112)   Pre Evacuate Collection Set: 0.0ms
[671.142s][info][gc,phases     ] GC(112)   Evacuate Collection Set: 4.1ms
[671.142s][info][gc,phases     ] GC(112)   Post Evacuate Collection Set: 3.3ms
[671.142s][info][gc,phases     ] GC(112)   Other: 0.8ms
[671.142s][info][gc,heap       ] GC(112) Eden regions: 396->0(396)
[671.142s][info][gc,heap       ] GC(112) Survivor regions: 1->1(50)
[671.142s][info][gc,heap       ] GC(112) Old regions: 136->136
[671.142s][info][gc,heap       ] GC(112) Humongous regions: 6->6
[671.142s][info][gc,metaspace  ] GC(112) Metaspace: 187644K->187644K(1216512K)
[671.143s][info][gc            ] GC(112) Pause Young (Normal) (G1 Evacuation Pause) 1076M->284M(1324M) 9.378ms
[671.143s][info][gc,cpu        ] GC(112) User=0.05s Sys=0.00s Real=0.01s
[672.642s][info][gc,start      ] GC(113) Pause Young (Normal) (G1 Evacuation Pause)
[672.642s][info][gc,task       ] GC(113) Using 8 workers of 8 for evacuation
[672.646s][info][gc,phases     ] GC(113)   Pre Evacuate Collection Set: 0.0ms
[672.646s][info][gc,phases     ] GC(113)   Evacuate Collection Set: 1.2ms
[672.646s][info][gc,phases     ] GC(113)   Post Evacuate Collection Set: 2.0ms
[672.647s][info][gc,phases     ] GC(113)   Other: 0.5ms
[672.647s][info][gc,heap       ] GC(113) Eden regions: 396->0(396)
[672.647s][info][gc,heap       ] GC(113) Survivor regions: 1->1(50)
[672.647s][info][gc,heap       ] GC(113) Old regions: 136->137
[672.647s][info][gc,heap       ] GC(113) Humongous regions: 7->6
[672.647s][info][gc,metaspace  ] GC(113) Metaspace: 187647K->187647K(1216512K)
[672.647s][info][gc            ] GC(113) Pause Young (Normal) (G1 Evacuation Pause) 1078M->284M(1324M) 4.778ms
[672.647s][info][gc,cpu        ] GC(113) User=0.01s Sys=0.00s Real=0.01s
[673.689s][info][gc,start      ] GC(114) Pause Young (Normal) (G1 Evacuation Pause)
[673.689s][info][gc,task       ] GC(114) Using 8 workers of 8 for evacuation
[673.693s][info][gc,phases     ] GC(114)   Pre Evacuate Collection Set: 0.0ms
[673.694s][info][gc,phases     ] GC(114)   Evacuate Collection Set: 1.5ms
[673.694s][info][gc,phases     ] GC(114)   Post Evacuate Collection Set: 2.1ms
[673.694s][info][gc,phases     ] GC(114)   Other: 0.7ms
[673.694s][info][gc,heap       ] GC(114) Eden regions: 396->0(396)
[673.694s][info][gc,heap       ] GC(114) Survivor regions: 1->1(50)
[673.694s][info][gc,heap       ] GC(114) Old regions: 137->137
[673.694s][info][gc,heap       ] GC(114) Humongous regions: 6->6
[673.694s][info][gc,metaspace  ] GC(114) Metaspace: 187679K->187679K(1216512K)
[673.694s][info][gc            ] GC(114) Pause Young (Normal) (G1 Evacuation Pause) 1076M->285M(1324M) 5.339ms
[673.695s][info][gc,cpu        ] GC(114) User=0.01s Sys=0.00s Real=0.00s
[674.732s][info][gc,start      ] GC(115) Pause Young (Normal) (G1 Evacuation Pause)
[674.732s][info][gc,task       ] GC(115) Using 8 workers of 8 for evacuation
[674.736s][info][gc,phases     ] GC(115)   Pre Evacuate Collection Set: 0.0ms
[674.737s][info][gc,phases     ] GC(115)   Evacuate Collection Set: 1.4ms
[674.737s][info][gc,phases     ] GC(115)   Post Evacuate Collection Set: 2.2ms
[674.737s][info][gc,phases     ] GC(115)   Other: 0.6ms
[674.737s][info][gc,heap       ] GC(115) Eden regions: 396->0(396)
[674.737s][info][gc,heap       ] GC(115) Survivor regions: 1->1(50)
[674.737s][info][gc,heap       ] GC(115) Old regions: 137->137
[674.737s][info][gc,heap       ] GC(115) Humongous regions: 10->6
[674.737s][info][gc,metaspace  ] GC(115) Metaspace: 187770K->187770K(1216512K)
[674.738s][info][gc            ] GC(115) Pause Young (Normal) (G1 Evacuation Pause) 1085M->285M(1324M) 5.432ms
[674.738s][info][gc,cpu        ] GC(115) User=0.02s Sys=0.01s Real=0.01s
[675.963s][info][gc,start      ] GC(116) Pause Young (Normal) (GCLocker Initiated GC)
[675.963s][info][gc,task       ] GC(116) Using 8 workers of 8 for evacuation
[675.968s][info][gc,phases     ] GC(116)   Pre Evacuate Collection Set: 0.0ms
[675.968s][info][gc,phases     ] GC(116)   Evacuate Collection Set: 2.3ms
[675.968s][info][gc,phases     ] GC(116)   Post Evacuate Collection Set: 2.2ms
[675.969s][info][gc,phases     ] GC(116)   Other: 0.6ms
[675.969s][info][gc,heap       ] GC(116) Eden regions: 397->0(396)
[675.969s][info][gc,heap       ] GC(116) Survivor regions: 1->1(50)
[675.969s][info][gc,heap       ] GC(116) Old regions: 137->137
[675.969s][info][gc,heap       ] GC(116) Humongous regions: 8->6
[675.969s][info][gc,metaspace  ] GC(116) Metaspace: 187794K->187794K(1216512K)
[675.970s][info][gc            ] GC(116) Pause Young (Normal) (GCLocker Initiated GC) 1082M->285M(1324M) 6.725ms
[675.970s][info][gc,cpu        ] GC(116) User=0.03s Sys=0.00s Real=0.01s
[677.269s][info][gc,start      ] GC(117) Pause Young (Normal) (G1 Evacuation Pause)
[677.269s][info][gc,task       ] GC(117) Using 8 workers of 8 for evacuation
[677.279s][info][gc,phases     ] GC(117)   Pre Evacuate Collection Set: 0.0ms
[677.279s][info][gc,phases     ] GC(117)   Evacuate Collection Set: 6.5ms
[677.280s][info][gc,phases     ] GC(117)   Post Evacuate Collection Set: 3.3ms
[677.280s][info][gc,phases     ] GC(117)   Other: 0.6ms
[677.280s][info][gc,heap       ] GC(117) Eden regions: 396->0(396)
[677.280s][info][gc,heap       ] GC(117) Survivor regions: 1->1(50)
[677.280s][info][gc,heap       ] GC(117) Old regions: 137->137
[677.280s][info][gc,heap       ] GC(117) Humongous regions: 6->6
[677.281s][info][gc,metaspace  ] GC(117) Metaspace: 187798K->187798K(1216512K)
[677.281s][info][gc            ] GC(117) Pause Young (Normal) (G1 Evacuation Pause) 1077M->285M(1324M) 12.153ms
[677.281s][info][gc,cpu        ] GC(117) User=0.05s Sys=0.00s Real=0.01s
[678.269s][info][gc,start      ] GC(118) Pause Young (Normal) (G1 Evacuation Pause)
[678.269s][info][gc,task       ] GC(118) Using 8 workers of 8 for evacuation
[678.273s][info][gc,phases     ] GC(118)   Pre Evacuate Collection Set: 0.0ms
[678.274s][info][gc,phases     ] GC(118)   Evacuate Collection Set: 1.2ms
[678.274s][info][gc,phases     ] GC(118)   Post Evacuate Collection Set: 2.3ms
[678.274s][info][gc,phases     ] GC(118)   Other: 0.8ms
[678.274s][info][gc,heap       ] GC(118) Eden regions: 396->0(396)
[678.274s][info][gc,heap       ] GC(118) Survivor regions: 1->1(50)
[678.274s][info][gc,heap       ] GC(118) Old regions: 137->137
[678.274s][info][gc,heap       ] GC(118) Humongous regions: 6->6
[678.274s][info][gc,metaspace  ] GC(118) Metaspace: 187802K->187802K(1216512K)
[678.275s][info][gc            ] GC(118) Pause Young (Normal) (G1 Evacuation Pause) 1077M->284M(1324M) 5.593ms
[678.275s][info][gc,cpu        ] GC(118) User=0.01s Sys=0.00s Real=0.00s
[679.263s][info][gc,start      ] GC(119) Pause Young (Normal) (G1 Evacuation Pause)
[679.264s][info][gc,task       ] GC(119) Using 8 workers of 8 for evacuation
[679.271s][info][gc,phases     ] GC(119)   Pre Evacuate Collection Set: 0.0ms
[679.272s][info][gc,phases     ] GC(119)   Evacuate Collection Set: 4.7ms
[679.272s][info][gc,phases     ] GC(119)   Post Evacuate Collection Set: 2.7ms
[679.272s][info][gc,phases     ] GC(119)   Other: 0.5ms
[679.272s][info][gc,heap       ] GC(119) Eden regions: 396->0(394)
[679.272s][info][gc,heap       ] GC(119) Survivor regions: 1->3(50)
[679.272s][info][gc,heap       ] GC(119) Old regions: 137->137
[679.272s][info][gc,heap       ] GC(119) Humongous regions: 6->6
[679.272s][info][gc,metaspace  ] GC(119) Metaspace: 187808K->187808K(1216512K)
[679.273s][info][gc            ] GC(119) Pause Young (Normal) (G1 Evacuation Pause) 1076M->288M(1324M) 9.186ms
[679.273s][info][gc,cpu        ] GC(119) User=0.04s Sys=0.00s Real=0.01s
[680.091s][info][gc,start      ] GC(120) Pause Young (Normal) (G1 Evacuation Pause)
[680.091s][info][gc,task       ] GC(120) Using 8 workers of 8 for evacuation
[680.103s][info][gc,phases     ] GC(120)   Pre Evacuate Collection Set: 0.0ms
[680.103s][info][gc,phases     ] GC(120)   Evacuate Collection Set: 8.6ms
[680.103s][info][gc,phases     ] GC(120)   Post Evacuate Collection Set: 3.0ms
[680.104s][info][gc,phases     ] GC(120)   Other: 0.6ms
[680.104s][info][gc,heap       ] GC(120) Eden regions: 394->0(391)
[680.104s][info][gc,heap       ] GC(120) Survivor regions: 3->6(50)
[680.104s][info][gc,heap       ] GC(120) Old regions: 137->137
[680.104s][info][gc,heap       ] GC(120) Humongous regions: 6->6
[680.104s][info][gc,metaspace  ] GC(120) Metaspace: 187855K->187855K(1216512K)
[680.104s][info][gc            ] GC(120) Pause Young (Normal) (G1 Evacuation Pause) 1076M->294M(1324M) 13.630ms
[680.104s][info][gc,cpu        ] GC(120) User=0.08s Sys=0.00s Real=0.01s
[680.947s][info][gc,start      ] GC(121) Pause Young (Normal) (G1 Evacuation Pause)
[680.947s][info][gc,task       ] GC(121) Using 8 workers of 8 for evacuation
[680.952s][info][gc,phases     ] GC(121)   Pre Evacuate Collection Set: 0.0ms
[680.952s][info][gc,phases     ] GC(121)   Evacuate Collection Set: 2.1ms
[680.952s][info][gc,phases     ] GC(121)   Post Evacuate Collection Set: 2.1ms
[680.952s][info][gc,phases     ] GC(121)   Other: 0.6ms
[680.952s][info][gc,heap       ] GC(121) Eden regions: 391->0(396)
[680.952s][info][gc,heap       ] GC(121) Survivor regions: 6->1(50)
[680.952s][info][gc,heap       ] GC(121) Old regions: 137->137
[680.952s][info][gc,heap       ] GC(121) Humongous regions: 6->6
[680.953s][info][gc,metaspace  ] GC(121) Metaspace: 187859K->187859K(1216512K)
[680.953s][info][gc            ] GC(121) Pause Young (Normal) (G1 Evacuation Pause) 1076M->285M(1324M) 6.045ms
[680.953s][info][gc,cpu        ] GC(121) User=0.02s Sys=0.01s Real=0.00s
[682.004s][info][gc,start      ] GC(122) Pause Young (Normal) (G1 Evacuation Pause)
[682.004s][info][gc,task       ] GC(122) Using 8 workers of 8 for evacuation
[682.010s][info][gc,phases     ] GC(122)   Pre Evacuate Collection Set: 0.0ms
[682.010s][info][gc,phases     ] GC(122)   Evacuate Collection Set: 2.6ms
[682.010s][info][gc,phases     ] GC(122)   Post Evacuate Collection Set: 2.8ms
[682.010s][info][gc,phases     ] GC(122)   Other: 0.7ms
[682.010s][info][gc,heap       ] GC(122) Eden regions: 396->0(396)
[682.011s][info][gc,heap       ] GC(122) Survivor regions: 1->1(50)
[682.011s][info][gc,heap       ] GC(122) Old regions: 137->137
[682.011s][info][gc,heap       ] GC(122) Humongous regions: 6->6
[682.011s][info][gc,metaspace  ] GC(122) Metaspace: 187859K->187859K(1216512K)
[682.011s][info][gc            ] GC(122) Pause Young (Normal) (G1 Evacuation Pause) 1077M->285M(1324M) 7.144ms
[682.011s][info][gc,cpu        ] GC(122) User=0.02s Sys=0.00s Real=0.01s
[682.888s][info][gc,start      ] GC(123) Pause Young (Normal) (G1 Evacuation Pause)
[682.888s][info][gc,task       ] GC(123) Using 8 workers of 8 for evacuation
[682.893s][info][gc,phases     ] GC(123)   Pre Evacuate Collection Set: 0.0ms
[682.893s][info][gc,phases     ] GC(123)   Evacuate Collection Set: 2.6ms
[682.894s][info][gc,phases     ] GC(123)   Post Evacuate Collection Set: 2.1ms
[682.894s][info][gc,phases     ] GC(123)   Other: 0.5ms
[682.894s][info][gc,heap       ] GC(123) Eden regions: 396->0(396)
[682.894s][info][gc,heap       ] GC(123) Survivor regions: 1->1(50)
[682.894s][info][gc,heap       ] GC(123) Old regions: 137->137
[682.894s][info][gc,heap       ] GC(123) Humongous regions: 6->6
[682.894s][info][gc,metaspace  ] GC(123) Metaspace: 188512K->188512K(1218560K)
[682.894s][info][gc            ] GC(123) Pause Young (Normal) (G1 Evacuation Pause) 1077M->285M(1324M) 6.346ms
[682.894s][info][gc,cpu        ] GC(123) User=0.02s Sys=0.00s Real=0.00s
[684.093s][info][gc,start      ] GC(124) Pause Young (Normal) (G1 Evacuation Pause)
[684.093s][info][gc,task       ] GC(124) Using 8 workers of 8 for evacuation
[684.100s][info][gc,phases     ] GC(124)   Pre Evacuate Collection Set: 0.0ms
[684.100s][info][gc,phases     ] GC(124)   Evacuate Collection Set: 4.1ms
[684.100s][info][gc,phases     ] GC(124)   Post Evacuate Collection Set: 2.0ms
[684.101s][info][gc,phases     ] GC(124)   Other: 0.7ms
[684.101s][info][gc,heap       ] GC(124) Eden regions: 396->0(395)
[684.101s][info][gc,heap       ] GC(124) Survivor regions: 1->2(50)
[684.101s][info][gc,heap       ] GC(124) Old regions: 137->137
[684.101s][info][gc,heap       ] GC(124) Humongous regions: 6->6
[684.101s][info][gc,metaspace  ] GC(124) Metaspace: 189378K->189378K(1218560K)
[684.101s][info][gc            ] GC(124) Pause Young (Normal) (G1 Evacuation Pause) 1077M->288M(1324M) 8.067ms
[684.101s][info][gc,cpu        ] GC(124) User=0.04s Sys=0.00s Real=0.01s
[685.410s][info][gc,start      ] GC(125) Pause Young (Normal) (GCLocker Initiated GC)
[685.411s][info][gc,task       ] GC(125) Using 8 workers of 8 for evacuation
[685.420s][info][gc,phases     ] GC(125)   Pre Evacuate Collection Set: 0.0ms
[685.420s][info][gc,phases     ] GC(125)   Evacuate Collection Set: 5.4ms
[685.420s][info][gc,phases     ] GC(125)   Post Evacuate Collection Set: 3.2ms
[685.420s][info][gc,phases     ] GC(125)   Other: 0.7ms
[685.421s][info][gc,heap       ] GC(125) Eden regions: 396->0(394)
[685.421s][info][gc,heap       ] GC(125) Survivor regions: 2->3(50)
[685.421s][info][gc,heap       ] GC(125) Old regions: 137->137
[685.421s][info][gc,heap       ] GC(125) Humongous regions: 8->6
[685.421s][info][gc,metaspace  ] GC(125) Metaspace: 189785K->189785K(1218560K)
[685.421s][info][gc            ] GC(125) Pause Young (Normal) (GCLocker Initiated GC) 1083M->289M(1324M) 10.880ms
[685.421s][info][gc,cpu        ] GC(125) User=0.05s Sys=0.01s Real=0.01s
[687.241s][info][gc,start      ] GC(126) Pause Young (Normal) (GCLocker Initiated GC)
[687.242s][info][gc,task       ] GC(126) Using 8 workers of 8 for evacuation
[687.248s][info][gc,phases     ] GC(126)   Pre Evacuate Collection Set: 0.0ms
[687.248s][info][gc,phases     ] GC(126)   Evacuate Collection Set: 3.4ms
[687.248s][info][gc,phases     ] GC(126)   Post Evacuate Collection Set: 2.5ms
[687.248s][info][gc,phases     ] GC(126)   Other: 0.6ms
[687.248s][info][gc,heap       ] GC(126) Eden regions: 395->0(393)
[687.248s][info][gc,heap       ] GC(126) Survivor regions: 3->4(50)
[687.249s][info][gc,heap       ] GC(126) Old regions: 137->137
[687.249s][info][gc,heap       ] GC(126) Humongous regions: 45->11
[687.249s][info][gc,metaspace  ] GC(126) Metaspace: 189785K->189785K(1218560K)
[687.249s][info][gc            ] GC(126) Pause Young (Normal) (GCLocker Initiated GC) 1157M->301M(1324M) 7.607ms
[687.249s][info][gc,cpu        ] GC(126) User=0.02s Sys=0.00s Real=0.01s
[688.459s][info][gc,start      ] GC(127) Pause Young (Normal) (G1 Evacuation Pause)
[688.459s][info][gc,task       ] GC(127) Using 8 workers of 8 for evacuation
[688.465s][info][gc,phases     ] GC(127)   Pre Evacuate Collection Set: 0.0ms
[688.465s][info][gc,phases     ] GC(127)   Evacuate Collection Set: 3.2ms
[688.465s][info][gc,phases     ] GC(127)   Post Evacuate Collection Set: 2.3ms
[688.465s][info][gc,phases     ] GC(127)   Other: 0.6ms
[688.465s][info][gc,heap       ] GC(127) Eden regions: 393->0(394)
[688.465s][info][gc,heap       ] GC(127) Survivor regions: 4->3(50)
[688.465s][info][gc,heap       ] GC(127) Old regions: 137->137
[688.466s][info][gc,heap       ] GC(127) Humongous regions: 11->6
[688.466s][info][gc,metaspace  ] GC(127) Metaspace: 189785K->189785K(1218560K)
[688.466s][info][gc            ] GC(127) Pause Young (Normal) (G1 Evacuation Pause) 1087M->289M(1324M) 7.222ms
[688.466s][info][gc,cpu        ] GC(127) User=0.02s Sys=0.00s Real=0.00s
[689.597s][info][gc,start      ] GC(128) Pause Young (Normal) (G1 Evacuation Pause)
[689.597s][info][gc,task       ] GC(128) Using 8 workers of 8 for evacuation
[689.603s][info][gc,phases     ] GC(128)   Pre Evacuate Collection Set: 0.0ms
[689.604s][info][gc,phases     ] GC(128)   Evacuate Collection Set: 3.2ms
[689.604s][info][gc,phases     ] GC(128)   Post Evacuate Collection Set: 2.5ms
[689.604s][info][gc,phases     ] GC(128)   Other: 0.6ms
[689.604s][info][gc,heap       ] GC(128) Eden regions: 394->0(394)
[689.604s][info][gc,heap       ] GC(128) Survivor regions: 3->3(50)
[689.604s][info][gc,heap       ] GC(128) Old regions: 137->137
[689.604s][info][gc,heap       ] GC(128) Humongous regions: 6->6
[689.604s][info][gc,metaspace  ] GC(128) Metaspace: 189785K->189785K(1218560K)
[689.605s][info][gc            ] GC(128) Pause Young (Normal) (G1 Evacuation Pause) 1077M->289M(1324M) 7.516ms
[689.605s][info][gc,cpu        ] GC(128) User=0.03s Sys=0.00s Real=0.00s
[690.659s][info][gc,start      ] GC(129) Pause Young (Normal) (G1 Evacuation Pause)
[690.659s][info][gc,task       ] GC(129) Using 8 workers of 8 for evacuation
[690.665s][info][gc,phases     ] GC(129)   Pre Evacuate Collection Set: 0.0ms
[690.665s][info][gc,phases     ] GC(129)   Evacuate Collection Set: 3.2ms
[690.666s][info][gc,phases     ] GC(129)   Post Evacuate Collection Set: 2.5ms
[690.666s][info][gc,phases     ] GC(129)   Other: 0.5ms
[690.666s][info][gc,heap       ] GC(129) Eden regions: 394->0(394)
[690.666s][info][gc,heap       ] GC(129) Survivor regions: 3->3(50)
[690.666s][info][gc,heap       ] GC(129) Old regions: 137->137
[690.666s][info][gc,heap       ] GC(129) Humongous regions: 6->6
[690.666s][info][gc,metaspace  ] GC(129) Metaspace: 189785K->189785K(1218560K)
[690.666s][info][gc            ] GC(129) Pause Young (Normal) (G1 Evacuation Pause) 1077M->289M(1324M) 7.099ms
[690.666s][info][gc,cpu        ] GC(129) User=0.02s Sys=0.00s Real=0.00s
[691.820s][info][gc,start      ] GC(130) Pause Young (Normal) (G1 Evacuation Pause)
[691.820s][info][gc,task       ] GC(130) Using 8 workers of 8 for evacuation
[691.826s][info][gc,phases     ] GC(130)   Pre Evacuate Collection Set: 0.0ms
[691.826s][info][gc,phases     ] GC(130)   Evacuate Collection Set: 3.2ms
[691.827s][info][gc,phases     ] GC(130)   Post Evacuate Collection Set: 2.2ms
[691.827s][info][gc,phases     ] GC(130)   Other: 0.5ms
[691.827s][info][gc,heap       ] GC(130) Eden regions: 394->0(394)
[691.827s][info][gc,heap       ] GC(130) Survivor regions: 3->3(50)
[691.827s][info][gc,heap       ] GC(130) Old regions: 137->137
[691.827s][info][gc,heap       ] GC(130) Humongous regions: 6->6
[691.827s][info][gc,metaspace  ] GC(130) Metaspace: 189785K->189785K(1218560K)
[691.827s][info][gc            ] GC(130) Pause Young (Normal) (G1 Evacuation Pause) 1077M->289M(1324M) 7.005ms
[691.827s][info][gc,cpu        ] GC(130) User=0.02s Sys=0.00s Real=0.01s
[693.227s][info][gc,start      ] GC(131) Pause Young (Normal) (G1 Evacuation Pause)
[693.227s][info][gc,task       ] GC(131) Using 8 workers of 8 for evacuation
[693.234s][info][gc,phases     ] GC(131)   Pre Evacuate Collection Set: 0.0ms
[693.234s][info][gc,phases     ] GC(131)   Evacuate Collection Set: 4.7ms
[693.235s][info][gc,phases     ] GC(131)   Post Evacuate Collection Set: 2.1ms
[693.235s][info][gc,phases     ] GC(131)   Other: 0.5ms
[693.235s][info][gc,heap       ] GC(131) Eden regions: 394->0(394)
[693.235s][info][gc,heap       ] GC(131) Survivor regions: 3->3(50)
[693.235s][info][gc,heap       ] GC(131) Old regions: 137->137
[693.235s][info][gc,heap       ] GC(131) Humongous regions: 6->6
[693.235s][info][gc,metaspace  ] GC(131) Metaspace: 189786K->189786K(1218560K)
[693.235s][info][gc            ] GC(131) Pause Young (Normal) (G1 Evacuation Pause) 1077M->289M(1324M) 8.269ms
[693.235s][info][gc,cpu        ] GC(131) User=0.03s Sys=0.00s Real=0.00s
[694.477s][info][gc,start      ] GC(132) Pause Young (Normal) (G1 Evacuation Pause)
[694.477s][info][gc,task       ] GC(132) Using 8 workers of 8 for evacuation
[694.485s][info][gc,phases     ] GC(132)   Pre Evacuate Collection Set: 0.0ms
[694.485s][info][gc,phases     ] GC(132)   Evacuate Collection Set: 5.0ms
[694.485s][info][gc,phases     ] GC(132)   Post Evacuate Collection Set: 2.6ms
[694.485s][info][gc,phases     ] GC(132)   Other: 0.6ms
[694.485s][info][gc,heap       ] GC(132) Eden regions: 394->0(394)
[694.486s][info][gc,heap       ] GC(132) Survivor regions: 3->3(50)
[694.486s][info][gc,heap       ] GC(132) Old regions: 137->137
[694.486s][info][gc,heap       ] GC(132) Humongous regions: 6->6
[694.486s][info][gc,metaspace  ] GC(132) Metaspace: 189788K->189788K(1218560K)
[694.486s][info][gc            ] GC(132) Pause Young (Normal) (G1 Evacuation Pause) 1077M->289M(1324M) 9.865ms
[694.487s][info][gc,cpu        ] GC(132) User=0.02s Sys=0.02s Real=0.01s
[695.775s][info][gc,start      ] GC(133) Pause Young (Normal) (G1 Evacuation Pause)
[695.775s][info][gc,task       ] GC(133) Using 8 workers of 8 for evacuation
[695.782s][info][gc,phases     ] GC(133)   Pre Evacuate Collection Set: 0.0ms
[695.782s][info][gc,phases     ] GC(133)   Evacuate Collection Set: 3.6ms
[695.782s][info][gc,phases     ] GC(133)   Post Evacuate Collection Set: 2.5ms
[695.782s][info][gc,phases     ] GC(133)   Other: 0.8ms
[695.782s][info][gc,heap       ] GC(133) Eden regions: 394->0(394)
[695.782s][info][gc,heap       ] GC(133) Survivor regions: 3->3(50)
[695.782s][info][gc,heap       ] GC(133) Old regions: 137->137
[695.783s][info][gc,heap       ] GC(133) Humongous regions: 6->6
[695.783s][info][gc,metaspace  ] GC(133) Metaspace: 189789K->189789K(1218560K)
[695.783s][info][gc            ] GC(133) Pause Young (Normal) (G1 Evacuation Pause) 1077M->289M(1324M) 8.031ms
[695.783s][info][gc,cpu        ] GC(133) User=0.03s Sys=0.00s Real=0.01s
[697.065s][info][gc,start      ] GC(134) Pause Young (Normal) (G1 Evacuation Pause)
[697.065s][info][gc,task       ] GC(134) Using 8 workers of 8 for evacuation
[697.074s][info][gc,phases     ] GC(134)   Pre Evacuate Collection Set: 0.0ms
[697.074s][info][gc,phases     ] GC(134)   Evacuate Collection Set: 4.9ms
[697.074s][info][gc,phases     ] GC(134)   Post Evacuate Collection Set: 3.0ms
[697.075s][info][gc,phases     ] GC(134)   Other: 0.6ms
[697.075s][info][gc,heap       ] GC(134) Eden regions: 394->0(394)
[697.075s][info][gc,heap       ] GC(134) Survivor regions: 3->3(50)
[697.075s][info][gc,heap       ] GC(134) Old regions: 137->137
[697.075s][info][gc,heap       ] GC(134) Humongous regions: 6->6
[697.075s][info][gc,metaspace  ] GC(134) Metaspace: 189789K->189789K(1218560K)
[697.075s][info][gc            ] GC(134) Pause Young (Normal) (G1 Evacuation Pause) 1077M->289M(1324M) 10.185ms
[697.076s][info][gc,cpu        ] GC(134) User=0.04s Sys=0.00s Real=0.01s
[698.240s][info][gc,start      ] GC(135) Pause Young (Normal) (G1 Evacuation Pause)
[698.240s][info][gc,task       ] GC(135) Using 8 workers of 8 for evacuation
[698.246s][info][gc,phases     ] GC(135)   Pre Evacuate Collection Set: 0.0ms
[698.246s][info][gc,phases     ] GC(135)   Evacuate Collection Set: 3.3ms
[698.246s][info][gc,phases     ] GC(135)   Post Evacuate Collection Set: 2.3ms
[698.246s][info][gc,phases     ] GC(135)   Other: 0.6ms
[698.246s][info][gc,heap       ] GC(135) Eden regions: 394->0(394)
[698.246s][info][gc,heap       ] GC(135) Survivor regions: 3->3(50)
[698.246s][info][gc,heap       ] GC(135) Old regions: 137->137
[698.246s][info][gc,heap       ] GC(135) Humongous regions: 6->6
[698.247s][info][gc,metaspace  ] GC(135) Metaspace: 189790K->189790K(1218560K)
[698.247s][info][gc            ] GC(135) Pause Young (Normal) (G1 Evacuation Pause) 1077M->289M(1324M) 7.077ms
[698.247s][info][gc,cpu        ] GC(135) User=0.03s Sys=0.00s Real=0.01s
[699.563s][info][gc,start      ] GC(136) Pause Young (Normal) (G1 Evacuation Pause)
[699.564s][info][gc,task       ] GC(136) Using 8 workers of 8 for evacuation
[699.570s][info][gc,phases     ] GC(136)   Pre Evacuate Collection Set: 0.0ms
[699.570s][info][gc,phases     ] GC(136)   Evacuate Collection Set: 3.1ms
[699.570s][info][gc,phases     ] GC(136)   Post Evacuate Collection Set: 2.6ms
[699.570s][info][gc,phases     ] GC(136)   Other: 0.7ms
[699.571s][info][gc,heap       ] GC(136) Eden regions: 394->0(394)
[699.571s][info][gc,heap       ] GC(136) Survivor regions: 3->3(50)
[699.571s][info][gc,heap       ] GC(136) Old regions: 137->137
[699.571s][info][gc,heap       ] GC(136) Humongous regions: 8->6
[699.571s][info][gc,metaspace  ] GC(136) Metaspace: 189792K->189792K(1218560K)
[699.571s][info][gc            ] GC(136) Pause Young (Normal) (G1 Evacuation Pause) 1081M->289M(1324M) 7.635ms
[699.571s][info][gc,cpu        ] GC(136) User=0.02s Sys=0.00s Real=0.01s
[700.761s][info][gc,start      ] GC(137) Pause Young (Normal) (G1 Evacuation Pause)
[700.761s][info][gc,task       ] GC(137) Using 8 workers of 8 for evacuation
[700.768s][info][gc,phases     ] GC(137)   Pre Evacuate Collection Set: 0.0ms
[700.768s][info][gc,phases     ] GC(137)   Evacuate Collection Set: 4.2ms
[700.768s][info][gc,phases     ] GC(137)   Post Evacuate Collection Set: 2.1ms
[700.768s][info][gc,phases     ] GC(137)   Other: 0.5ms
[700.768s][info][gc,heap       ] GC(137) Eden regions: 394->0(394)
[700.768s][info][gc,heap       ] GC(137) Survivor regions: 3->3(50)
[700.768s][info][gc,heap       ] GC(137) Old regions: 137->137
[700.768s][info][gc,heap       ] GC(137) Humongous regions: 12->6
[700.768s][info][gc,metaspace  ] GC(137) Metaspace: 189792K->189792K(1218560K)
[700.769s][info][gc            ] GC(137) Pause Young (Normal) (G1 Evacuation Pause) 1089M->289M(1324M) 7.833ms
[700.769s][info][gc,cpu        ] GC(137) User=0.03s Sys=0.00s Real=0.01s
[701.961s][info][gc,start      ] GC(138) Pause Young (Normal) (G1 Evacuation Pause)
[701.962s][info][gc,task       ] GC(138) Using 8 workers of 8 for evacuation
[701.968s][info][gc,phases     ] GC(138)   Pre Evacuate Collection Set: 0.0ms
[701.969s][info][gc,phases     ] GC(138)   Evacuate Collection Set: 4.3ms
[701.969s][info][gc,phases     ] GC(138)   Post Evacuate Collection Set: 2.1ms
[701.969s][info][gc,phases     ] GC(138)   Other: 0.5ms
[701.969s][info][gc,heap       ] GC(138) Eden regions: 394->0(394)
[701.969s][info][gc,heap       ] GC(138) Survivor regions: 3->3(50)
[701.969s][info][gc,heap       ] GC(138) Old regions: 137->137
[701.969s][info][gc,heap       ] GC(138) Humongous regions: 6->6
[701.969s][info][gc,metaspace  ] GC(138) Metaspace: 189792K->189792K(1218560K)
[701.969s][info][gc            ] GC(138) Pause Young (Normal) (G1 Evacuation Pause) 1077M->289M(1324M) 7.849ms
[701.969s][info][gc,cpu        ] GC(138) User=0.03s Sys=0.01s Real=0.01s
[703.131s][info][gc,start      ] GC(139) Pause Young (Normal) (G1 Evacuation Pause)
[703.131s][info][gc,task       ] GC(139) Using 8 workers of 8 for evacuation
[703.138s][info][gc,phases     ] GC(139)   Pre Evacuate Collection Set: 0.0ms
[703.138s][info][gc,phases     ] GC(139)   Evacuate Collection Set: 4.2ms
[703.138s][info][gc,phases     ] GC(139)   Post Evacuate Collection Set: 2.5ms
[703.138s][info][gc,phases     ] GC(139)   Other: 0.6ms
[703.138s][info][gc,heap       ] GC(139) Eden regions: 394->0(396)
[703.138s][info][gc,heap       ] GC(139) Survivor regions: 3->1(50)
[703.139s][info][gc,heap       ] GC(139) Old regions: 137->138
[703.139s][info][gc,heap       ] GC(139) Humongous regions: 6->6
[703.139s][info][gc,metaspace  ] GC(139) Metaspace: 189792K->189792K(1218560K)
[703.139s][info][gc            ] GC(139) Pause Young (Normal) (G1 Evacuation Pause) 1077M->289M(1324M) 8.252ms
[703.139s][info][gc,cpu        ] GC(139) User=0.03s Sys=0.00s Real=0.01s
[704.122s][info][gc,start      ] GC(140) Pause Young (Normal) (G1 Evacuation Pause)
[704.122s][info][gc,task       ] GC(140) Using 8 workers of 8 for evacuation
[704.128s][info][gc,phases     ] GC(140)   Pre Evacuate Collection Set: 0.0ms
[704.128s][info][gc,phases     ] GC(140)   Evacuate Collection Set: 3.6ms
[704.128s][info][gc,phases     ] GC(140)   Post Evacuate Collection Set: 2.1ms
[704.128s][info][gc,phases     ] GC(140)   Other: 0.6ms
[704.128s][info][gc,heap       ] GC(140) Eden regions: 396->0(395)
[704.129s][info][gc,heap       ] GC(140) Survivor regions: 1->2(50)
[704.129s][info][gc,heap       ] GC(140) Old regions: 138->139
[704.129s][info][gc,heap       ] GC(140) Humongous regions: 6->6
[704.129s][info][gc,metaspace  ] GC(140) Metaspace: 189792K->189792K(1218560K)
[704.129s][info][gc            ] GC(140) Pause Young (Normal) (G1 Evacuation Pause) 1081M->291M(1324M) 7.247ms
[704.129s][info][gc,cpu        ] GC(140) User=0.02s Sys=0.00s Real=0.01s
[705.044s][info][gc,start      ] GC(141) Pause Young (Normal) (GCLocker Initiated GC)
[705.044s][info][gc,task       ] GC(141) Using 8 workers of 8 for evacuation
[705.048s][info][gc,phases     ] GC(141)   Pre Evacuate Collection Set: 0.0ms
[705.048s][info][gc,phases     ] GC(141)   Evacuate Collection Set: 1.5ms
[705.048s][info][gc,phases     ] GC(141)   Post Evacuate Collection Set: 2.2ms
[705.048s][info][gc,phases     ] GC(141)   Other: 0.5ms
[705.048s][info][gc,heap       ] GC(141) Eden regions: 396->0(395)
[705.048s][info][gc,heap       ] GC(141) Survivor regions: 2->2(50)
[705.048s][info][gc,heap       ] GC(141) Old regions: 139->139
[705.049s][info][gc,heap       ] GC(141) Humongous regions: 6->6
[705.049s][info][gc,metaspace  ] GC(141) Metaspace: 189792K->189792K(1218560K)
[705.049s][info][gc            ] GC(141) Pause Young (Normal) (GCLocker Initiated GC) 1082M->291M(1324M) 5.253ms
[705.049s][info][gc,cpu        ] GC(141) User=0.02s Sys=0.00s Real=0.01s
[706.145s][info][gc,start      ] GC(142) Pause Young (Normal) (G1 Evacuation Pause)
[706.145s][info][gc,task       ] GC(142) Using 8 workers of 8 for evacuation
[706.149s][info][gc,phases     ] GC(142)   Pre Evacuate Collection Set: 0.0ms
[706.149s][info][gc,phases     ] GC(142)   Evacuate Collection Set: 1.5ms
[706.149s][info][gc,phases     ] GC(142)   Post Evacuate Collection Set: 2.1ms
[706.150s][info][gc,phases     ] GC(142)   Other: 0.7ms
[706.150s][info][gc,heap       ] GC(142) Eden regions: 395->0(396)
[706.150s][info][gc,heap       ] GC(142) Survivor regions: 2->1(50)
[706.150s][info][gc,heap       ] GC(142) Old regions: 139->139
[706.150s][info][gc,heap       ] GC(142) Humongous regions: 6->6
[706.150s][info][gc,metaspace  ] GC(142) Metaspace: 189792K->189792K(1218560K)
[706.150s][info][gc            ] GC(142) Pause Young (Normal) (G1 Evacuation Pause) 1081M->290M(1324M) 5.285ms
[706.150s][info][gc,cpu        ] GC(142) User=0.02s Sys=0.00s Real=0.01s
[707.312s][info][gc,start      ] GC(143) Pause Young (Normal) (GCLocker Initiated GC)
[707.312s][info][gc,task       ] GC(143) Using 8 workers of 8 for evacuation
[707.315s][info][gc,phases     ] GC(143)   Pre Evacuate Collection Set: 0.0ms
[707.316s][info][gc,phases     ] GC(143)   Evacuate Collection Set: 1.0ms
[707.316s][info][gc,phases     ] GC(143)   Post Evacuate Collection Set: 2.1ms
[707.316s][info][gc,phases     ] GC(143)   Other: 0.6ms
[707.316s][info][gc,heap       ] GC(143) Eden regions: 397->0(396)
[707.316s][info][gc,heap       ] GC(143) Survivor regions: 1->1(50)
[707.316s][info][gc,heap       ] GC(143) Old regions: 139->139
[707.316s][info][gc,heap       ] GC(143) Humongous regions: 6->6
[707.316s][info][gc,metaspace  ] GC(143) Metaspace: 189792K->189792K(1218560K)
[707.317s][info][gc            ] GC(143) Pause Young (Normal) (GCLocker Initiated GC) 1084M->290M(1324M) 4.736ms
[707.317s][info][gc,cpu        ] GC(143) User=0.01s Sys=0.00s Real=0.01s
[708.430s][info][gc,start      ] GC(144) Pause Young (Normal) (G1 Evacuation Pause)
[708.431s][info][gc,task       ] GC(144) Using 8 workers of 8 for evacuation
[708.434s][info][gc,phases     ] GC(144)   Pre Evacuate Collection Set: 0.0ms
[708.435s][info][gc,phases     ] GC(144)   Evacuate Collection Set: 1.2ms
[708.435s][info][gc,phases     ] GC(144)   Post Evacuate Collection Set: 2.3ms
[708.435s][info][gc,phases     ] GC(144)   Other: 0.5ms
[708.435s][info][gc,heap       ] GC(144) Eden regions: 396->0(396)
[708.435s][info][gc,heap       ] GC(144) Survivor regions: 1->1(50)
[708.435s][info][gc,heap       ] GC(144) Old regions: 139->139
[708.435s][info][gc,heap       ] GC(144) Humongous regions: 6->6
[708.435s][info][gc,metaspace  ] GC(144) Metaspace: 189792K->189792K(1218560K)
[708.436s][info][gc            ] GC(144) Pause Young (Normal) (G1 Evacuation Pause) 1082M->289M(1324M) 5.191ms
[708.436s][info][gc,cpu        ] GC(144) User=0.01s Sys=0.00s Real=0.00s
[709.502s][info][gc,start      ] GC(145) Pause Young (Normal) (G1 Evacuation Pause)
[709.502s][info][gc,task       ] GC(145) Using 8 workers of 8 for evacuation
[709.507s][info][gc,phases     ] GC(145)   Pre Evacuate Collection Set: 0.0ms
[709.507s][info][gc,phases     ] GC(145)   Evacuate Collection Set: 2.7ms
[709.508s][info][gc,phases     ] GC(145)   Post Evacuate Collection Set: 2.0ms
[709.508s][info][gc,phases     ] GC(145)   Other: 0.6ms
[709.508s][info][gc,heap       ] GC(145) Eden regions: 396->0(396)
[709.508s][info][gc,heap       ] GC(145) Survivor regions: 1->1(50)
[709.508s][info][gc,heap       ] GC(145) Old regions: 139->139
[709.508s][info][gc,heap       ] GC(145) Humongous regions: 14->6
[709.508s][info][gc,metaspace  ] GC(145) Metaspace: 189876K->189876K(1218560K)
[709.508s][info][gc            ] GC(145) Pause Young (Normal) (G1 Evacuation Pause) 1097M->290M(1324M) 6.457ms
[709.508s][info][gc,cpu        ] GC(145) User=0.01s Sys=0.00s Real=0.01s
[710.369s][info][gc,start      ] GC(146) Pause Young (Normal) (G1 Evacuation Pause)
[710.370s][info][gc,task       ] GC(146) Using 8 workers of 8 for evacuation
[710.373s][info][gc,phases     ] GC(146)   Pre Evacuate Collection Set: 0.0ms
[710.374s][info][gc,phases     ] GC(146)   Evacuate Collection Set: 1.5ms
[710.374s][info][gc,phases     ] GC(146)   Post Evacuate Collection Set: 2.0ms
[710.374s][info][gc,phases     ] GC(146)   Other: 0.6ms
[710.374s][info][gc,heap       ] GC(146) Eden regions: 396->0(396)
[710.374s][info][gc,heap       ] GC(146) Survivor regions: 1->1(50)
[710.374s][info][gc,heap       ] GC(146) Old regions: 139->139
[710.374s][info][gc,heap       ] GC(146) Humongous regions: 6->6
[710.374s][info][gc,metaspace  ] GC(146) Metaspace: 189878K->189878K(1218560K)
[710.375s][info][gc            ] GC(146) Pause Young (Normal) (G1 Evacuation Pause) 1082M->290M(1324M) 5.188ms
[710.375s][info][gc,cpu        ] GC(146) User=0.02s Sys=0.00s Real=0.00s
[711.329s][info][gc,start      ] GC(147) Pause Young (Normal) (G1 Evacuation Pause)
[711.329s][info][gc,task       ] GC(147) Using 8 workers of 8 for evacuation
[711.333s][info][gc,phases     ] GC(147)   Pre Evacuate Collection Set: 0.0ms
[711.334s][info][gc,phases     ] GC(147)   Evacuate Collection Set: 2.3ms
[711.334s][info][gc,phases     ] GC(147)   Post Evacuate Collection Set: 2.0ms
[711.334s][info][gc,phases     ] GC(147)   Other: 0.6ms
[711.334s][info][gc,heap       ] GC(147) Eden regions: 396->0(396)
[711.334s][info][gc,heap       ] GC(147) Survivor regions: 1->1(50)
[711.334s][info][gc,heap       ] GC(147) Old regions: 139->139
[711.334s][info][gc,heap       ] GC(147) Humongous regions: 6->6
[711.334s][info][gc,metaspace  ] GC(147) Metaspace: 189878K->189878K(1218560K)
[711.335s][info][gc            ] GC(147) Pause Young (Normal) (G1 Evacuation Pause) 1082M->290M(1324M) 5.922ms
[711.335s][info][gc,cpu        ] GC(147) User=0.02s Sys=0.01s Real=0.00s
[712.419s][info][gc,start      ] GC(148) Pause Young (Normal) (GCLocker Initiated GC)
[712.419s][info][gc,task       ] GC(148) Using 8 workers of 8 for evacuation
[712.425s][info][gc,phases     ] GC(148)   Pre Evacuate Collection Set: 0.0ms
[712.425s][info][gc,phases     ] GC(148)   Evacuate Collection Set: 2.3ms
[712.425s][info][gc,phases     ] GC(148)   Post Evacuate Collection Set: 3.0ms
[712.425s][info][gc,phases     ] GC(148)   Other: 0.7ms
[712.425s][info][gc,heap       ] GC(148) Eden regions: 399->0(396)
[712.425s][info][gc,heap       ] GC(148) Survivor regions: 1->1(50)
[712.426s][info][gc,heap       ] GC(148) Old regions: 139->139
[712.426s][info][gc,heap       ] GC(148) Humongous regions: 12->7
[712.426s][info][gc,metaspace  ] GC(148) Metaspace: 189899K->189899K(1218560K)
[712.426s][info][gc            ] GC(148) Pause Young (Normal) (GCLocker Initiated GC) 1098M->292M(1324M) 6.956ms
[712.426s][info][gc,cpu        ] GC(148) User=0.02s Sys=0.01s Real=0.00s
[713.805s][info][gc,start      ] GC(149) Pause Young (Normal) (G1 Evacuation Pause)
[713.805s][info][gc,task       ] GC(149) Using 8 workers of 8 for evacuation
[713.815s][info][gc,phases     ] GC(149)   Pre Evacuate Collection Set: 0.0ms
[713.816s][info][gc,phases     ] GC(149)   Evacuate Collection Set: 7.4ms
[713.816s][info][gc,phases     ] GC(149)   Post Evacuate Collection Set: 2.4ms
[713.816s][info][gc,phases     ] GC(149)   Other: 0.5ms
[713.816s][info][gc,heap       ] GC(149) Eden regions: 396->0(388)
[713.816s][info][gc,heap       ] GC(149) Survivor regions: 1->9(50)
[713.816s][info][gc,heap       ] GC(149) Old regions: 139->139
[713.816s][info][gc,heap       ] GC(149) Humongous regions: 8->6
[713.816s][info][gc,metaspace  ] GC(149) Metaspace: 189900K->189900K(1218560K)
[713.817s][info][gc            ] GC(149) Pause Young (Normal) (G1 Evacuation Pause) 1086M->306M(1324M) 11.366ms
[713.817s][info][gc,cpu        ] GC(149) User=0.06s Sys=0.00s Real=0.02s
[714.949s][info][gc,start      ] GC(150) Pause Young (Normal) (GCLocker Initiated GC)
[714.949s][info][gc,task       ] GC(150) Using 8 workers of 8 for evacuation
[714.956s][info][gc,phases     ] GC(150)   Pre Evacuate Collection Set: 0.0ms
[714.956s][info][gc,phases     ] GC(150)   Evacuate Collection Set: 4.6ms
[714.956s][info][gc,phases     ] GC(150)   Post Evacuate Collection Set: 2.5ms
[714.957s][info][gc,phases     ] GC(150)   Other: 0.4ms
[714.957s][info][gc,heap       ] GC(150) Eden regions: 389->0(392)
[714.957s][info][gc,heap       ] GC(150) Survivor regions: 9->5(50)
[714.957s][info][gc,heap       ] GC(150) Old regions: 139->139
[714.957s][info][gc,heap       ] GC(150) Humongous regions: 6->6
[714.957s][info][gc,metaspace  ] GC(150) Metaspace: 189901K->189901K(1218560K)
[714.957s][info][gc            ] GC(150) Pause Young (Normal) (GCLocker Initiated GC) 1084M->297M(1324M) 8.569ms
[714.957s][info][gc,cpu        ] GC(150) User=0.04s Sys=0.01s Real=0.01s
[715.649s][info][gc,start      ] GC(151) Pause Young (Normal) (G1 Evacuation Pause)
[715.650s][info][gc,task       ] GC(151) Using 8 workers of 8 for evacuation
[715.656s][info][gc,phases     ] GC(151)   Pre Evacuate Collection Set: 0.0ms
[715.656s][info][gc,phases     ] GC(151)   Evacuate Collection Set: 4.0ms
[715.656s][info][gc,phases     ] GC(151)   Post Evacuate Collection Set: 2.2ms
[715.656s][info][gc,phases     ] GC(151)   Other: 0.4ms
[715.657s][info][gc,heap       ] GC(151) Eden regions: 392->0(394)
[715.657s][info][gc,heap       ] GC(151) Survivor regions: 5->3(50)
[715.657s][info][gc,heap       ] GC(151) Old regions: 139->139
[715.657s][info][gc,heap       ] GC(151) Humongous regions: 7->6
[715.657s][info][gc,metaspace  ] GC(151) Metaspace: 189911K->189911K(1218560K)
[715.657s][info][gc            ] GC(151) Pause Young (Normal) (G1 Evacuation Pause) 1083M->295M(1324M) 7.686ms
[715.657s][info][gc,cpu        ] GC(151) User=0.03s Sys=0.01s Real=0.01s
[716.282s][info][gc,start      ] GC(152) Pause Young (Normal) (G1 Evacuation Pause)
[716.282s][info][gc,task       ] GC(152) Using 8 workers of 8 for evacuation
[716.287s][info][gc,phases     ] GC(152)   Pre Evacuate Collection Set: 0.0ms
[716.287s][info][gc,phases     ] GC(152)   Evacuate Collection Set: 1.4ms
[716.287s][info][gc,phases     ] GC(152)   Post Evacuate Collection Set: 2.4ms
[716.287s][info][gc,phases     ] GC(152)   Other: 0.7ms
[716.287s][info][gc,heap       ] GC(152) Eden regions: 394->0(396)
[716.287s][info][gc,heap       ] GC(152) Survivor regions: 3->1(50)
[716.287s][info][gc,heap       ] GC(152) Old regions: 139->139
[716.288s][info][gc,heap       ] GC(152) Humongous regions: 6->6
[716.288s][info][gc,metaspace  ] GC(152) Metaspace: 189918K->189918K(1218560K)
[716.288s][info][gc            ] GC(152) Pause Young (Normal) (G1 Evacuation Pause) 1083M->290M(1324M) 5.727ms
[716.288s][info][gc,cpu        ] GC(152) User=0.01s Sys=0.00s Real=0.01s
[716.987s][info][gc,start      ] GC(153) Pause Young (Normal) (G1 Evacuation Pause)
[716.987s][info][gc,task       ] GC(153) Using 8 workers of 8 for evacuation
[716.994s][info][gc,phases     ] GC(153)   Pre Evacuate Collection Set: 0.0ms
[716.994s][info][gc,phases     ] GC(153)   Evacuate Collection Set: 3.0ms
[716.995s][info][gc,phases     ] GC(153)   Post Evacuate Collection Set: 3.3ms
[716.995s][info][gc,phases     ] GC(153)   Other: 0.7ms
[716.995s][info][gc,heap       ] GC(153) Eden regions: 396->0(396)
[716.995s][info][gc,heap       ] GC(153) Survivor regions: 1->1(50)
[716.995s][info][gc,heap       ] GC(153) Old regions: 139->139
[716.995s][info][gc,heap       ] GC(153) Humongous regions: 6->6
[716.995s][info][gc,metaspace  ] GC(153) Metaspace: 189920K->189920K(1218560K)
[716.995s][info][gc            ] GC(153) Pause Young (Normal) (G1 Evacuation Pause) 1082M->290M(1324M) 8.166ms
[716.995s][info][gc,cpu        ] GC(153) User=0.02s Sys=0.00s Real=0.00s
[717.670s][info][gc,start      ] GC(154) Pause Young (Normal) (G1 Evacuation Pause)
[717.671s][info][gc,task       ] GC(154) Using 8 workers of 8 for evacuation
[717.675s][info][gc,phases     ] GC(154)   Pre Evacuate Collection Set: 0.0ms
[717.675s][info][gc,phases     ] GC(154)   Evacuate Collection Set: 2.1ms
[717.675s][info][gc,phases     ] GC(154)   Post Evacuate Collection Set: 2.0ms
[717.675s][info][gc,phases     ] GC(154)   Other: 0.6ms
[717.676s][info][gc,heap       ] GC(154) Eden regions: 396->0(396)
[717.676s][info][gc,heap       ] GC(154) Survivor regions: 1->1(50)
[717.676s][info][gc,heap       ] GC(154) Old regions: 139->139
[717.676s][info][gc,heap       ] GC(154) Humongous regions: 6->6
[717.676s][info][gc,metaspace  ] GC(154) Metaspace: 189935K->189935K(1218560K)
[717.676s][info][gc            ] GC(154) Pause Young (Normal) (G1 Evacuation Pause) 1082M->290M(1324M) 5.778ms
[717.676s][info][gc,cpu        ] GC(154) User=0.02s Sys=0.00s Real=0.00s
[718.535s][info][gc,start      ] GC(155) Pause Young (Normal) (G1 Evacuation Pause)
[718.536s][info][gc,task       ] GC(155) Using 8 workers of 8 for evacuation
[718.540s][info][gc,phases     ] GC(155)   Pre Evacuate Collection Set: 0.0ms
[718.540s][info][gc,phases     ] GC(155)   Evacuate Collection Set: 1.2ms
[718.540s][info][gc,phases     ] GC(155)   Post Evacuate Collection Set: 2.2ms
[718.540s][info][gc,phases     ] GC(155)   Other: 0.6ms
[718.540s][info][gc,heap       ] GC(155) Eden regions: 396->0(396)
[718.540s][info][gc,heap       ] GC(155) Survivor regions: 1->1(50)
[718.540s][info][gc,heap       ] GC(155) Old regions: 139->139
[718.540s][info][gc,heap       ] GC(155) Humongous regions: 6->6
[718.540s][info][gc,metaspace  ] GC(155) Metaspace: 189935K->189935K(1218560K)
[718.541s][info][gc            ] GC(155) Pause Young (Normal) (G1 Evacuation Pause) 1082M->290M(1324M) 5.115ms
[718.541s][info][gc,cpu        ] GC(155) User=0.01s Sys=0.00s Real=0.01s
[719.600s][info][gc,start      ] GC(156) Pause Young (Normal) (G1 Evacuation Pause)
[719.600s][info][gc,task       ] GC(156) Using 8 workers of 8 for evacuation
[719.604s][info][gc,phases     ] GC(156)   Pre Evacuate Collection Set: 0.0ms
[719.604s][info][gc,phases     ] GC(156)   Evacuate Collection Set: 1.1ms
[719.604s][info][gc,phases     ] GC(156)   Post Evacuate Collection Set: 2.3ms
[719.604s][info][gc,phases     ] GC(156)   Other: 0.5ms
[719.604s][info][gc,heap       ] GC(156) Eden regions: 396->0(396)
[719.604s][info][gc,heap       ] GC(156) Survivor regions: 1->1(50)
[719.605s][info][gc,heap       ] GC(156) Old regions: 139->139
[719.605s][info][gc,heap       ] GC(156) Humongous regions: 6->6
[719.605s][info][gc,metaspace  ] GC(156) Metaspace: 189935K->189935K(1218560K)
[719.605s][info][gc            ] GC(156) Pause Young (Normal) (G1 Evacuation Pause) 1082M->290M(1324M) 5.027ms
[719.605s][info][gc,cpu        ] GC(156) User=0.01s Sys=0.00s Real=0.00s
[720.574s][info][gc,start      ] GC(157) Pause Young (Normal) (G1 Evacuation Pause)
[720.575s][info][gc,task       ] GC(157) Using 8 workers of 8 for evacuation
[720.580s][info][gc,phases     ] GC(157)   Pre Evacuate Collection Set: 0.0ms
[720.580s][info][gc,phases     ] GC(157)   Evacuate Collection Set: 2.6ms
[720.580s][info][gc,phases     ] GC(157)   Post Evacuate Collection Set: 2.4ms
[720.581s][info][gc,phases     ] GC(157)   Other: 0.7ms
[720.581s][info][gc,heap       ] GC(157) Eden regions: 396->0(396)
[720.581s][info][gc,heap       ] GC(157) Survivor regions: 1->1(50)
[720.581s][info][gc,heap       ] GC(157) Old regions: 139->139
[720.581s][info][gc,heap       ] GC(157) Humongous regions: 6->6
[720.582s][info][gc,metaspace  ] GC(157) Metaspace: 189939K->189939K(1218560K)
[720.582s][info][gc            ] GC(157) Pause Young (Normal) (G1 Evacuation Pause) 1082M->290M(1324M) 7.589ms
[720.582s][info][gc,cpu        ] GC(157) User=0.03s Sys=0.00s Real=0.01s
[721.507s][info][gc,start      ] GC(158) Pause Young (Normal) (G1 Evacuation Pause)
[721.507s][info][gc,task       ] GC(158) Using 8 workers of 8 for evacuation
[721.514s][info][gc,phases     ] GC(158)   Pre Evacuate Collection Set: 0.0ms
[721.515s][info][gc,phases     ] GC(158)   Evacuate Collection Set: 5.2ms
[721.515s][info][gc,phases     ] GC(158)   Post Evacuate Collection Set: 2.1ms
[721.515s][info][gc,phases     ] GC(158)   Other: 0.5ms
[721.515s][info][gc,heap       ] GC(158) Eden regions: 396->0(392)
[721.515s][info][gc,heap       ] GC(158) Survivor regions: 1->5(50)
[721.515s][info][gc,heap       ] GC(158) Old regions: 139->139
[721.515s][info][gc,heap       ] GC(158) Humongous regions: 6->6
[721.515s][info][gc,metaspace  ] GC(158) Metaspace: 189944K->189944K(1218560K)
[721.516s][info][gc            ] GC(158) Pause Young (Normal) (G1 Evacuation Pause) 1082M->298M(1324M) 8.892ms
[721.516s][info][gc,cpu        ] GC(158) User=0.03s Sys=0.01s Real=0.00s
[722.494s][info][gc,start      ] GC(159) Pause Young (Normal) (G1 Evacuation Pause)
[722.494s][info][gc,task       ] GC(159) Using 8 workers of 8 for evacuation
[722.499s][info][gc,phases     ] GC(159)   Pre Evacuate Collection Set: 0.0ms
[722.499s][info][gc,phases     ] GC(159)   Evacuate Collection Set: 1.9ms
[722.500s][info][gc,phases     ] GC(159)   Post Evacuate Collection Set: 2.9ms
[722.500s][info][gc,phases     ] GC(159)   Other: 0.6ms
[722.500s][info][gc,heap       ] GC(159) Eden regions: 392->0(396)
[722.500s][info][gc,heap       ] GC(159) Survivor regions: 5->1(50)
[722.500s][info][gc,heap       ] GC(159) Old regions: 139->139
[722.500s][info][gc,heap       ] GC(159) Humongous regions: 6->6
[722.500s][info][gc,metaspace  ] GC(159) Metaspace: 189961K->189961K(1218560K)
[722.500s][info][gc            ] GC(159) Pause Young (Normal) (G1 Evacuation Pause) 1082M->290M(1324M) 6.432ms
[722.500s][info][gc,cpu        ] GC(159) User=0.02s Sys=0.00s Real=0.01s
[723.592s][info][gc,start      ] GC(160) Pause Young (Normal) (G1 Evacuation Pause)
[723.592s][info][gc,task       ] GC(160) Using 8 workers of 8 for evacuation
[723.595s][info][gc,phases     ] GC(160)   Pre Evacuate Collection Set: 0.0ms
[723.596s][info][gc,phases     ] GC(160)   Evacuate Collection Set: 1.0ms
[723.596s][info][gc,phases     ] GC(160)   Post Evacuate Collection Set: 2.0ms
[723.596s][info][gc,phases     ] GC(160)   Other: 0.4ms
[723.596s][info][gc,heap       ] GC(160) Eden regions: 396->0(396)
[723.596s][info][gc,heap       ] GC(160) Survivor regions: 1->1(50)
[723.596s][info][gc,heap       ] GC(160) Old regions: 139->139
[723.596s][info][gc,heap       ] GC(160) Humongous regions: 6->6
[723.596s][info][gc,metaspace  ] GC(160) Metaspace: 189972K->189972K(1218560K)
[723.596s][info][gc            ] GC(160) Pause Young (Normal) (G1 Evacuation Pause) 1082M->290M(1324M) 4.562ms
[723.597s][info][gc,cpu        ] GC(160) User=0.01s Sys=0.00s Real=0.01s
[724.539s][info][gc,start      ] GC(161) Pause Young (Normal) (G1 Evacuation Pause)
[724.539s][info][gc,task       ] GC(161) Using 8 workers of 8 for evacuation
[724.544s][info][gc,phases     ] GC(161)   Pre Evacuate Collection Set: 0.0ms
[724.544s][info][gc,phases     ] GC(161)   Evacuate Collection Set: 1.3ms
[724.544s][info][gc,phases     ] GC(161)   Post Evacuate Collection Set: 3.3ms
[724.544s][info][gc,phases     ] GC(161)   Other: 0.6ms
[724.544s][info][gc,heap       ] GC(161) Eden regions: 396->0(396)
[724.544s][info][gc,heap       ] GC(161) Survivor regions: 1->1(50)
[724.545s][info][gc,heap       ] GC(161) Old regions: 139->139
[724.545s][info][gc,heap       ] GC(161) Humongous regions: 6->6
[724.545s][info][gc,metaspace  ] GC(161) Metaspace: 189972K->189972K(1218560K)
[724.545s][info][gc            ] GC(161) Pause Young (Normal) (G1 Evacuation Pause) 1082M->291M(1324M) 6.377ms
[724.545s][info][gc,cpu        ] GC(161) User=0.02s Sys=0.00s Real=0.00s
[725.451s][info][gc,start      ] GC(162) Pause Young (Normal) (G1 Evacuation Pause)
[725.451s][info][gc,task       ] GC(162) Using 8 workers of 8 for evacuation
[725.457s][info][gc,phases     ] GC(162)   Pre Evacuate Collection Set: 0.0ms
[725.457s][info][gc,phases     ] GC(162)   Evacuate Collection Set: 3.3ms
[725.457s][info][gc,phases     ] GC(162)   Post Evacuate Collection Set: 1.8ms
[725.457s][info][gc,phases     ] GC(162)   Other: 0.6ms
[725.457s][info][gc,heap       ] GC(162) Eden regions: 396->0(396)
[725.457s][info][gc,heap       ] GC(162) Survivor regions: 1->1(50)
[725.457s][info][gc,heap       ] GC(162) Old regions: 139->139
[725.458s][info][gc,heap       ] GC(162) Humongous regions: 6->6
[725.458s][info][gc,metaspace  ] GC(162) Metaspace: 189994K->189994K(1218560K)
[725.458s][info][gc            ] GC(162) Pause Young (Normal) (G1 Evacuation Pause) 1083M->290M(1324M) 6.706ms
[725.458s][info][gc,cpu        ] GC(162) User=0.01s Sys=0.01s Real=0.01s
[726.321s][info][gc,start      ] GC(163) Pause Young (Normal) (G1 Evacuation Pause)
[726.321s][info][gc,task       ] GC(163) Using 8 workers of 8 for evacuation
[726.338s][info][gc,phases     ] GC(163)   Pre Evacuate Collection Set: 0.0ms
[726.338s][info][gc,phases     ] GC(163)   Evacuate Collection Set: 8.7ms
[726.338s][info][gc,phases     ] GC(163)   Post Evacuate Collection Set: 7.2ms
[726.338s][info][gc,phases     ] GC(163)   Other: 0.5ms
[726.338s][info][gc,heap       ] GC(163) Eden regions: 396->0(390)
[726.338s][info][gc,heap       ] GC(163) Survivor regions: 1->7(50)
[726.339s][info][gc,heap       ] GC(163) Old regions: 139->140
[726.339s][info][gc,heap       ] GC(163) Humongous regions: 6->6
[726.339s][info][gc,metaspace  ] GC(163) Metaspace: 190012K->190012K(1218560K)
[726.339s][info][gc            ] GC(163) Pause Young (Normal) (G1 Evacuation Pause) 1082M->302M(1324M) 17.596ms
[726.339s][info][gc,cpu        ] GC(163) User=0.09s Sys=0.00s Real=0.02s
[727.115s][info][gc,start      ] GC(164) Pause Young (Normal) (G1 Evacuation Pause)
[727.116s][info][gc,task       ] GC(164) Using 8 workers of 8 for evacuation
[727.129s][info][gc,phases     ] GC(164)   Pre Evacuate Collection Set: 0.0ms
[727.129s][info][gc,phases     ] GC(164)   Evacuate Collection Set: 10.2ms
[727.129s][info][gc,phases     ] GC(164)   Post Evacuate Collection Set: 3.1ms
[727.130s][info][gc,phases     ] GC(164)   Other: 0.6ms
[727.130s][info][gc,heap       ] GC(164) Eden regions: 390->0(389)
[727.130s][info][gc,heap       ] GC(164) Survivor regions: 7->8(50)
[727.130s][info][gc,heap       ] GC(164) Old regions: 140->140
[727.130s][info][gc,heap       ] GC(164) Humongous regions: 6->6
[727.130s][info][gc,metaspace  ] GC(164) Metaspace: 190012K->190012K(1218560K)
[727.130s][info][gc            ] GC(164) Pause Young (Normal) (G1 Evacuation Pause) 1082M->306M(1324M) 14.860ms
[727.130s][info][gc,cpu        ] GC(164) User=0.08s Sys=0.01s Real=0.02s
[727.879s][info][gc,start      ] GC(165) Pause Young (Normal) (G1 Evacuation Pause)
[727.880s][info][gc,task       ] GC(165) Using 8 workers of 8 for evacuation
[727.883s][info][gc,phases     ] GC(165)   Pre Evacuate Collection Set: 0.0ms
[727.883s][info][gc,phases     ] GC(165)   Evacuate Collection Set: 1.0ms
[727.883s][info][gc,phases     ] GC(165)   Post Evacuate Collection Set: 2.1ms
[727.883s][info][gc,phases     ] GC(165)   Other: 0.4ms
[727.883s][info][gc,heap       ] GC(165) Eden regions: 389->0(396)
[727.884s][info][gc,heap       ] GC(165) Survivor regions: 8->1(50)
[727.884s][info][gc,heap       ] GC(165) Old regions: 140->140
[727.884s][info][gc,heap       ] GC(165) Humongous regions: 6->6
[727.884s][info][gc,metaspace  ] GC(165) Metaspace: 190013K->190013K(1218560K)
[727.884s][info][gc            ] GC(165) Pause Young (Normal) (G1 Evacuation Pause) 1084M->292M(1324M) 4.580ms
[727.884s][info][gc,cpu        ] GC(165) User=0.01s Sys=0.00s Real=0.00s
[728.975s][info][gc,start      ] GC(166) Pause Young (Normal) (G1 Evacuation Pause)
[728.976s][info][gc,task       ] GC(166) Using 8 workers of 8 for evacuation
[728.980s][info][gc,phases     ] GC(166)   Pre Evacuate Collection Set: 0.0ms
[728.980s][info][gc,phases     ] GC(166)   Evacuate Collection Set: 1.9ms
[728.980s][info][gc,phases     ] GC(166)   Post Evacuate Collection Set: 1.8ms
[728.980s][info][gc,phases     ] GC(166)   Other: 0.6ms
[728.980s][info][gc,heap       ] GC(166) Eden regions: 396->0(396)
[728.980s][info][gc,heap       ] GC(166) Survivor regions: 1->1(50)
[728.980s][info][gc,heap       ] GC(166) Old regions: 140->140
[728.981s][info][gc,heap       ] GC(166) Humongous regions: 6->6
[728.981s][info][gc,metaspace  ] GC(166) Metaspace: 190013K->190013K(1218560K)
[728.981s][info][gc            ] GC(166) Pause Young (Normal) (G1 Evacuation Pause) 1084M->290M(1324M) 5.365ms
[728.981s][info][gc,cpu        ] GC(166) User=0.02s Sys=0.00s Real=0.01s
[730.056s][info][gc,start      ] GC(167) Pause Young (Normal) (G1 Evacuation Pause)
[730.056s][info][gc,task       ] GC(167) Using 8 workers of 8 for evacuation
[730.062s][info][gc,phases     ] GC(167)   Pre Evacuate Collection Set: 0.0ms
[730.062s][info][gc,phases     ] GC(167)   Evacuate Collection Set: 3.2ms
[730.062s][info][gc,phases     ] GC(167)   Post Evacuate Collection Set: 2.0ms
[730.062s][info][gc,phases     ] GC(167)   Other: 0.7ms
[730.062s][info][gc,heap       ] GC(167) Eden regions: 396->0(396)
[730.062s][info][gc,heap       ] GC(167) Survivor regions: 1->1(50)
[730.063s][info][gc,heap       ] GC(167) Old regions: 140->140
[730.063s][info][gc,heap       ] GC(167) Humongous regions: 6->6
[730.063s][info][gc,metaspace  ] GC(167) Metaspace: 190096K->190096K(1218560K)
[730.063s][info][gc            ] GC(167) Pause Young (Normal) (G1 Evacuation Pause) 1082M->291M(1324M) 6.990ms
[730.063s][info][gc,cpu        ] GC(167) User=0.03s Sys=0.00s Real=0.01s
[730.966s][info][gc,start      ] GC(168) Pause Young (Normal) (G1 Evacuation Pause)
[730.967s][info][gc,task       ] GC(168) Using 8 workers of 8 for evacuation
[730.970s][info][gc,phases     ] GC(168)   Pre Evacuate Collection Set: 0.0ms
[730.970s][info][gc,phases     ] GC(168)   Evacuate Collection Set: 1.1ms
[730.970s][info][gc,phases     ] GC(168)   Post Evacuate Collection Set: 2.2ms
[730.971s][info][gc,phases     ] GC(168)   Other: 0.5ms
[730.971s][info][gc,heap       ] GC(168) Eden regions: 396->0(396)
[730.971s][info][gc,heap       ] GC(168) Survivor regions: 1->1(50)
[730.971s][info][gc,heap       ] GC(168) Old regions: 140->140
[730.971s][info][gc,heap       ] GC(168) Humongous regions: 6->6
[730.971s][info][gc,metaspace  ] GC(168) Metaspace: 190118K->190118K(1218560K)
[730.971s][info][gc            ] GC(168) Pause Young (Normal) (G1 Evacuation Pause) 1083M->290M(1324M) 5.073ms
[730.971s][info][gc,cpu        ] GC(168) User=0.01s Sys=0.00s Real=0.01s
[731.881s][info][gc,start      ] GC(169) Pause Young (Normal) (G1 Evacuation Pause)
[731.881s][info][gc,task       ] GC(169) Using 8 workers of 8 for evacuation
[731.886s][info][gc,phases     ] GC(169)   Pre Evacuate Collection Set: 0.0ms
[731.887s][info][gc,phases     ] GC(169)   Evacuate Collection Set: 2.0ms
[731.887s][info][gc,phases     ] GC(169)   Post Evacuate Collection Set: 2.4ms
[731.888s][info][gc,phases     ] GC(169)   Other: 0.6ms
[731.888s][info][gc,heap       ] GC(169) Eden regions: 396->0(396)
[731.888s][info][gc,heap       ] GC(169) Survivor regions: 1->1(50)
[731.888s][info][gc,heap       ] GC(169) Old regions: 140->140
[731.889s][info][gc,heap       ] GC(169) Humongous regions: 6->6
[731.889s][info][gc,metaspace  ] GC(169) Metaspace: 190119K->190119K(1218560K)
[731.889s][info][gc            ] GC(169) Pause Young (Normal) (G1 Evacuation Pause) 1082M->291M(1324M) 7.921ms
[731.889s][info][gc,cpu        ] GC(169) User=0.01s Sys=0.00s Real=0.01s
[732.874s][info][gc,start      ] GC(170) Pause Young (Normal) (G1 Evacuation Pause)
[732.875s][info][gc,task       ] GC(170) Using 8 workers of 8 for evacuation
[732.880s][info][gc,phases     ] GC(170)   Pre Evacuate Collection Set: 0.0ms
[732.880s][info][gc,phases     ] GC(170)   Evacuate Collection Set: 2.2ms
[732.880s][info][gc,phases     ] GC(170)   Post Evacuate Collection Set: 2.6ms
[732.880s][info][gc,phases     ] GC(170)   Other: 0.7ms
[732.880s][info][gc,heap       ] GC(170) Eden regions: 396->0(396)
[732.881s][info][gc,heap       ] GC(170) Survivor regions: 1->1(50)
[732.881s][info][gc,heap       ] GC(170) Old regions: 140->140
[732.881s][info][gc,heap       ] GC(170) Humongous regions: 6->6
[732.881s][info][gc,metaspace  ] GC(170) Metaspace: 190119K->190119K(1218560K)
[732.881s][info][gc            ] GC(170) Pause Young (Normal) (G1 Evacuation Pause) 1083M->291M(1324M) 6.528ms
[732.881s][info][gc,cpu        ] GC(170) User=0.02s Sys=0.00s Real=0.01s
[733.734s][info][gc,start      ] GC(171) Pause Young (Normal) (G1 Evacuation Pause)
[733.734s][info][gc,task       ] GC(171) Using 8 workers of 8 for evacuation
[733.739s][info][gc,phases     ] GC(171)   Pre Evacuate Collection Set: 0.0ms
[733.739s][info][gc,phases     ] GC(171)   Evacuate Collection Set: 1.9ms
[733.739s][info][gc,phases     ] GC(171)   Post Evacuate Collection Set: 2.0ms
[733.739s][info][gc,phases     ] GC(171)   Other: 0.5ms
[733.739s][info][gc,heap       ] GC(171) Eden regions: 396->0(396)
[733.739s][info][gc,heap       ] GC(171) Survivor regions: 1->1(50)
[733.739s][info][gc,heap       ] GC(171) Old regions: 140->140
[733.740s][info][gc,heap       ] GC(171) Humongous regions: 6->6
[733.740s][info][gc,metaspace  ] GC(171) Metaspace: 190119K->190119K(1218560K)
[733.740s][info][gc            ] GC(171) Pause Young (Normal) (G1 Evacuation Pause) 1083M->292M(1324M) 5.486ms
[733.740s][info][gc,cpu        ] GC(171) User=0.02s Sys=0.00s Real=0.01s
[734.483s][info][gc,start      ] GC(172) Pause Young (Normal) (G1 Evacuation Pause)
[734.483s][info][gc,task       ] GC(172) Using 8 workers of 8 for evacuation
[734.488s][info][gc,phases     ] GC(172)   Pre Evacuate Collection Set: 0.0ms
[734.488s][info][gc,phases     ] GC(172)   Evacuate Collection Set: 2.4ms
[734.488s][info][gc,phases     ] GC(172)   Post Evacuate Collection Set: 2.0ms
[734.488s][info][gc,phases     ] GC(172)   Other: 0.6ms
[734.489s][info][gc,heap       ] GC(172) Eden regions: 396->0(396)
[734.489s][info][gc,heap       ] GC(172) Survivor regions: 1->1(50)
[734.489s][info][gc,heap       ] GC(172) Old regions: 140->140
[734.489s][info][gc,heap       ] GC(172) Humongous regions: 6->6
[734.489s][info][gc,metaspace  ] GC(172) Metaspace: 190132K->190132K(1218560K)
[734.489s][info][gc            ] GC(172) Pause Young (Normal) (G1 Evacuation Pause) 1084M->290M(1324M) 6.061ms
[734.489s][info][gc,cpu        ] GC(172) User=0.02s Sys=0.00s Real=0.01s
[735.370s][info][gc,start      ] GC(173) Pause Young (Normal) (G1 Evacuation Pause)
[735.370s][info][gc,task       ] GC(173) Using 8 workers of 8 for evacuation
[735.374s][info][gc,phases     ] GC(173)   Pre Evacuate Collection Set: 0.0ms
[735.374s][info][gc,phases     ] GC(173)   Evacuate Collection Set: 2.2ms
[735.374s][info][gc,phases     ] GC(173)   Post Evacuate Collection Set: 1.9ms
[735.375s][info][gc,phases     ] GC(173)   Other: 0.6ms
[735.375s][info][gc,heap       ] GC(173) Eden regions: 396->0(396)
[735.375s][info][gc,heap       ] GC(173) Survivor regions: 1->1(50)
[735.375s][info][gc,heap       ] GC(173) Old regions: 140->140
[735.375s][info][gc,heap       ] GC(173) Humongous regions: 6->6
[735.375s][info][gc,metaspace  ] GC(173) Metaspace: 190132K->190132K(1218560K)
[735.375s][info][gc            ] GC(173) Pause Young (Normal) (G1 Evacuation Pause) 1082M->290M(1324M) 5.610ms
[735.375s][info][gc,cpu        ] GC(173) User=0.01s Sys=0.01s Real=0.00s
[736.259s][info][gc,start      ] GC(174) Pause Young (Normal) (G1 Evacuation Pause)
[736.259s][info][gc,task       ] GC(174) Using 8 workers of 8 for evacuation
[736.262s][info][gc,phases     ] GC(174)   Pre Evacuate Collection Set: 0.0ms
[736.263s][info][gc,phases     ] GC(174)   Evacuate Collection Set: 1.1ms
[736.263s][info][gc,phases     ] GC(174)   Post Evacuate Collection Set: 2.1ms
[736.263s][info][gc,phases     ] GC(174)   Other: 0.6ms
[736.263s][info][gc,heap       ] GC(174) Eden regions: 396->0(396)
[736.263s][info][gc,heap       ] GC(174) Survivor regions: 1->1(50)
[736.263s][info][gc,heap       ] GC(174) Old regions: 140->140
[736.263s][info][gc,heap       ] GC(174) Humongous regions: 6->6
[736.263s][info][gc,metaspace  ] GC(174) Metaspace: 190132K->190132K(1218560K)
[736.263s][info][gc            ] GC(174) Pause Young (Normal) (G1 Evacuation Pause) 1082M->290M(1324M) 4.903ms
[736.264s][info][gc,cpu        ] GC(174) User=0.01s Sys=0.00s Real=0.00s
[737.149s][info][gc,start      ] GC(175) Pause Young (Normal) (G1 Evacuation Pause)
[737.149s][info][gc,task       ] GC(175) Using 8 workers of 8 for evacuation
[737.153s][info][gc,phases     ] GC(175)   Pre Evacuate Collection Set: 0.0ms
[737.153s][info][gc,phases     ] GC(175)   Evacuate Collection Set: 1.1ms
[737.153s][info][gc,phases     ] GC(175)   Post Evacuate Collection Set: 2.1ms
[737.153s][info][gc,phases     ] GC(175)   Other: 0.5ms
[737.153s][info][gc,heap       ] GC(175) Eden regions: 396->0(396)
[737.153s][info][gc,heap       ] GC(175) Survivor regions: 1->1(50)
[737.154s][info][gc,heap       ] GC(175) Old regions: 140->140
[737.154s][info][gc,heap       ] GC(175) Humongous regions: 6->6
[737.154s][info][gc,metaspace  ] GC(175) Metaspace: 190132K->190132K(1218560K)
[737.154s][info][gc            ] GC(175) Pause Young (Normal) (G1 Evacuation Pause) 1082M->290M(1324M) 5.288ms
[737.154s][info][gc,cpu        ] GC(175) User=0.01s Sys=0.00s Real=0.00s
[738.836s][info][gc,start      ] GC(176) Pause Young (Normal) (G1 Evacuation Pause)
[738.836s][info][gc,task       ] GC(176) Using 8 workers of 8 for evacuation
[738.846s][info][gc,phases     ] GC(176)   Pre Evacuate Collection Set: 0.0ms
[738.846s][info][gc,phases     ] GC(176)   Evacuate Collection Set: 5.7ms
[738.846s][info][gc,phases     ] GC(176)   Post Evacuate Collection Set: 3.4ms
[738.846s][info][gc,phases     ] GC(176)   Other: 0.9ms
[738.847s][info][gc,heap       ] GC(176) Eden regions: 396->0(396)
[738.847s][info][gc,heap       ] GC(176) Survivor regions: 1->1(50)
[738.847s][info][gc,heap       ] GC(176) Old regions: 140->140
[738.847s][info][gc,heap       ] GC(176) Humongous regions: 6->6
[738.847s][info][gc,metaspace  ] GC(176) Metaspace: 192953K->192953K(1220608K)
[738.847s][info][gc            ] GC(176) Pause Young (Normal) (G1 Evacuation Pause) 1082M->292M(1324M) 11.332ms
[738.847s][info][gc,cpu        ] GC(176) User=0.06s Sys=0.00s Real=0.02s
[742.248s][info][gc,heap,exit  ] Heap
[742.248s][info][gc,heap,exit  ]  garbage-first heap   total 1355776K, used 692648K [0x00000004f1c00000, 0x0000000800000000)
[742.249s][info][gc,heap,exit  ]   region size 2048K, 183 young (374784K), 1 survivors (2048K)
[742.249s][info][gc,heap,exit  ]  Metaspace       used 196494K, capacity 202514K, committed 202696K, reserved 1224704K
[742.249s][info][gc,heap,exit  ]   class space    used 25025K, capacity 27486K, committed 27592K, reserved 1048576K
